Archive member included to satisfy reference by file (symbol)

/home/jpatel/freertos-pc/lpc_board_nxp_lpcxpresso_1769/Debug/liblpc_board_nxp_lpcxpresso_1769.a(board.o)
                              ./freertos/src/FreeRTOSCommonHooks.o (Board_UARTPutSTR)
/home/jpatel/freertos-pc/lpc_board_nxp_lpcxpresso_1769/Debug/liblpc_board_nxp_lpcxpresso_1769.a(board_sysinit.o)
                              ./example/src/sysinit2.o (Board_SystemInit)
/home/jpatel/freertos-pc/lpc_chip_175x_6x/Debug/liblpc_chip_175x_6x.a(chip_17xx_40xx.o)
                              ./freertos/src/port.o (SystemCoreClock)
/home/jpatel/freertos-pc/lpc_chip_175x_6x/Debug/liblpc_chip_175x_6x.a(clock_17xx_40xx.o)
                              /home/jpatel/freertos-pc/lpc_chip_175x_6x/Debug/liblpc_chip_175x_6x.a(chip_17xx_40xx.o) (Chip_Clock_EnablePLL)
/home/jpatel/freertos-pc/lpc_chip_175x_6x/Debug/liblpc_chip_175x_6x.a(i2s_17xx_40xx.o)
                              /home/jpatel/freertos-pc/lpc_board_nxp_lpcxpresso_1769/Debug/liblpc_board_nxp_lpcxpresso_1769.a(board.o) (Chip_I2S_Init)
/home/jpatel/freertos-pc/lpc_chip_175x_6x/Debug/liblpc_chip_175x_6x.a(iocon_17xx_40xx.o)
                              /home/jpatel/freertos-pc/lpc_board_nxp_lpcxpresso_1769/Debug/liblpc_board_nxp_lpcxpresso_1769.a(board.o) (Chip_IOCON_PinMux)
/home/jpatel/freertos-pc/lpc_chip_175x_6x/Debug/liblpc_chip_175x_6x.a(sysinit_17xx_40xx.o)
                              /home/jpatel/freertos-pc/lpc_board_nxp_lpcxpresso_1769/Debug/liblpc_board_nxp_lpcxpresso_1769.a(board_sysinit.o) (Chip_SetupXtalClocking)
/home/jpatel/freertos-pc/lpc_chip_175x_6x/Debug/liblpc_chip_175x_6x.a(uart_17xx_40xx.o)
                              /home/jpatel/freertos-pc/lpc_board_nxp_lpcxpresso_1769/Debug/liblpc_board_nxp_lpcxpresso_1769.a(board.o) (Chip_UART_Init)
/home/jpatel/freertos-pc/lpc_chip_175x_6x/Debug/liblpc_chip_175x_6x.a(ring_buffer.o)
                              /home/jpatel/freertos-pc/lpc_chip_175x_6x/Debug/liblpc_chip_175x_6x.a(uart_17xx_40xx.o) (RingBuffer_Insert)
/usr/local/mcuxpressoide-10.3.1_2233/ide/plugins/com.nxp.mcuxpresso.tools.linux_10.3.0.201811011841/tools/bin/../lib/gcc/arm-none-eabi/7.3.1/../../../../arm-none-eabi/lib/thumb/v7-m/libcr_semihost.a(_cr__main.o)
                              ./example/src/cr_startup_lpc175x_6x.o (__main)
/usr/local/mcuxpressoide-10.3.1_2233/ide/plugins/com.nxp.mcuxpresso.tools.linux_10.3.0.201811011841/tools/bin/../lib/gcc/arm-none-eabi/7.3.1/../../../../arm-none-eabi/lib/thumb/v7-m/libcr_c.a(memcpy.o)
                              ./freertos/src/queue.o (memcpy)
/usr/local/mcuxpressoide-10.3.1_2233/ide/plugins/com.nxp.mcuxpresso.tools.linux_10.3.0.201811011841/tools/bin/../lib/gcc/arm-none-eabi/7.3.1/../../../../arm-none-eabi/lib/thumb/v7-m/libcr_c.a(memset.o)
                              ./freertos/src/tasks.o (memset)
/usr/local/mcuxpressoide-10.3.1_2233/ide/plugins/com.nxp.mcuxpresso.tools.linux_10.3.0.201811011841/tools/bin/../lib/gcc/arm-none-eabi/7.3.1/../../../../arm-none-eabi/lib/thumb/v7-m/libcr_c.a(alloc.o)
                              ./freertos/src/heap_3.o (malloc)
/usr/local/mcuxpressoide-10.3.1_2233/ide/plugins/com.nxp.mcuxpresso.tools.linux_10.3.0.201811011841/tools/bin/../lib/gcc/arm-none-eabi/7.3.1/../../../../arm-none-eabi/lib/thumb/v7-m/libcr_c.a(cr_time.o)
                              ./example/src/xQ.o (time)
/usr/local/mcuxpressoide-10.3.1_2233/ide/plugins/com.nxp.mcuxpresso.tools.linux_10.3.0.201811011841/tools/bin/../lib/gcc/arm-none-eabi/7.3.1/../../../../arm-none-eabi/lib/thumb/v7-m/libcr_c.a(fpprintf.o)
                              ./freertos/src/FreeRTOSCommonHooks.o (printf)
/usr/local/mcuxpressoide-10.3.1_2233/ide/plugins/com.nxp.mcuxpresso.tools.linux_10.3.0.201811011841/tools/bin/../lib/gcc/arm-none-eabi/7.3.1/../../../../arm-none-eabi/lib/thumb/v7-m/libcr_c.a(initio.o)
                              /usr/local/mcuxpressoide-10.3.1_2233/ide/plugins/com.nxp.mcuxpresso.tools.linux_10.3.0.201811011841/tools/bin/../lib/gcc/arm-none-eabi/7.3.1/../../../../arm-none-eabi/lib/thumb/v7-m/libcr_semihost.a(_cr__main.o) (_initio)
/usr/local/mcuxpressoide-10.3.1_2233/ide/plugins/com.nxp.mcuxpresso.tools.linux_10.3.0.201811011841/tools/bin/../lib/gcc/arm-none-eabi/7.3.1/../../../../arm-none-eabi/lib/thumb/v7-m/libcr_c.a(printf.o)
                              /usr/local/mcuxpressoide-10.3.1_2233/ide/plugins/com.nxp.mcuxpresso.tools.linux_10.3.0.201811011841/tools/bin/../lib/gcc/arm-none-eabi/7.3.1/../../../../arm-none-eabi/lib/thumb/v7-m/libcr_c.a(fpprintf.o) (__vfprintf)
/usr/local/mcuxpressoide-10.3.1_2233/ide/plugins/com.nxp.mcuxpresso.tools.linux_10.3.0.201811011841/tools/bin/../lib/gcc/arm-none-eabi/7.3.1/../../../../arm-none-eabi/lib/thumb/v7-m/libcr_c.a(setvbuf.o)
[...]
Memory Configuration

Name             Origin             Length             Attributes
MFlash512        0x0000000000000000 0x0000000000080000 xr
RamLoc32         0x0000000010000000 0x0000000000008000 xrw
RamAHB32         0x000000002007c000 0x0000000000008000 xrw
*default*        0x0000000000000000 0xffffffffffffffff

Linker script and memory map

LOAD ./freertos/src/FreeRTOSCommonHooks.o
LOAD ./freertos/src/heap_3.o
LOAD ./freertos/src/list.o
LOAD ./freertos/src/port.o
LOAD ./freertos/src/queue.o
LOAD ./freertos/src/tasks.o
LOAD ./example/src/cr_startup_lpc175x_6x.o
LOAD ./example/src/sysinit2.o
LOAD ./example/src/xQ.o
LOAD /home/jpatel/freertos-pc/lpc_board_nxp_lpcxpresso_1769/Debug/liblpc_board_nxp_lpcxpresso_1769.a
LOAD /home/jpatel/freertos-pc/lpc_chip_175x_6x/Debug/liblpc_chip_175x_6x.a
START GROUP
LOAD /usr/local/mcuxpressoide-10.3.1_2233/ide/plugins/com.nxp.mcuxpresso.tools.linux_10.3.0.201811011841/tools/bin/../lib/gcc/arm-none-eabi/7.3.1/../../../../arm-none-eabi/lib/thumb/v7-m/libcr_semihost.a
LOAD /usr/local/mcuxpressoide-10.3.1_2233/ide/plugins/com.nxp.mcuxpresso.tools.linux_10.3.0.201811011841/tools/bin/../lib/gcc/arm-none-eabi/7.3.1/../../../../arm-none-eabi/lib/thumb/v7-m/libcr_c.a
LOAD /usr/local/mcuxpressoide-10.3.1_2233/ide/plugins/com.nxp.mcuxpresso.tools.linux_10.3.0.201811011841/tools/bin/../lib/gcc/arm-none-eabi/7.3.1/thumb/v7-m/libcr_eabihelpers.a
LOAD /usr/local/mcuxpressoide-10.3.1_2233/ide/plugins/com.nxp.mcuxpresso.tools.linux_10.3.0.201811011841/tools/bin/../lib/gcc/arm-none-eabi/7.3.1/thumb/v7-m/libgcc.a
END GROUP
                0x0000000000000000                __base_MFlash512 = 0x0
                0x0000000000000000                __base_Flash = 0x0
                0x0000000000080000                __top_MFlash512 = 0x80000
                0x0000000000080000                __top_Flash = 0x80000
                0x0000000010000000                __base_RamLoc32 = 0x10000000
                0x0000000010000000                __base_RAM = 0x10000000
                0x0000000010008000                __top_RamLoc32 = 0x10008000
                0x0000000010008000                __top_RAM = 0x10008000
                0x000000002007c000                __base_RamAHB32 = 0x2007c000
                0x000000002007c000                __base_RAM2 = 0x2007c000
                0x0000000020084000                __top_RamAHB32 = 0x20084000
                0x0000000020084000                __top_RAM2 = 0x20084000

.text           0x0000000000000000     0x2d24
 FILL mask 0xff
                0x0000000000000000                __vectors_start__ = ABSOLUTE (.)
 *(.isr_vector)
 .isr_vector    0x0000000000000000       0xcc ./example/src/cr_startup_lpc175x_6x.o
                0x0000000000000000                g_pfnVectors
                0x00000000000000cc                . = ALIGN (0x4)
                0x00000000000000cc                __section_table_start = .
                0x00000000000000cc                __data_section_table = .
                0x00000000000000cc        0x4 LONG 0x2d24 LOADADDR (.data)
                0x00000000000000d0        0x4 LONG 0x10000000 ADDR (.data)
                0x00000000000000d4        0x4 LONG 0xec SIZEOF (.data)
                0x00000000000000d8        0x4 LONG 0x2d24 LOADADDR (.data_RAM2)
                0x00000000000000dc        0x4 LONG 0x2007c000 ADDR (.data_RAM2)
                0x00000000000000e0        0x4 LONG 0x0 SIZEOF (.data_RAM2)
                0x00000000000000e4                __data_section_table_end = .
                0x00000000000000e4                __bss_section_table = .
                0x00000000000000e4        0x4 LONG 0x100000ec ADDR (.bss)
                0x00000000000000e8        0x4 LONG 0x33c SIZEOF (.bss)
                0x00000000000000ec        0x4 LONG 0x2007c000 ADDR (.bss_RAM2)
                0x00000000000000f0        0x4 LONG 0x0 SIZEOF (.bss_RAM2)
                0x00000000000000f4                __bss_section_table_end = .
                0x00000000000000f4                __section_table_end = .
 *(.after_vectors*)
 .after_vectors
                0x00000000000000f4      0x12c ./example/src/cr_startup_lpc175x_6x.o
                0x00000000000000f4                data_init
                0x0000000000000136                bss_init
                0x000000000000016c                ResetISR
                0x00000000000001e4                NMI_Handler
                0x00000000000001ea                HardFault_Handler
                0x00000000000001f0                MemManage_Handler
                0x00000000000001f6                BusFault_Handler
                0x00000000000001fc                UsageFault_Handler
                0x0000000000000208                DebugMon_Handler
                0x000000000000021a                TIMER2_IRQHandler
                0x000000000000021a                RIT_IRQHandler
                0x000000000000021a                I2C0_IRQHandler
                0x000000000000021a                USBActivity_IRQHandler
                0x000000000000021a                PWM1_IRQHandler
                0x000000000000021a                I2C1_IRQHandler
                0x000000000000021a                EINT2_IRQHandler
                0x000000000000021a                UART1_IRQHandler
                0x000000000000021a                EINT3_IRQHandler
                0x000000000000021a                CANActivity_IRQHandler
                0x000000000000021a                TIMER3_IRQHandler
                0x000000000000021a                UART0_IRQHandler
                0x000000000000021a                IntDefaultHandler
                0x000000000000021a                PLL0_IRQHandler
                0x000000000000021a                CAN_IRQHandler
                0x000000000000021a                PLL1_IRQHandler
                0x000000000000021a                SSP0_IRQHandler
                0x000000000000021a                I2S_IRQHandler
                0x000000000000021a                I2C2_IRQHandler
                0x000000000000021a                RTC_IRQHandler
                0x000000000000021a                TIMER0_IRQHandler
                0x000000000000021a                SPI_IRQHandler
                0x000000000000021a                EINT1_IRQHandler
                0x000000000000021a                TIMER1_IRQHandler
                0x000000000000021a                UART2_IRQHandler
                0x000000000000021a                ADC_IRQHandler
                0x000000000000021a                SSP1_IRQHandler
                0x000000000000021a                USB_IRQHandler
                0x000000000000021a                BOD_IRQHandler
                0x000000000000021a                WDT_IRQHandler
                0x000000000000021a                QEI_IRQHandler
                0x000000000000021a                EINT0_IRQHandler
                0x000000000000021a                ETH_IRQHandler
                0x000000000000021a                DMA_IRQHandler
                0x000000000000021a                UART3_IRQHandler
                0x000000000000021a                MCPWM_IRQHandler
                0x00000000000002fc                . = 0x2fc
 *fill*         0x0000000000000220       0xdc ff
                0x00000000000002fc                PROVIDE (__CRP_WORD_START__ = .)
 *(.crp)
 .crp           0x00000000000002fc        0x4 ./example/src/xQ.o
                0x00000000000002fc                CRP_WORD
                0x0000000000000300                PROVIDE (__CRP_WORD_END__ = .)
                0x0000000000000001                ASSERT (! ((__CRP_WORD_START__ == __CRP_WORD_END__)), Linker CRP Enabled, but no CRP_WORD provided within application)
 *(.text*)
 .text.vApplicationIdleHook
                0x0000000000000300        0xe ./freertos/src/FreeRTOSCommonHooks.o
                0x0000000000000300                vApplicationIdleHook
 .text.pvPortMalloc
                0x000000000000030e       0x22 ./freertos/src/heap_3.o
                0x000000000000030e                pvPortMalloc
 .text.vPortFree
                0x0000000000000330       0x24 ./freertos/src/heap_3.o
                0x0000000000000330                vPortFree
 .text.vListInitialise
                0x0000000000000354       0x3e ./freertos/src/list.o
                0x0000000000000354                vListInitialise
 .text.vListInitialiseItem
                0x0000000000000392       0x18 ./freertos/src/list.o
                0x0000000000000392                vListInitialiseItem
 .text.vListInsertEnd
                0x00000000000003aa       0x46 ./freertos/src/list.o
                0x00000000000003aa                vListInsertEnd
 .text.vListInsert
                0x00000000000003f0       0x70 ./freertos/src/list.o
                0x00000000000003f0                vListInsert
 .text.uxListRemove
                0x0000000000000460       0x52 ./freertos/src/list.o
                0x0000000000000460                uxListRemove
 *fill*         0x00000000000004b2        0x2 ff
 .text.pxPortInitialiseStack
                0x00000000000004b4       0x54 ./freertos/src/port.o
                0x00000000000004b4                pxPortInitialiseStack
 .text.prvTaskExitError
                0x0000000000000508        0xa ./freertos/src/port.o
 *fill*         0x0000000000000512        0x2 ff
 .text.SVC_Handler
                0x0000000000000514       0x24 ./freertos/src/port.o
                0x0000000000000514                SVC_Handler
 .text.prvPortStartFirstTask
                0x0000000000000538       0x18 ./freertos/src/port.o
 .text.xPortStartScheduler
                0x0000000000000550       0x38 ./freertos/src/port.o
                0x0000000000000550                xPortStartScheduler
 .text.vPortYield
                0x0000000000000588       0x20 ./freertos/src/port.o
                0x0000000000000588                vPortYield
 .text.vPortEnterCritical
                0x00000000000005a8       0x24 ./freertos/src/port.o
                0x00000000000005a8                vPortEnterCritical
 .text.vPortExitCritical
                0x00000000000005cc       0x24 ./freertos/src/port.o
                0x00000000000005cc                vPortExitCritical
 .text.ulPortSetInterruptMask
                0x00000000000005f0       0x12 ./freertos/src/port.o
                0x00000000000005f0                ulPortSetInterruptMask
 .text.vPortClearInterruptMask
                0x0000000000000602        0x8 ./freertos/src/port.o
                0x0000000000000602                vPortClearInterruptMask
 *fill*         0x000000000000060a        0x2 ff
 .text.PendSV_Handler
                0x000000000000060c       0x40 ./freertos/src/port.o
                0x000000000000060c                PendSV_Handler
 .text.SysTick_Handler
                0x000000000000064c       0x28 ./freertos/src/port.o
                0x000000000000064c                SysTick_Handler
 .text.vPortSuppressTicksAndSleep
                0x0000000000000674      0x15c ./freertos/src/port.o
                0x0000000000000674                vPortSuppressTicksAndSleep
 .text.vPortSetupTimerInterrupt
                0x00000000000007d0       0x68 ./freertos/src/port.o
                0x00000000000007d0                vPortSetupTimerInterrupt
 .text.xQueueGenericReset
                0x0000000000000838       0xa4 ./freertos/src/queue.o
                0x0000000000000838                xQueueGenericReset
 .text.xQueueGenericCreate
                0x00000000000008dc       0x78 ./freertos/src/queue.o
                0x00000000000008dc                xQueueGenericCreate
 .text.xQueueGenericSend
                0x0000000000000954      0x110 ./freertos/src/queue.o
                0x0000000000000954                xQueueGenericSend
 .text.xQueueGenericReceive
                0x0000000000000a64      0x16c ./freertos/src/queue.o
                0x0000000000000a64                xQueueGenericReceive
 .text.prvCopyDataToQueue
                0x0000000000000bd0       0xce ./freertos/src/queue.o
 .text.prvCopyDataFromQueue
                0x0000000000000c9e       0x4c ./freertos/src/queue.o
 .text.prvUnlockQueue
                0x0000000000000cea       0x98 ./freertos/src/queue.o
 .text.prvIsQueueEmpty
                0x0000000000000d82       0x2c ./freertos/src/queue.o
 .text.prvIsQueueFull
                0x0000000000000dae       0x30 ./freertos/src/queue.o
 *fill*         0x0000000000000dde        0x2 ff
 .text.xTaskGenericCreate
                0x0000000000000de0      0x140 ./freertos/src/tasks.o
                0x0000000000000de0                xTaskGenericCreate
 .text.vTaskDelay
                0x0000000000000f20       0x54 ./freertos/src/tasks.o
                0x0000000000000f20                vTaskDelay
 .text.vTaskStartScheduler
                0x0000000000000f74       0x58 ./freertos/src/tasks.o
                0x0000000000000f74                vTaskStartScheduler
 .text.vTaskSuspendAll
                0x0000000000000fcc       0x1c ./freertos/src/tasks.o
                0x0000000000000fcc                vTaskSuspendAll
 .text.prvGetExpectedIdleTime
                0x0000000000000fe8       0x4c ./freertos/src/tasks.o
 .text.xTaskResumeAll
                0x0000000000001034       0xfc ./freertos/src/tasks.o
                0x0000000000001034                xTaskResumeAll
 .text.vTaskStepTick
                0x0000000000001130       0x24 ./freertos/src/tasks.o
                0x0000000000001130                vTaskStepTick
 .text.xTaskIncrementTick
                0x0000000000001154      0x18c ./freertos/src/tasks.o
                0x0000000000001154                xTaskIncrementTick
 .text.vTaskSwitchContext
                0x00000000000012e0       0x98 ./freertos/src/tasks.o
                0x00000000000012e0                vTaskSwitchContext
 .text.vTaskPlaceOnEventList
                0x0000000000001378       0x60 ./freertos/src/tasks.o
                0x0000000000001378                vTaskPlaceOnEventList
 .text.xTaskRemoveFromEventList
                0x00000000000013d8       0xac ./freertos/src/tasks.o
                0x00000000000013d8                xTaskRemoveFromEventList
 .text.vTaskSetTimeOutState
                0x0000000000001484       0x2c ./freertos/src/tasks.o
                0x0000000000001484                vTaskSetTimeOutState
 .text.xTaskCheckForTimeOut
                0x00000000000014b0       0x88 ./freertos/src/tasks.o
                0x00000000000014b0                xTaskCheckForTimeOut
 .text.vTaskMissedYield
                0x0000000000001538       0x18 ./freertos/src/tasks.o
                0x0000000000001538                vTaskMissedYield
 .text.prvIdleTask
                0x0000000000001550       0x48 ./freertos/src/tasks.o
 .text.eTaskConfirmSleepModeStatus
                0x0000000000001598       0x5c ./freertos/src/tasks.o
                0x0000000000001598                eTaskConfirmSleepModeStatus
 .text.prvInitialiseTCBVariables
                0x00000000000015f4       0x98 ./freertos/src/tasks.o
 .text.prvInitialiseTaskLists
                0x000000000000168c       0x80 ./freertos/src/tasks.o
 .text.prvCheckTasksWaitingTermination
                0x000000000000170c       0x78 ./freertos/src/tasks.o
 .text.prvAddCurrentTaskToDelayedList
                0x0000000000001784       0x6c ./freertos/src/tasks.o
 .text.prvAllocateTCBAndStack
                0x00000000000017f0       0x62 ./freertos/src/tasks.o
 .text.prvDeleteTCB
                0x0000000000001852       0x20 ./freertos/src/tasks.o
 *fill*         0x0000000000001872        0x2 ff
 .text.xTaskGetCurrentTaskHandle
                0x0000000000001874       0x1c ./freertos/src/tasks.o
                0x0000000000001874                xTaskGetCurrentTaskHandle
 .text.vTaskPriorityInherit
                0x0000000000001890       0xb4 ./freertos/src/tasks.o
                0x0000000000001890                vTaskPriorityInherit
 .text.vTaskPriorityDisinherit
                0x0000000000001944       0x7c ./freertos/src/tasks.o
                0x0000000000001944                vTaskPriorityDisinherit
 .text.SystemInit
                0x00000000000019c0       0x24 ./example/src/sysinit2.o
                0x00000000000019c0                SystemInit
 .text.prvSetupHardware
                0x00000000000019e4       0x10 ./example/src/xQ.o
                0x00000000000019e4                prvSetupHardware
 .text.vSenderTask
                0x00000000000019f4       0xb0 ./example/src/xQ.o
                0x00000000000019f4                vSenderTask
 .text.vReceiverTask
                0x0000000000001aa4       0x34 ./example/src/xQ.o
                0x0000000000001aa4                vReceiverTask
 .text.vTimerTask
                0x0000000000001ad8       0x2c ./example/src/xQ.o
                0x0000000000001ad8                vTimerTask
 .text.main     0x0000000000001b04       0x9c ./example/src/xQ.o
                0x0000000000001b04                main
 .text.Chip_IOCON_Init
                0x0000000000001ba0       0x16 /home/jpatel/freertos-pc/lpc_board_nxp_lpcxpresso_1769/Debug/liblpc_board_nxp_lpcxpresso_1769.a(board.o)
 .text.Chip_GPIO_Init
                0x0000000000001bb6       0x16 /home/jpatel/freertos-pc/lpc_board_nxp_lpcxpresso_1769/Debug/liblpc_board_nxp_lpcxpresso_1769.a(board.o)
 .text.Chip_GPIO_SetPinState
                0x0000000000001bcc       0x64 /home/jpatel/freertos-pc/lpc_board_nxp_lpcxpresso_1769/Debug/liblpc_board_nxp_lpcxpresso_1769.a(board.o)
 .text.Chip_GPIO_WritePortBit
                0x0000000000001c30       0x2c /home/jpatel/freertos-pc/lpc_board_nxp_lpcxpresso_1769/Debug/liblpc_board_nxp_lpcxpresso_1769.a(board.o)
 .text.Chip_GPIO_SetPinDIROutput
                0x0000000000001c5c       0x36 /home/jpatel/freertos-pc/lpc_board_nxp_lpcxpresso_1769/Debug/liblpc_board_nxp_lpcxpresso_1769.a(board.o)
 .text.Chip_GPIO_SetPinDIRInput
                0x0000000000001c92       0x3a /home/jpatel/freertos-pc/lpc_board_nxp_lpcxpresso_1769/Debug/liblpc_board_nxp_lpcxpresso_1769.a(board.o)
 .text.Chip_GPIO_SetPinDIR
                0x0000000000001ccc       0x42 /home/jpatel/freertos-pc/lpc_board_nxp_lpcxpresso_1769/Debug/liblpc_board_nxp_lpcxpresso_1769.a(board.o)
 .text.Chip_GPIO_WriteDirBit
                0x0000000000001d0e       0x2e /home/jpatel/freertos-pc/lpc_board_nxp_lpcxpresso_1769/Debug/liblpc_board_nxp_lpcxpresso_1769.a(board.o)
 .text.Board_LED_Init
                0x0000000000001d3c       0x30 /home/jpatel/freertos-pc/lpc_board_nxp_lpcxpresso_1769/Debug/liblpc_board_nxp_lpcxpresso_1769.a(board.o)
 .text.Board_LED_Set
                0x0000000000001d6c       0x54 /home/jpatel/freertos-pc/lpc_board_nxp_lpcxpresso_1769/Debug/liblpc_board_nxp_lpcxpresso_1769.a(board.o)
                0x0000000000001d6c                Board_LED_Set
 .text.Board_Init
                0x0000000000001dc0       0x20 /home/jpatel/freertos-pc/lpc_board_nxp_lpcxpresso_1769/Debug/liblpc_board_nxp_lpcxpresso_1769.a(board.o)
                0x0000000000001dc0                Board_Init
 .text.Chip_SYSCTL_SetFLASHAccess
                0x0000000000001de0       0x30 /home/jpatel/freertos-pc/lpc_board_nxp_lpcxpresso_1769/Debug/liblpc_board_nxp_lpcxpresso_1769.a(board_sysinit.o)
 .text.Board_SetupMuxing
                0x0000000000001e10       0x1c /home/jpatel/freertos-pc/lpc_board_nxp_lpcxpresso_1769/Debug/liblpc_board_nxp_lpcxpresso_1769.a(board_sysinit.o)
                0x0000000000001e10                Board_SetupMuxing
 .text.Board_SetupClocking
                0x0000000000001e2c       0x12 /home/jpatel/freertos-pc/lpc_board_nxp_lpcxpresso_1769/Debug/liblpc_board_nxp_lpcxpresso_1769.a(board_sysinit.o)
                0x0000000000001e2c                Board_SetupClocking
 .text.Board_SystemInit
                0x0000000000001e3e       0x10 /home/jpatel/freertos-pc/lpc_board_nxp_lpcxpresso_1769/Debug/liblpc_board_nxp_lpcxpresso_1769.a(board_sysinit.o)
                0x0000000000001e3e                Board_SystemInit
 *fill*         0x0000000000001e4e        0x2 ff
 .text.SystemCoreClockUpdate
                0x0000000000001e50       0x18 /home/jpatel/freertos-pc/lpc_chip_175x_6x/Debug/liblpc_chip_175x_6x.a(chip_17xx_40xx.o)
                0x0000000000001e50                SystemCoreClockUpdate
 .text.Chip_Clock_IsMainPLLEnabled
                0x0000000000001e68       0x24 /home/jpatel/freertos-pc/lpc_chip_175x_6x/Debug/liblpc_chip_175x_6x.a(clock_17xx_40xx.o)
 .text.Chip_Clock_IsMainPLLConnected
                0x0000000000001e8c       0x24 /home/jpatel/freertos-pc/lpc_chip_175x_6x/Debug/liblpc_chip_175x_6x.a(clock_17xx_40xx.o)
 .text.Chip_Clock_FeedPLL
                0x0000000000001eb0       0x34 /home/jpatel/freertos-pc/lpc_chip_175x_6x/Debug/liblpc_chip_175x_6x.a(clock_17xx_40xx.o)
 .text.Chip_Clock_GetMainPLLSource
                0x0000000000001ee4       0x20 /home/jpatel/freertos-pc/lpc_chip_175x_6x/Debug/liblpc_chip_175x_6x.a(clock_17xx_40xx.o)
 .text.Chip_Clock_GetMainOscRate
                0x0000000000001f04       0x14 /home/jpatel/freertos-pc/lpc_chip_175x_6x/Debug/liblpc_chip_175x_6x.a(clock_17xx_40xx.o)
 .text.Chip_Clock_GetIntOscRate
                0x0000000000001f18       0x14 /home/jpatel/freertos-pc/lpc_chip_175x_6x/Debug/liblpc_chip_175x_6x.a(clock_17xx_40xx.o)
 .text.Chip_Clock_GetRTCOscRate
                0x0000000000001f2c       0x14 /home/jpatel/freertos-pc/lpc_chip_175x_6x/Debug/liblpc_chip_175x_6x.a(clock_17xx_40xx.o)
 .text.Chip_Clock_GetMainPLLInClockRate
                0x0000000000001f40        0xe /home/jpatel/freertos-pc/lpc_chip_175x_6x/Debug/liblpc_chip_175x_6x.a(clock_17xx_40xx.o)
 *fill*         0x0000000000001f4e        0x2 ff
 .text.Chip_Clock_EnablePLL
                0x0000000000001f50       0x44 /home/jpatel/freertos-pc/lpc_chip_175x_6x/Debug/liblpc_chip_175x_6x.a(clock_17xx_40xx.o)
                0x0000000000001f50                Chip_Clock_EnablePLL
 .text.Chip_Clock_DisablePLL
                0x0000000000001f94       0x48 /home/jpatel/freertos-pc/lpc_chip_175x_6x/Debug/liblpc_chip_175x_6x.a(clock_17xx_40xx.o)
                0x0000000000001f94                Chip_Clock_DisablePLL
 .text.Chip_Clock_SetupPLL
                0x0000000000001fdc       0x5c /home/jpatel/freertos-pc/lpc_chip_175x_6x/Debug/liblpc_chip_175x_6x.a(clock_17xx_40xx.o)
                0x0000000000001fdc                Chip_Clock_SetupPLL
 .text.Chip_Clock_EnablePeriphClock
                0x0000000000002038       0x34 /home/jpatel/freertos-pc/lpc_chip_175x_6x/Debug/liblpc_chip_175x_6x.a(clock_17xx_40xx.o)
                0x0000000000002038                Chip_Clock_EnablePeriphClock
 .text.Chip_Clock_GetCPUClockSource
                0x000000000000206c       0x24 /home/jpatel/freertos-pc/lpc_chip_175x_6x/Debug/liblpc_chip_175x_6x.a(clock_17xx_40xx.o)
                0x000000000000206c                Chip_Clock_GetCPUClockSource
 .text.Chip_Clock_SetCPUClockDiv
                0x0000000000002090       0x20 /home/jpatel/freertos-pc/lpc_chip_175x_6x/Debug/liblpc_chip_175x_6x.a(clock_17xx_40xx.o)
                0x0000000000002090                Chip_Clock_SetCPUClockDiv
 .text.Chip_Clock_GetCPUClockDiv
                0x00000000000020b0       0x1c /home/jpatel/freertos-pc/lpc_chip_175x_6x/Debug/liblpc_chip_175x_6x.a(clock_17xx_40xx.o)
                0x00000000000020b0                Chip_Clock_GetCPUClockDiv
 .text.Chip_Clock_GetSYSCLKRate
                0x00000000000020cc       0x34 /home/jpatel/freertos-pc/lpc_chip_175x_6x/Debug/liblpc_chip_175x_6x.a(clock_17xx_40xx.o)
                0x00000000000020cc                Chip_Clock_GetSYSCLKRate
 .text.Chip_Clock_GetMainPLLOutClockRate
                0x0000000000002100       0x54 /home/jpatel/freertos-pc/lpc_chip_175x_6x/Debug/liblpc_chip_175x_6x.a(clock_17xx_40xx.o)
                0x0000000000002100                Chip_Clock_GetMainPLLOutClockRate
 .text.Chip_Clock_GetMainClockRate
                0x0000000000002154       0x28 /home/jpatel/freertos-pc/lpc_chip_175x_6x/Debug/liblpc_chip_175x_6x.a(clock_17xx_40xx.o)
                0x0000000000002154                Chip_Clock_GetMainClockRate
 .text.Chip_Clock_GetSystemClockRate
                0x000000000000217c       0x18 /home/jpatel/freertos-pc/lpc_chip_175x_6x/Debug/liblpc_chip_175x_6x.a(clock_17xx_40xx.o)
                0x000000000000217c                Chip_Clock_GetSystemClockRate
 .text.Chip_IOCON_PinMuxSet
                0x0000000000002194       0x36 /home/jpatel/freertos-pc/lpc_chip_175x_6x/Debug/liblpc_chip_175x_6x.a(iocon_17xx_40xx.o)
                0x0000000000002194                Chip_IOCON_PinMuxSet
 .text.Chip_IOCON_PinMux
                0x00000000000021ca       0x94 /home/jpatel/freertos-pc/lpc_chip_175x_6x/Debug/liblpc_chip_175x_6x.a(iocon_17xx_40xx.o)
                0x00000000000021ca                Chip_IOCON_PinMux
 .text.Chip_IOCON_SetPinMuxing
                0x000000000000225e       0x62 /home/jpatel/freertos-pc/lpc_chip_175x_6x/Debug/liblpc_chip_175x_6x.a(iocon_17xx_40xx.o)
                0x000000000000225e                Chip_IOCON_SetPinMuxing
 .text.Chip_Clock_IsMainPLLEnabled
                0x00000000000022c0       0x24 /home/jpatel/freertos-pc/lpc_chip_175x_6x/Debug/liblpc_chip_175x_6x.a(sysinit_17xx_40xx.o)
 .text.Chip_Clock_IsMainPLLLocked
                0x00000000000022e4       0x24 /home/jpatel/freertos-pc/lpc_chip_175x_6x/Debug/liblpc_chip_175x_6x.a(sysinit_17xx_40xx.o)
 .text.Chip_Clock_IsMainPLLConnected
                0x0000000000002308       0x24 /home/jpatel/freertos-pc/lpc_chip_175x_6x/Debug/liblpc_chip_175x_6x.a(sysinit_17xx_40xx.o)
 .text.Chip_Clock_EnableCrystal
                0x000000000000232c       0x20 /home/jpatel/freertos-pc/lpc_chip_175x_6x/Debug/liblpc_chip_175x_6x.a(sysinit_17xx_40xx.o)
 .text.Chip_Clock_IsCrystalEnabled
                0x000000000000234c       0x24 /home/jpatel/freertos-pc/lpc_chip_175x_6x/Debug/liblpc_chip_175x_6x.a(sysinit_17xx_40xx.o)
 .text.Chip_Clock_SetMainPLLSource
                0x0000000000002370       0x20 /home/jpatel/freertos-pc/lpc_chip_175x_6x/Debug/liblpc_chip_175x_6x.a(sysinit_17xx_40xx.o)
 .text.Chip_SetupXtalClocking
                0x0000000000002390       0x90 /home/jpatel/freertos-pc/lpc_chip_175x_6x/Debug/liblpc_chip_175x_6x.a(sysinit_17xx_40xx.o)
                0x0000000000002390                Chip_SetupXtalClocking
 .text.__main   0x0000000000002420        0xe /usr/local/mcuxpressoide-10.3.1_2233/ide/plugins/com.nxp.mcuxpresso.tools.linux_10.3.0.201811011841/tools/bin/../lib/gcc/arm-none-eabi/7.3.1/../../../../arm-none-eabi/lib/thumb/v7-m/libcr_semihost.a(_cr__main.o)
                0x0000000000002420                __main
                0x0000000000002420                __CR_SEMIHOST
 .text.memcpy   0x000000000000242e        0x4 /usr/local/mcuxpressoide-10.3.1_2233/ide/plugins/com.nxp.mcuxpresso.tools.linux_10.3.0.201811011841/tools/bin/../lib/gcc/arm-none-eabi/7.3.1/../../../../arm-none-eabi/lib/thumb/v7-m/libcr_c.a(memcpy.o)
                0x000000000000242e                memcpy
 .text.memset   0x0000000000002432        0x4 /usr/local/mcuxpressoide-10.3.1_2233/ide/plugins/com.nxp.mcuxpresso.tools.linux_10.3.0.201811011841/tools/bin/../lib/gcc/arm-none-eabi/7.3.1/../../../../arm-none-eabi/lib/thumb/v7-m/libcr_c.a(memset.o)
                0x0000000000002432                memset
 *fill*         0x0000000000002436        0x2 ff
 .text.malloc   0x0000000000002438       0xc8 /usr/local/mcuxpressoide-10.3.1_2233/ide/plugins/com.nxp.mcuxpresso.tools.linux_10.3.0.201811011841/tools/bin/../lib/gcc/arm-none-eabi/7.3.1/../../../../arm-none-eabi/lib/thumb/v7-m/libcr_c.a(alloc.o)
                0x0000000000002438                malloc
 .text.free     0x0000000000002500       0x30 /usr/local/mcuxpressoide-10.3.1_2233/ide/plugins/com.nxp.mcuxpresso.tools.linux_10.3.0.201811011841/tools/bin/../lib/gcc/arm-none-eabi/7.3.1/../../../../arm-none-eabi/lib/thumb/v7-m/libcr_c.a(alloc.o)
                0x0000000000002500                free
 .text.time     0x0000000000002530        0xe /usr/local/mcuxpressoide-10.3.1_2233/ide/plugins/com.nxp.mcuxpresso.tools.linux_10.3.0.201811011841/tools/bin/../lib/gcc/arm-none-eabi/7.3.1/../../../../arm-none-eabi/lib/thumb/v7-m/libcr_c.a(cr_time.o)
                0x0000000000002530                time
 *fill*         0x000000000000253e        0x2 ff
 .text._initio  0x0000000000002540       0x78 /usr/local/mcuxpressoide-10.3.1_2233/ide/plugins/com.nxp.mcuxpresso.tools.linux_10.3.0.201811011841/tools/bin/../lib/gcc/arm-none-eabi/7.3.1/../../../../arm-none-eabi/lib/thumb/v7-m/libcr_c.a(initio.o)
                0x0000000000002540                _initio
 .text.setvbuf  0x00000000000025b8       0x40 /usr/local/mcuxpressoide-10.3.1_2233/ide/plugins/com.nxp.mcuxpresso.tools.linux_10.3.0.201811011841/tools/bin/../lib/gcc/arm-none-eabi/7.3.1/../../../../arm-none-eabi/lib/thumb/v7-m/libcr_c.a(setvbuf.o)
                0x00000000000025b8                setvbuf
 .text.rand     0x00000000000025f8       0x48 /usr/local/mcuxpressoide-10.3.1_2233/ide/plugins/com.nxp.mcuxpresso.tools.linux_10.3.0.201811011841/tools/bin/../lib/gcc/arm-none-eabi/7.3.1/../../../../arm-none-eabi/lib/thumb/v7-m/libcr_c.a(stdlib.o)
                0x00000000000025f8                rand
 .text.srand    0x0000000000002640       0x40 /usr/local/mcuxpressoide-10.3.1_2233/ide/plugins/com.nxp.mcuxpresso.tools.linux_10.3.0.201811011841/tools/bin/../lib/gcc/arm-none-eabi/7.3.1/../../../../arm-none-eabi/lib/thumb/v7-m/libcr_c.a(stdlib.o)
                0x0000000000002640                srand
 .text.strlen   0x0000000000002680       0x4a /usr/local/mcuxpressoide-10.3.1_2233/ide/plugins/com.nxp.mcuxpresso.tools.linux_10.3.0.201811011841/tools/bin/../lib/gcc/arm-none-eabi/7.3.1/../../../../arm-none-eabi/lib/thumb/v7-m/libcr_c.a(strlen.o)
                0x0000000000002680                strlen
 *fill*         0x00000000000026ca        0x2 ff
 .text._sbrk    0x00000000000026cc       0x3c /usr/local/mcuxpressoide-10.3.1_2233/ide/plugins/com.nxp.mcuxpresso.tools.linux_10.3.0.201811011841/tools/bin/../lib/gcc/arm-none-eabi/7.3.1/../../../../arm-none-eabi/lib/thumb/v7-m/libcr_c.a(_cr_sbrk.o)
                0x00000000000026cc                _sbrk
 .text._deferredlazyseek
                0x0000000000002708       0x40 /usr/local/mcuxpressoide-10.3.1_2233/ide/plugins/com.nxp.mcuxpresso.tools.linux_10.3.0.201811011841/tools/bin/../lib/gcc/arm-none-eabi/7.3.1/../../../../arm-none-eabi/lib/thumb/v7-m/libcr_c.a(_deferredlazyseek.o)
                0x0000000000002708                _deferredlazyseek
 .text._fdopen  0x0000000000002748       0x68 /usr/local/mcuxpressoide-10.3.1_2233/ide/plugins/com.nxp.mcuxpresso.tools.linux_10.3.0.201811011841/tools/bin/../lib/gcc/arm-none-eabi/7.3.1/../../../../arm-none-eabi/lib/thumb/v7-m/libcr_c.a(_fdopen.o)
                0x0000000000002748                _fdopen
 .text._fflush  0x00000000000027b0       0x52 /usr/local/mcuxpressoide-10.3.1_2233/ide/plugins/com.nxp.mcuxpresso.tools.linux_10.3.0.201811011841/tools/bin/../lib/gcc/arm-none-eabi/7.3.1/../../../../arm-none-eabi/lib/thumb/v7-m/libcr_c.a(_fflush.o)
                0x00000000000027b0                _fflush
 *fill*         0x0000000000002802        0x2 ff
 .text._Cwritebuf
                0x0000000000002804       0x6c /usr/local/mcuxpressoide-10.3.1_2233/ide/plugins/com.nxp.mcuxpresso.tools.linux_10.3.0.201811011841/tools/bin/../lib/gcc/arm-none-eabi/7.3.1/../../../../arm-none-eabi/lib/thumb/v7-m/libcr_c.a(_writebuf.o)
                0x0000000000002804                _Cwritebuf
 .text.fclose   0x0000000000002870       0x58 /usr/local/mcuxpressoide-10.3.1_2233/ide/plugins/com.nxp.mcuxpresso.tools.linux_10.3.0.201811011841/tools/bin/../lib/gcc/arm-none-eabi/7.3.1/../../../../arm-none-eabi/lib/thumb/v7-m/libcr_c.a(fclose.o)
                0x0000000000002870                fclose
 .text.fflush   0x00000000000028c8       0x44 /usr/local/mcuxpressoide-10.3.1_2233/ide/plugins/com.nxp.mcuxpresso.tools.linux_10.3.0.201811011841/tools/bin/../lib/gcc/arm-none-eabi/7.3.1/../../../../arm-none-eabi/lib/thumb/v7-m/libcr_c.a(fflush.o)
                0x00000000000028c8                fflush
 .text.fseek    0x000000000000290c      0x100 /usr/local/mcuxpressoide-10.3.1_2233/ide/plugins/com.nxp.mcuxpresso.tools.linux_10.3.0.201811011841/tools/bin/../lib/gcc/arm-none-eabi/7.3.1/../../../../arm-none-eabi/lib/thumb/v7-m/libcr_c.a(fseek.o)
                0x000000000000290c                fseek
 .text.ftell    0x0000000000002a0c       0x44 /usr/local/mcuxpressoide-10.3.1_2233/ide/plugins/com.nxp.mcuxpresso.tools.linux_10.3.0.201811011841/tools/bin/../lib/gcc/arm-none-eabi/7.3.1/../../../../arm-none-eabi/lib/thumb/v7-m/libcr_c.a(ftell.o)
                0x0000000000002a0c                ftell
 .text.remove   0x0000000000002a50       0x14 /usr/local/mcuxpressoide-10.3.1_2233/ide/plugins/com.nxp.mcuxpresso.tools.linux_10.3.0.201811011841/tools/bin/../lib/gcc/arm-none-eabi/7.3.1/../../../../arm-none-eabi/lib/thumb/v7-m/libcr_c.a(remove.o)
                0x0000000000002a50                remove
 .text.__check_heap_overflow
                0x0000000000002a64       0x18 /usr/local/mcuxpressoide-10.3.1_2233/ide/plugins/com.nxp.mcuxpresso.tools.linux_10.3.0.201811011841/tools/bin/../lib/gcc/arm-none-eabi/7.3.1/../../../../arm-none-eabi/lib/thumb/v7-m/libcr_c.a(_cr_check_heap.o)
                0x0000000000002a64                __check_heap_overflow
 .text._do_fflush
                0x0000000000002a7c       0x40 /usr/local/mcuxpressoide-10.3.1_2233/ide/plugins/com.nxp.mcuxpresso.tools.linux_10.3.0.201811011841/tools/bin/../lib/gcc/arm-none-eabi/7.3.1/../../../../arm-none-eabi/lib/thumb/v7-m/libcr_c.a(_do_fflush.o)
                0x0000000000002a7c                _do_fflush
 .text.__aeabi_fdiv
                0x0000000000002abc       0xb8 /usr/local/mcuxpressoide-10.3.1_2233/ide/plugins/com.nxp.mcuxpresso.tools.linux_10.3.0.201811011841/tools/bin/../lib/gcc/arm-none-eabi/7.3.1/thumb/v7-m/libcr_eabihelpers.a(float.o)
                0x0000000000002abc                __aeabi_fdiv
 .text.__aeabi_f2uiz
                0x0000000000002b74       0x28 /usr/local/mcuxpressoide-10.3.1_2233/ide/plugins/com.nxp.mcuxpresso.tools.linux_10.3.0.201811011841/tools/bin/../lib/gcc/arm-none-eabi/7.3.1/thumb/v7-m/libcr_eabihelpers.a(float.o)
                0x0000000000002b74                __aeabi_f2uiz
 .text.__bhs_ui2f
                0x0000000000002b9c       0x26 /usr/local/mcuxpressoide-10.3.1_2233/ide/plugins/com.nxp.mcuxpresso.tools.linux_10.3.0.201811011841/tools/bin/../lib/gcc/arm-none-eabi/7.3.1/thumb/v7-m/libcr_eabihelpers.a(float.o)
                0x0000000000002b9c                __bhs_ui2f
 .text.__aeabi_i2f
                0x0000000000002bc2       0x12 /usr/local/mcuxpressoide-10.3.1_2233/ide/plugins/com.nxp.mcuxpresso.tools.linux_10.3.0.201811011841/tools/bin/../lib/gcc/arm-none-eabi/7.3.1/thumb/v7-m/libcr_eabihelpers.a(float.o)
                0x0000000000002bc2                __aeabi_i2f
 .text.__aeabi_memcpy
                0x0000000000002bd4       0x34 /usr/local/mcuxpressoide-10.3.1_2233/ide/plugins/com.nxp.mcuxpresso.tools.linux_10.3.0.201811011841/tools/bin/../lib/gcc/arm-none-eabi/7.3.1/thumb/v7-m/libcr_eabihelpers.a(memcpy.o)
                0x0000000000002bd4                __aeabi_memcpy
                0x0000000000002bde                __aeabi_memcpy4
                0x0000000000002bde                __aeabi_memcpy8
 .text.__aeabi_memset_lowlevel
                0x0000000000002c08       0x32 /usr/local/mcuxpressoide-10.3.1_2233/ide/plugins/com.nxp.mcuxpresso.tools.linux_10.3.0.201811011841/tools/bin/../lib/gcc/arm-none-eabi/7.3.1/thumb/v7-m/libcr_eabihelpers.a(memcpy.o)
                0x0000000000002c08                __aeabi_lowlevel_memset
 .text.__sys_close
                0x0000000000002c3a        0xc /usr/local/mcuxpressoide-10.3.1_2233/ide/plugins/com.nxp.mcuxpresso.tools.linux_10.3.0.201811011841/tools/bin/../lib/gcc/arm-none-eabi/7.3.1/../../../../arm-none-eabi/lib/thumb/v7-m/libcr_semihost.a(__sys_close.o)
                0x0000000000002c3a                __sys_close
 .text.__sys_flen
                0x0000000000002c46        0xc /usr/local/mcuxpressoide-10.3.1_2233/ide/plugins/com.nxp.mcuxpresso.tools.linux_10.3.0.201811011841/tools/bin/../lib/gcc/arm-none-eabi/7.3.1/../../../../arm-none-eabi/lib/thumb/v7-m/libcr_semihost.a(__sys_flen.o)
                0x0000000000002c46                __sys_flen
 .text.__sys_istty
                0x0000000000002c52        0xc /usr/local/mcuxpressoide-10.3.1_2233/ide/plugins/com.nxp.mcuxpresso.tools.linux_10.3.0.201811011841/tools/bin/../lib/gcc/arm-none-eabi/7.3.1/../../../../arm-none-eabi/lib/thumb/v7-m/libcr_semihost.a(__sys_istty.o)
                0x0000000000002c52                __sys_istty
 .text.__sys_remove
                0x0000000000002c5e        0xc /usr/local/mcuxpressoide-10.3.1_2233/ide/plugins/com.nxp.mcuxpresso.tools.linux_10.3.0.201811011841/tools/bin/../lib/gcc/arm-none-eabi/7.3.1/../../../../arm-none-eabi/lib/thumb/v7-m/libcr_semihost.a(__sys_remove.o)
                0x0000000000002c5e                __sys_remove
 .text.__sys_seek
                0x0000000000002c6a        0xc /usr/local/mcuxpressoide-10.3.1_2233/ide/plugins/com.nxp.mcuxpresso.tools.linux_10.3.0.201811011841/tools/bin/../lib/gcc/arm-none-eabi/7.3.1/../../../../arm-none-eabi/lib/thumb/v7-m/libcr_semihost.a(__sys_seek.o)
                0x0000000000002c6a                __sys_seek
 .text.__sys_time
                0x0000000000002c76        0x6 /usr/local/mcuxpressoide-10.3.1_2233/ide/plugins/com.nxp.mcuxpresso.tools.linux_10.3.0.201811011841/tools/bin/../lib/gcc/arm-none-eabi/7.3.1/../../../../arm-none-eabi/lib/thumb/v7-m/libcr_semihost.a(__sys_time.o)
                0x0000000000002c76                __sys_time
 .text.__sys_tmpnam
                0x0000000000002c7c        0xc /usr/local/mcuxpressoide-10.3.1_2233/ide/plugins/com.nxp.mcuxpresso.tools.linux_10.3.0.201811011841/tools/bin/../lib/gcc/arm-none-eabi/7.3.1/../../../../arm-none-eabi/lib/thumb/v7-m/libcr_semihost.a(__sys_tmpnam.o)
                0x0000000000002c7c                __sys_tmpnam
 .text.__sys_write
                0x0000000000002c88        0xc /usr/local/mcuxpressoide-10.3.1_2233/ide/plugins/com.nxp.mcuxpresso.tools.linux_10.3.0.201811011841/tools/bin/../lib/gcc/arm-none-eabi/7.3.1/../../../../arm-none-eabi/lib/thumb/v7-m/libcr_semihost.a(__sys_write.o)
                0x0000000000002c88                __sys_write
 *(.rodata .rodata.* .constdata .constdata.*)
 .rodata        0x0000000000002c94        0x5 ./freertos/src/tasks.o
 *fill*         0x0000000000002c99        0x3 ff
 .rodata        0x0000000000002c9c       0x19 ./example/src/xQ.o
 *fill*         0x0000000000002cb5        0x3 ff
 .rodata.OscRateIn
                0x0000000000002cb8        0x4 /home/jpatel/freertos-pc/lpc_board_nxp_lpcxpresso_1769/Debug/liblpc_board_nxp_lpcxpresso_1769.a(board.o)
                0x0000000000002cb8                OscRateIn
 .rodata.RTCOscRateIn
                0x0000000000002cbc        0x4 /home/jpatel/freertos-pc/lpc_board_nxp_lpcxpresso_1769/Debug/liblpc_board_nxp_lpcxpresso_1769.a(board.o)
                0x0000000000002cbc                RTCOscRateIn
 .rodata.pinmuxing
                0x0000000000002cc0       0x5c /home/jpatel/freertos-pc/lpc_board_nxp_lpcxpresso_1769/Debug/liblpc_board_nxp_lpcxpresso_1769.a(board_sysinit.o)
 .rodata._initio.str1.1
                0x0000000000002d1c        0x4 /usr/local/mcuxpressoide-10.3.1_2233/ide/plugins/com.nxp.mcuxpresso.tools.linux_10.3.0.201811011841/tools/bin/../lib/gcc/arm-none-eabi/7.3.1/../../../../arm-none-eabi/lib/thumb/v7-m/libcr_c.a(initio.o)
 .rodata.__num_Ciob_streams
                0x0000000000002d20        0x4 /usr/local/mcuxpressoide-10.3.1_2233/ide/plugins/com.nxp.mcuxpresso.tools.linux_10.3.0.201811011841/tools/bin/../lib/gcc/arm-none-eabi/7.3.1/../../../../arm-none-eabi/lib/thumb/v7-m/libcr_semihost.a(__ciob.o)
                0x0000000000002d20                __num_Ciob_streams
                0x0000000000002d24                . = ALIGN (0x4)

.glue_7         0x0000000000002d24        0x0
 .glue_7        0x0000000000002d24        0x0 linker stubs

.glue_7t        0x0000000000002d24        0x0
 .glue_7t       0x0000000000002d24        0x0 linker stubs

.vfp11_veneer   0x0000000000002d24        0x0
 .vfp11_veneer  0x0000000000002d24        0x0 linker stubs

.v4_bx          0x0000000000002d24        0x0
 .v4_bx         0x0000000000002d24        0x0 linker stubs

.iplt           0x0000000000002d24        0x0
 .iplt          0x0000000000002d24        0x0 ./freertos/src/FreeRTOSCommonHooks.o

.rel.dyn        0x0000000000002d24        0x0
 .rel.iplt      0x0000000000002d24        0x0 ./freertos/src/FreeRTOSCommonHooks.o

.ARM.extab
 *(.ARM.extab* .gnu.linkonce.armextab.*)
                0x0000000000002d24                __exidx_start = .

.ARM.exidx
 *(.ARM.exidx* .gnu.linkonce.armexidx.*)
                0x0000000000002d24                __exidx_end = .
                0x0000000000002d24                _etext = .

.data_RAM2      0x000000002007c000        0x0 load address 0x0000000000002d24
 FILL mask 0xff
                [!provide]                        PROVIDE (__start_data_RAM2 = .)
 *(.ramfunc.$RAM2)
 *(.ramfunc.$RamAHB32)
 *(.data.$RAM2*)
 *(.data.$RamAHB32*)
                0x000000002007c000                . = ALIGN (0x4)
                [!provide]                        PROVIDE (__end_data_RAM2 = .)

.uninit_RESERVED
                0x0000000010000000        0x0
 *(.bss.$RESERVED*)
                0x0000000010000000                . = ALIGN (0x4)
                0x0000000010000000                _end_uninit_RESERVED = .

.data           0x0000000010000000       0xec load address 0x0000000000002d24
 FILL mask 0xff
                0x0000000010000000                _data = .
 *(vtable)
 *(.ramfunc*)
 *(.data*)
 .data.uxCriticalNesting
                0x0000000010000000        0x4 ./freertos/src/port.o
 .data.xNextTaskUnblockTime
                0x0000000010000004        0x4 ./freertos/src/tasks.o
 .data._random_j
                0x0000000010000008        0x4 /usr/local/mcuxpressoide-10.3.1_2233/ide/plugins/com.nxp.mcuxpresso.tools.linux_10.3.0.201811011841/tools/bin/../lib/gcc/arm-none-eabi/7.3.1/../../../../arm-none-eabi/lib/thumb/v7-m/libcr_c.a(stdlib.o)
 .data._random_k
                0x000000001000000c        0x4 /usr/local/mcuxpressoide-10.3.1_2233/ide/plugins/com.nxp.mcuxpresso.tools.linux_10.3.0.201811011841/tools/bin/../lib/gcc/arm-none-eabi/7.3.1/../../../../arm-none-eabi/lib/thumb/v7-m/libcr_c.a(stdlib.o)
 .data._random_number_seed
                0x0000000010000010       0xdc /usr/local/mcuxpressoide-10.3.1_2233/ide/plugins/com.nxp.mcuxpresso.tools.linux_10.3.0.201811011841/tools/bin/../lib/gcc/arm-none-eabi/7.3.1/../../../../arm-none-eabi/lib/thumb/v7-m/libcr_c.a(stdlib.o)
                0x00000000100000ec                . = ALIGN (0x4)
                0x00000000100000ec                _edata = .

.igot.plt       0x00000000100000ec        0x0 load address 0x0000000000002e10
 .igot.plt      0x00000000100000ec        0x0 ./freertos/src/FreeRTOSCommonHooks.o

.bss_RAM2       0x000000002007c000        0x0
                [!provide]                        PROVIDE (__start_bss_RAM2 = .)
 *(.bss.$RAM2*)
 *(.bss.$RamAHB32*)
                0x000000002007c000                . = ALIGN ((. != 0x0)?0x4:0x1)
                [!provide]                        PROVIDE (__end_bss_RAM2 = .)

.bss            0x00000000100000ec      0x33c
                0x00000000100000ec                _bss = .
 *(.bss*)
 .bss.ulTimerCountsForOneTick
                0x00000000100000ec        0x4 ./freertos/src/port.o
 .bss.xMaximumPossibleSuppressedTicks
                0x00000000100000f0        0x4 ./freertos/src/port.o
 .bss.ulStoppedTimerCompensation
                0x00000000100000f4        0x4 ./freertos/src/port.o
 .bss.pxCurrentTCB
                0x00000000100000f8        0x4 ./freertos/src/tasks.o
                0x00000000100000f8                pxCurrentTCB
 .bss.pxReadyTasksLists
                0x00000000100000fc       0xa0 ./freertos/src/tasks.o
 .bss.xDelayedTaskList1
                0x000000001000019c       0x14 ./freertos/src/tasks.o
 .bss.xDelayedTaskList2
                0x00000000100001b0       0x14 ./freertos/src/tasks.o
 .bss.pxDelayedTaskList
                0x00000000100001c4        0x4 ./freertos/src/tasks.o
 .bss.pxOverflowDelayedTaskList
                0x00000000100001c8        0x4 ./freertos/src/tasks.o
 .bss.xPendingReadyList
                0x00000000100001cc       0x14 ./freertos/src/tasks.o
 .bss.xTasksWaitingTermination
                0x00000000100001e0       0x14 ./freertos/src/tasks.o
 .bss.uxTasksDeleted
                0x00000000100001f4        0x4 ./freertos/src/tasks.o
 .bss.xSuspendedTaskList
                0x00000000100001f8       0x14 ./freertos/src/tasks.o
 .bss.uxCurrentNumberOfTasks
                0x000000001000020c        0x4 ./freertos/src/tasks.o
 .bss.xTickCount
                0x0000000010000210        0x4 ./freertos/src/tasks.o
 .bss.uxTopReadyPriority
                0x0000000010000214        0x4 ./freertos/src/tasks.o
 .bss.xSchedulerRunning
                0x0000000010000218        0x4 ./freertos/src/tasks.o
 .bss.uxSchedulerSuspended
                0x000000001000021c        0x4 ./freertos/src/tasks.o
 .bss.uxPendedTicks
                0x0000000010000220        0x4 ./freertos/src/tasks.o
 .bss.xYieldPending
                0x0000000010000224        0x4 ./freertos/src/tasks.o
 .bss.xNumOfOverflows
                0x0000000010000228        0x4 ./freertos/src/tasks.o
 .bss.uxTaskNumber
                0x000000001000022c        0x4 ./freertos/src/tasks.o
 .bss.__end_of_heap
                0x0000000010000230        0x4 /usr/local/mcuxpressoide-10.3.1_2233/ide/plugins/com.nxp.mcuxpresso.tools.linux_10.3.0.201811011841/tools/bin/../lib/gcc/arm-none-eabi/7.3.1/../../../../arm-none-eabi/lib/thumb/v7-m/libcr_c.a(__init_alloc.o)
                0x0000000010000230                __end_of_heap
 .bss.__heaps   0x0000000010000234        0x4 /usr/local/mcuxpressoide-10.3.1_2233/ide/plugins/com.nxp.mcuxpresso.tools.linux_10.3.0.201811011841/tools/bin/../lib/gcc/arm-none-eabi/7.3.1/../../../../arm-none-eabi/lib/thumb/v7-m/libcr_c.a(__init_alloc.o)
                0x0000000010000234                __heaps
 .bss.errno     0x0000000010000238        0x4 /usr/local/mcuxpressoide-10.3.1_2233/ide/plugins/com.nxp.mcuxpresso.tools.linux_10.3.0.201811011841/tools/bin/../lib/gcc/arm-none-eabi/7.3.1/../../../../arm-none-eabi/lib/thumb/v7-m/libcr_c.a(errno.o)
                0x0000000010000238                errno
 .bss.__Ciob    0x000000001000023c      0x1e0 /usr/local/mcuxpressoide-10.3.1_2233/ide/plugins/com.nxp.mcuxpresso.tools.linux_10.3.0.201811011841/tools/bin/../lib/gcc/arm-none-eabi/7.3.1/../../../../arm-none-eabi/lib/thumb/v7-m/libcr_semihost.a(__ciob.o)
                0x000000001000023c                __Ciob
 *(COMMON)
 COMMON         0x000000001000041c        0x8 ./example/src/xQ.o
                0x000000001000041c                Sender_Led
                0x0000000010000420                xQueue
 COMMON         0x0000000010000424        0x4 /home/jpatel/freertos-pc/lpc_chip_175x_6x/Debug/liblpc_chip_175x_6x.a(chip_17xx_40xx.o)
                0x0000000010000424                SystemCoreClock
                0x0000000010000428                . = ALIGN (0x4)
                0x0000000010000428                _ebss = .
                [!provide]                        PROVIDE (end = .)

.noinit_RAM2    0x000000002007c000        0x0
 *(.noinit.$RAM2*)
 *(.noinit.$RamAHB32*)
                0x000000002007c000                . = ALIGN (0x4)

.noinit         0x0000000010000428        0x0
                0x0000000010000428                _noinit = .
 *(.noinit*)
                0x0000000010000428                . = ALIGN (0x4)
                0x0000000010000428                _end_noinit = .
                0x0000000010000428                PROVIDE (_pvHeapStart = DEFINED (__user_heap_base)?__user_heap_base:.)
                0x0000000010008000                PROVIDE (_vStackTop = DEFINED (__user_stack_top)?__user_stack_top:(__top_RamLoc32 - 0x0))
                [!provide]                        PROVIDE (__valid_user_code_checksum = (0x0 - ((((((_vStackTop + (ResetISR + 0x1)) + (NMI_Handler + 0x1)) + (HardFault_Handler + 0x1)) + (DEFINED (MemManage_Handler)?MemManage_Handler:0x0 + 0x1)) + (DEFINED (BusFault_Handler)?BusFault_Handler:0x0 + 0x1)) + (DEFINED (UsageFault_Handler)?UsageFault_Handler:0x0 + 0x1))))
                0x0000000000000000                _image_start = LOADADDR (.text)
                0x0000000000002e10                _image_end = (LOADADDR (.data) + SIZEOF (.data))
                0x0000000000002e10                _image_size = (_image_end - _image_start)
OUTPUT(xQ.axf elf32-littlearm)

.debug_info     0x0000000000000000     0x6b07
 .debug_info    0x0000000000000000      0x2d0 ./freertos/src/FreeRTOSCommonHooks.o
 .debug_info    0x00000000000002d0      0x261 ./freertos/src/heap_3.o
 .debug_info    0x0000000000000531      0x3fc ./freertos/src/list.o
 .debug_info    0x000000000000092d      0x4ff ./freertos/src/port.o
 .debug_info    0x0000000000000e2c      0xd05 ./freertos/src/queue.o
 .debug_info    0x0000000000001b31     0x132c ./freertos/src/tasks.o
 .debug_info    0x0000000000002e5d      0x251 ./example/src/cr_startup_lpc175x_6x.o
 .debug_info    0x00000000000030ae      0x232 ./example/src/sysinit2.o
 .debug_info    0x00000000000032e0      0x43d ./example/src/xQ.o
 .debug_info    0x000000000000371d     0x149b /home/jpatel/freertos-pc/lpc_board_nxp_lpcxpresso_1769/Debug/liblpc_board_nxp_lpcxpresso_1769.a(board.o)
 .debug_info    0x0000000000004bb8      0x6c3 /home/jpatel/freertos-pc/lpc_board_nxp_lpcxpresso_1769/Debug/liblpc_board_nxp_lpcxpresso_1769.a(board_sysinit.o)
 .debug_info    0x000000000000527b      0x558 /home/jpatel/freertos-pc/lpc_chip_175x_6x/Debug/liblpc_chip_175x_6x.a(chip_17xx_40xx.o)
 .debug_info    0x00000000000057d3      0xba2 /home/jpatel/freertos-pc/lpc_chip_175x_6x/Debug/liblpc_chip_175x_6x.a(clock_17xx_40xx.o)
 .debug_info    0x0000000000006375      0x31e /home/jpatel/freertos-pc/lpc_chip_175x_6x/Debug/liblpc_chip_175x_6x.a(iocon_17xx_40xx.o)
 .debug_info    0x0000000000006693      0x474 /home/jpatel/freertos-pc/lpc_chip_175x_6x/Debug/liblpc_chip_175x_6x.a(sysinit_17xx_40xx.o)

.debug_abbrev   0x0000000000000000     0x19d1
 .debug_abbrev  0x0000000000000000      0x165 ./freertos/src/FreeRTOSCommonHooks.o
 .debug_abbrev  0x0000000000000165      0x117 ./freertos/src/heap_3.o
 .debug_abbrev  0x000000000000027c      0x122 ./freertos/src/list.o
 .debug_abbrev  0x000000000000039e      0x21b ./freertos/src/port.o
 .debug_abbrev  0x00000000000005b9      0x212 ./freertos/src/queue.o
 .debug_abbrev  0x00000000000007cb      0x254 ./freertos/src/tasks.o
 .debug_abbrev  0x0000000000000a1f      0x103 ./example/src/cr_startup_lpc175x_6x.o
 .debug_abbrev  0x0000000000000b22       0xdd ./example/src/sysinit2.o
 .debug_abbrev  0x0000000000000bff      0x172 ./example/src/xQ.o
 .debug_abbrev  0x0000000000000d71      0x3ae /home/jpatel/freertos-pc/lpc_board_nxp_lpcxpresso_1769/Debug/liblpc_board_nxp_lpcxpresso_1769.a(board.o)
 .debug_abbrev  0x000000000000111f      0x180 /home/jpatel/freertos-pc/lpc_board_nxp_lpcxpresso_1769/Debug/liblpc_board_nxp_lpcxpresso_1769.a(board_sysinit.o)
 .debug_abbrev  0x000000000000129f      0x151 /home/jpatel/freertos-pc/lpc_chip_175x_6x/Debug/liblpc_chip_175x_6x.a(chip_17xx_40xx.o)
 .debug_abbrev  0x00000000000013f0      0x309 /home/jpatel/freertos-pc/lpc_chip_175x_6x/Debug/liblpc_chip_175x_6x.a(clock_17xx_40xx.o)
 .debug_abbrev  0x00000000000016f9      0x14a /home/jpatel/freertos-pc/lpc_chip_175x_6x/Debug/liblpc_chip_175x_6x.a(iocon_17xx_40xx.o)
 .debug_abbrev  0x0000000000001843      0x18e /home/jpatel/freertos-pc/lpc_chip_175x_6x/Debug/liblpc_chip_175x_6x.a(sysinit_17xx_40xx.o)

.debug_aranges  0x0000000000000000      0x7e8
 .debug_aranges
                0x0000000000000000       0x40 ./freertos/src/FreeRTOSCommonHooks.o
 .debug_aranges
                0x0000000000000040       0x28 ./freertos/src/heap_3.o
 .debug_aranges
                0x0000000000000068       0x40 ./freertos/src/list.o
 .debug_aranges
                0x00000000000000a8       0x90 ./freertos/src/port.o
 .debug_aranges
                0x0000000000000138       0xf0 ./freertos/src/queue.o
 .debug_aranges
                0x0000000000000228      0x170 ./freertos/src/tasks.o
 .debug_aranges
                0x0000000000000398       0x80 ./example/src/cr_startup_lpc175x_6x.o
 .debug_aranges
                0x0000000000000418       0x20 ./example/src/sysinit2.o
 .debug_aranges
                0x0000000000000438       0x40 ./example/src/xQ.o
 .debug_aranges
                0x0000000000000478      0x150 /home/jpatel/freertos-pc/lpc_board_nxp_lpcxpresso_1769/Debug/liblpc_board_nxp_lpcxpresso_1769.a(board.o)
 .debug_aranges
                0x00000000000005c8       0x38 /home/jpatel/freertos-pc/lpc_board_nxp_lpcxpresso_1769/Debug/liblpc_board_nxp_lpcxpresso_1769.a(board_sysinit.o)
 .debug_aranges
                0x0000000000000600       0x38 /home/jpatel/freertos-pc/lpc_chip_175x_6x/Debug/liblpc_chip_175x_6x.a(chip_17xx_40xx.o)
 .debug_aranges
                0x0000000000000638      0x120 /home/jpatel/freertos-pc/lpc_chip_175x_6x/Debug/liblpc_chip_175x_6x.a(clock_17xx_40xx.o)
 .debug_aranges
                0x0000000000000758       0x30 /home/jpatel/freertos-pc/lpc_chip_175x_6x/Debug/liblpc_chip_175x_6x.a(iocon_17xx_40xx.o)
 .debug_aranges
                0x0000000000000788       0x60 /home/jpatel/freertos-pc/lpc_chip_175x_6x/Debug/liblpc_chip_175x_6x.a(sysinit_17xx_40xx.o)

.debug_ranges   0x0000000000000000      0x6f8
 .debug_ranges  0x0000000000000000       0x30 ./freertos/src/FreeRTOSCommonHooks.o
 .debug_ranges  0x0000000000000030       0x18 ./freertos/src/heap_3.o
 .debug_ranges  0x0000000000000048       0x30 ./freertos/src/list.o
 .debug_ranges  0x0000000000000078       0x80 ./freertos/src/port.o
 .debug_ranges  0x00000000000000f8       0xe0 ./freertos/src/queue.o
 .debug_ranges  0x00000000000001d8      0x160 ./freertos/src/tasks.o
 .debug_ranges  0x0000000000000338       0x70 ./example/src/cr_startup_lpc175x_6x.o
 .debug_ranges  0x00000000000003a8       0x10 ./example/src/sysinit2.o
 .debug_ranges  0x00000000000003b8       0x30 ./example/src/xQ.o
 .debug_ranges  0x00000000000003e8      0x140 /home/jpatel/freertos-pc/lpc_board_nxp_lpcxpresso_1769/Debug/liblpc_board_nxp_lpcxpresso_1769.a(board.o)
 .debug_ranges  0x0000000000000528       0x28 /home/jpatel/freertos-pc/lpc_board_nxp_lpcxpresso_1769/Debug/liblpc_board_nxp_lpcxpresso_1769.a(board_sysinit.o)
 .debug_ranges  0x0000000000000550       0x28 /home/jpatel/freertos-pc/lpc_chip_175x_6x/Debug/liblpc_chip_175x_6x.a(chip_17xx_40xx.o)
 .debug_ranges  0x0000000000000578      0x110 /home/jpatel/freertos-pc/lpc_chip_175x_6x/Debug/liblpc_chip_175x_6x.a(clock_17xx_40xx.o)
 .debug_ranges  0x0000000000000688       0x20 /home/jpatel/freertos-pc/lpc_chip_175x_6x/Debug/liblpc_chip_175x_6x.a(iocon_17xx_40xx.o)
 .debug_ranges  0x00000000000006a8       0x50 /home/jpatel/freertos-pc/lpc_chip_175x_6x/Debug/liblpc_chip_175x_6x.a(sysinit_17xx_40xx.o)

.debug_macro    0x0000000000000000     0x7024
 .debug_macro   0x0000000000000000      0x29c ./freertos/src/FreeRTOSCommonHooks.o
 .debug_macro   0x000000000000029c      0xa66 ./freertos/src/FreeRTOSCommonHooks.o
 .debug_macro   0x0000000000000d02       0x10 ./freertos/src/FreeRTOSCommonHooks.o
 .debug_macro   0x0000000000000d12      0x12d ./freertos/src/FreeRTOSCommonHooks.o
 .debug_macro   0x0000000000000e3f       0x16 ./freertos/src/FreeRTOSCommonHooks.o
 .debug_macro   0x0000000000000e55       0x46 ./freertos/src/FreeRTOSCommonHooks.o
 .debug_macro   0x0000000000000e9b      0x5b2 ./freertos/src/FreeRTOSCommonHooks.o
 .debug_macro   0x000000000000144d       0x22 ./freertos/src/FreeRTOSCommonHooks.o
 .debug_macro   0x000000000000146f       0x74 ./freertos/src/FreeRTOSCommonHooks.o
 .debug_macro   0x00000000000014e3       0x10 ./freertos/src/FreeRTOSCommonHooks.o
 .debug_macro   0x00000000000014f3       0x2d ./freertos/src/FreeRTOSCommonHooks.o
 .debug_macro   0x0000000000001520       0x3a ./freertos/src/FreeRTOSCommonHooks.o
 .debug_macro   0x000000000000155a       0x2d ./freertos/src/FreeRTOSCommonHooks.o
 .debug_macro   0x0000000000001587      0xbb1 ./freertos/src/FreeRTOSCommonHooks.o
 .debug_macro   0x0000000000002138      0x22c ./freertos/src/FreeRTOSCommonHooks.o
 .debug_macro   0x0000000000002364       0x42 ./freertos/src/FreeRTOSCommonHooks.o
 .debug_macro   0x00000000000023a6       0x52 ./freertos/src/FreeRTOSCommonHooks.o
 .debug_macro   0x00000000000023f8       0x78 ./freertos/src/FreeRTOSCommonHooks.o
 .debug_macro   0x0000000000002470       0x82 ./freertos/src/FreeRTOSCommonHooks.o
 .debug_macro   0x00000000000024f2      0x48c ./freertos/src/FreeRTOSCommonHooks.o
 .debug_macro   0x000000000000297e       0x34 ./freertos/src/FreeRTOSCommonHooks.o
 .debug_macro   0x00000000000029b2      0x4c5 ./freertos/src/FreeRTOSCommonHooks.o
 .debug_macro   0x0000000000002e77      0x1b7 ./freertos/src/FreeRTOSCommonHooks.o
 .debug_macro   0x000000000000302e       0x10 ./freertos/src/FreeRTOSCommonHooks.o
 .debug_macro   0x000000000000303e      0x21b ./freertos/src/FreeRTOSCommonHooks.o
 .debug_macro   0x0000000000003259      0x1b9 ./freertos/src/FreeRTOSCommonHooks.o
 .debug_macro   0x0000000000003412       0x40 ./freertos/src/FreeRTOSCommonHooks.o
 .debug_macro   0x0000000000003452       0x22 ./freertos/src/FreeRTOSCommonHooks.o
 .debug_macro   0x0000000000003474      0x162 ./freertos/src/FreeRTOSCommonHooks.o
 .debug_macro   0x00000000000035d6       0x94 ./freertos/src/FreeRTOSCommonHooks.o
 .debug_macro   0x000000000000366a       0xb8 ./freertos/src/FreeRTOSCommonHooks.o
 .debug_macro   0x0000000000003722       0x4c ./freertos/src/FreeRTOSCommonHooks.o
 .debug_macro   0x000000000000376e       0x16 ./freertos/src/FreeRTOSCommonHooks.o
 .debug_macro   0x0000000000003784      0x328 ./freertos/src/FreeRTOSCommonHooks.o
 .debug_macro   0x0000000000003aac       0x49 ./freertos/src/FreeRTOSCommonHooks.o
 .debug_macro   0x0000000000003af5       0x16 ./freertos/src/FreeRTOSCommonHooks.o
 .debug_macro   0x0000000000003b0b       0xca ./freertos/src/FreeRTOSCommonHooks.o
 .debug_macro   0x0000000000003bd5       0x11 ./freertos/src/FreeRTOSCommonHooks.o
 .debug_macro   0x0000000000003be6       0x70 ./freertos/src/FreeRTOSCommonHooks.o
 .debug_macro   0x0000000000003c56       0x9a ./freertos/src/FreeRTOSCommonHooks.o
 .debug_macro   0x0000000000003cf0       0x20 ./freertos/src/FreeRTOSCommonHooks.o
 .debug_macro   0x0000000000003d10       0x28 ./freertos/src/FreeRTOSCommonHooks.o
 .debug_macro   0x0000000000003d38       0xee ./freertos/src/FreeRTOSCommonHooks.o
 .debug_macro   0x0000000000003e26       0xab ./freertos/src/FreeRTOSCommonHooks.o
 .debug_macro   0x0000000000003ed1       0x12 ./freertos/src/FreeRTOSCommonHooks.o
 .debug_macro   0x0000000000003ee3       0x1f ./freertos/src/FreeRTOSCommonHooks.o
 .debug_macro   0x0000000000003f02      0x257 ./freertos/src/FreeRTOSCommonHooks.o
 .debug_macro   0x0000000000004159       0x64 ./freertos/src/FreeRTOSCommonHooks.o
 .debug_macro   0x00000000000041bd       0x57 ./freertos/src/FreeRTOSCommonHooks.o
 .debug_macro   0x0000000000004214      0x2b2 ./freertos/src/heap_3.o
 .debug_macro   0x00000000000044c6       0x28 ./freertos/src/heap_3.o
 .debug_macro   0x00000000000044ee      0x297 ./freertos/src/list.o
 .debug_macro   0x0000000000004785      0x329 ./freertos/src/port.o
 .debug_macro   0x0000000000004aae      0x2fa ./freertos/src/queue.o
 .debug_macro   0x0000000000004da8       0xb0 ./freertos/src/queue.o
 .debug_macro   0x0000000000004e58      0x336 ./freertos/src/tasks.o
 .debug_macro   0x000000000000518e       0x5b ./freertos/src/tasks.o
 .debug_macro   0x00000000000051e9       0x16 ./freertos/src/tasks.o
 .debug_macro   0x00000000000051ff       0x1d ./example/src/cr_startup_lpc175x_6x.o
 .debug_macro   0x000000000000521c      0x217 ./example/src/sysinit2.o
 .debug_macro   0x0000000000005433       0x7b ./example/src/sysinit2.o
 .debug_macro   0x00000000000054ae       0x18 ./example/src/sysinit2.o
 .debug_macro   0x00000000000054c6      0x2ca ./example/src/xQ.o
 .debug_macro   0x0000000000005790       0xa0 ./example/src/xQ.o
 .debug_macro   0x0000000000005830       0x10 ./example/src/xQ.o
 .debug_macro   0x0000000000005840       0xf4 ./example/src/xQ.o
 .debug_macro   0x0000000000005934       0x1c ./example/src/xQ.o
 .debug_macro   0x0000000000005950       0x10 ./example/src/xQ.o
 .debug_macro   0x0000000000005960       0x34 ./example/src/xQ.o
 .debug_macro   0x0000000000005994      0x2a1 /home/jpatel/freertos-pc/lpc_board_nxp_lpcxpresso_1769/Debug/liblpc_board_nxp_lpcxpresso_1769.a(board.o)
 .debug_macro   0x0000000000005c35      0xa72 /home/jpatel/freertos-pc/lpc_board_nxp_lpcxpresso_1769/Debug/liblpc_board_nxp_lpcxpresso_1769.a(board.o)
 .debug_macro   0x00000000000066a7       0x20 /home/jpatel/freertos-pc/lpc_board_nxp_lpcxpresso_1769/Debug/liblpc_board_nxp_lpcxpresso_1769.a(board.o)
 .debug_macro   0x00000000000066c7       0x12 /home/jpatel/freertos-pc/lpc_board_nxp_lpcxpresso_1769/Debug/liblpc_board_nxp_lpcxpresso_1769.a(board.o)
 .debug_macro   0x00000000000066d9      0x217 /home/jpatel/freertos-pc/lpc_board_nxp_lpcxpresso_1769/Debug/liblpc_board_nxp_lpcxpresso_1769.a(board_sysinit.o)
 .debug_macro   0x00000000000068f0      0x1cd /home/jpatel/freertos-pc/lpc_chip_175x_6x/Debug/liblpc_chip_175x_6x.a(chip_17xx_40xx.o)
 .debug_macro   0x0000000000006abd      0x1cd /home/jpatel/freertos-pc/lpc_chip_175x_6x/Debug/liblpc_chip_175x_6x.a(clock_17xx_40xx.o)
 .debug_macro   0x0000000000006c8a      0x1cd /home/jpatel/freertos-pc/lpc_chip_175x_6x/Debug/liblpc_chip_175x_6x.a(iocon_17xx_40xx.o)
 .debug_macro   0x0000000000006e57      0x1cd /home/jpatel/freertos-pc/lpc_chip_175x_6x/Debug/liblpc_chip_175x_6x.a(sysinit_17xx_40xx.o)

.debug_line     0x0000000000000000     0x5e7e
 .debug_line    0x0000000000000000      0x625 ./freertos/src/FreeRTOSCommonHooks.o
 .debug_line    0x0000000000000625      0x5ca ./freertos/src/heap_3.o
 .debug_line    0x0000000000000bef      0x616 ./freertos/src/list.o
 .debug_line    0x0000000000001205      0x6fc ./freertos/src/port.o
 .debug_line    0x0000000000001901      0x920 ./freertos/src/queue.o
 .debug_line    0x0000000000002221      0xcca ./freertos/src/tasks.o
 .debug_line    0x0000000000002eeb       0xdb ./example/src/cr_startup_lpc175x_6x.o
 .debug_line    0x0000000000002fc6      0x4da ./example/src/sysinit2.o
 .debug_line    0x00000000000034a0      0x6bf ./example/src/xQ.o
 .debug_line    0x0000000000003b5f      0x860 /home/jpatel/freertos-pc/lpc_board_nxp_lpcxpresso_1769/Debug/liblpc_board_nxp_lpcxpresso_1769.a(board.o)
 .debug_line    0x00000000000043bf      0x511 /home/jpatel/freertos-pc/lpc_board_nxp_lpcxpresso_1769/Debug/liblpc_board_nxp_lpcxpresso_1769.a(board_sysinit.o)
 .debug_line    0x00000000000048d0      0x4b4 /home/jpatel/freertos-pc/lpc_chip_175x_6x/Debug/liblpc_chip_175x_6x.a(chip_17xx_40xx.o)
 .debug_line    0x0000000000004d84      0x730 /home/jpatel/freertos-pc/lpc_chip_175x_6x/Debug/liblpc_chip_175x_6x.a(clock_17xx_40xx.o)
 .debug_line    0x00000000000054b4      0x4a0 /home/jpatel/freertos-pc/lpc_chip_175x_6x/Debug/liblpc_chip_175x_6x.a(iocon_17xx_40xx.o)
 .debug_line    0x0000000000005954      0x52a /home/jpatel/freertos-pc/lpc_chip_175x_6x/Debug/liblpc_chip_175x_6x.a(sysinit_17xx_40xx.o)

.debug_str      0x0000000000000000    0x18202
 .debug_str     0x0000000000000000    0x1334c ./freertos/src/FreeRTOSCommonHooks.o
                                      0x13434 (size before relaxing)
 .debug_str     0x000000000001334c      0x103 ./freertos/src/heap_3.o
                                      0x13448 (size before relaxing)
 .debug_str     0x000000000001344f      0x12e ./freertos/src/list.o
                                      0x1318d (size before relaxing)
 .debug_str     0x000000000001357d      0x8f6 ./freertos/src/port.o
                                      0x13c84 (size before relaxing)
 .debug_str     0x0000000000013e73     0x1106 ./freertos/src/queue.o
                                      0x14795 (size before relaxing)
 .debug_str     0x0000000000014f79     0x14cf ./freertos/src/tasks.o
                                      0x14c4f (size before relaxing)
 .debug_str     0x0000000000016448      0x1b3 ./example/src/cr_startup_lpc175x_6x.o
                                       0x2e9c (size before relaxing)
 .debug_str     0x00000000000165fb       0x5a ./example/src/sysinit2.o
                                      0x1127f (size before relaxing)
 .debug_str     0x0000000000016655      0x1b5 ./example/src/xQ.o
                                      0x141b9 (size before relaxing)
 .debug_str     0x000000000001680a      0xd94 /home/jpatel/freertos-pc/lpc_board_nxp_lpcxpresso_1769/Debug/liblpc_board_nxp_lpcxpresso_1769.a(board.o)
                                      0x1217b (size before relaxing)
 .debug_str     0x000000000001759e      0x22d /home/jpatel/freertos-pc/lpc_board_nxp_lpcxpresso_1769/Debug/liblpc_board_nxp_lpcxpresso_1769.a(board_sysinit.o)
                                      0x11696 (size before relaxing)
 .debug_str     0x00000000000177cb       0xa3 /home/jpatel/freertos-pc/lpc_chip_175x_6x/Debug/liblpc_chip_175x_6x.a(chip_17xx_40xx.o)
                                      0x112e9 (size before relaxing)
 .debug_str     0x000000000001786e      0x857 /home/jpatel/freertos-pc/lpc_chip_175x_6x/Debug/liblpc_chip_175x_6x.a(clock_17xx_40xx.o)
                                      0x11967 (size before relaxing)
 .debug_str     0x00000000000180c5       0x79 /home/jpatel/freertos-pc/lpc_chip_175x_6x/Debug/liblpc_chip_175x_6x.a(iocon_17xx_40xx.o)
                                      0x10de4 (size before relaxing)
 .debug_str     0x000000000001813e       0xc4 /home/jpatel/freertos-pc/lpc_chip_175x_6x/Debug/liblpc_chip_175x_6x.a(sysinit_17xx_40xx.o)
                                      0x10fcc (size before relaxing)

.comment        0x0000000000000000       0x7f
 .comment       0x0000000000000000       0x7f ./freertos/src/FreeRTOSCommonHooks.o
                                         0x80 (size before relaxing)
 .comment       0x000000000000007f       0x80 ./freertos/src/heap_3.o
 .comment       0x000000000000007f       0x80 ./freertos/src/list.o
 .comment       0x000000000000007f       0x80 ./freertos/src/port.o
 .comment       0x000000000000007f       0x80 ./freertos/src/queue.o
 .comment       0x000000000000007f       0x80 ./freertos/src/tasks.o
 .comment       0x000000000000007f       0x80 ./example/src/cr_startup_lpc175x_6x.o
 .comment       0x000000000000007f       0x80 ./example/src/sysinit2.o
 .comment       0x000000000000007f       0x80 ./example/src/xQ.o
 .comment       0x000000000000007f       0x80 /home/jpatel/freertos-pc/lpc_board_nxp_lpcxpresso_1769/Debug/liblpc_board_nxp_lpcxpresso_1769.a(board.o)
 .comment       0x000000000000007f       0x80 /home/jpatel/freertos-pc/lpc_board_nxp_lpcxpresso_1769/Debug/liblpc_board_nxp_lpcxpresso_1769.a(board_sysinit.o)
 .comment       0x000000000000007f       0x80 /home/jpatel/freertos-pc/lpc_chip_175x_6x/Debug/liblpc_chip_175x_6x.a(chip_17xx_40xx.o)
 .comment       0x000000000000007f       0x80 /home/jpatel/freertos-pc/lpc_chip_175x_6x/Debug/liblpc_chip_175x_6x.a(clock_17xx_40xx.o)
 .comment       0x000000000000007f       0x80 /home/jpatel/freertos-pc/lpc_chip_175x_6x/Debug/liblpc_chip_175x_6x.a(iocon_17xx_40xx.o)
 .comment       0x000000000000007f       0x80 /home/jpatel/freertos-pc/lpc_chip_175x_6x/Debug/liblpc_chip_175x_6x.a(sysinit_17xx_40xx.o)
 .comment       0x000000000000007f       0x80 /usr/local/mcuxpressoide-10.3.1_2233/ide/plugins/com.nxp.mcuxpresso.tools.linux_10.3.0.201811011841/tools/bin/../lib/gcc/arm-none-eabi/7.3.1/../../../../arm-none-eabi/lib/thumb/v7-m/libcr_semihost.a(_cr__main.o)
 .comment       0x000000000000007f       0x80 /usr/local/mcuxpressoide-10.3.1_2233/ide/plugins/com.nxp.mcuxpresso.tools.linux_10.3.0.201811011841/tools/bin/../lib/gcc/arm-none-eabi/7.3.1/../../../../arm-none-eabi/lib/thumb/v7-m/libcr_c.a(memcpy.o)
 .comment       0x000000000000007f       0x80 /usr/local/mcuxpressoide-10.3.1_2233/ide/plugins/com.nxp.mcuxpresso.tools.linux_10.3.0.201811011841/tools/bin/../lib/gcc/arm-none-eabi/7.3.1/../../../../arm-none-eabi/lib/thumb/v7-m/libcr_c.a(memset.o)
 .comment       0x000000000000007f       0x80 /usr/local/mcuxpressoide-10.3.1_2233/ide/plugins/com.nxp.mcuxpresso.tools.linux_10.3.0.201811011841/tools/bin/../lib/gcc/arm-none-eabi/7.3.1/../../../../arm-none-eabi/lib/thumb/v7-m/libcr_c.a(alloc.o)
 .comment       0x000000000000007f       0x80 /usr/local/mcuxpressoide-10.3.1_2233/ide/plugins/com.nxp.mcuxpresso.tools.linux_10.3.0.201811011841/tools/bin/../lib/gcc/arm-none-eabi/7.3.1/../../../../arm-none-eabi/lib/thumb/v7-m/libcr_c.a(cr_time.o)
 .comment       0x000000000000007f       0x80 /usr/local/mcuxpressoide-10.3.1_2233/ide/plugins/com.nxp.mcuxpresso.tools.linux_10.3.0.201811011841/tools/bin/../lib/gcc/arm-none-eabi/7.3.1/../../../../arm-none-eabi/lib/thumb/v7-m/libcr_c.a(initio.o)
 .comment       0x000000000000007f       0x80 /usr/local/mcuxpressoide-10.3.1_2233/ide/plugins/com.nxp.mcuxpresso.tools.linux_10.3.0.201811011841/tools/bin/../lib/gcc/arm-none-eabi/7.3.1/../../../../arm-none-eabi/lib/thumb/v7-m/libcr_c.a(setvbuf.o)
 .comment       0x000000000000007f       0x80 /usr/local/mcuxpressoide-10.3.1_2233/ide/plugins/com.nxp.mcuxpresso.tools.linux_10.3.0.201811011841/tools/bin/../lib/gcc/arm-none-eabi/7.3.1/../../../../arm-none-eabi/lib/thumb/v7-m/libcr_c.a(stdlib.o)
 .comment       0x000000000000007f       0x80 /usr/local/mcuxpressoide-10.3.1_2233/ide/plugins/com.nxp.mcuxpresso.tools.linux_10.3.0.201811011841/tools/bin/../lib/gcc/arm-none-eabi/7.3.1/../../../../arm-none-eabi/lib/thumb/v7-m/libcr_c.a(strlen.o)
 .comment       0x000000000000007f       0x80 /usr/local/mcuxpressoide-10.3.1_2233/ide/plugins/com.nxp.mcuxpresso.tools.linux_10.3.0.201811011841/tools/bin/../lib/gcc/arm-none-eabi/7.3.1/../../../../arm-none-eabi/lib/thumb/v7-m/libcr_c.a(__init_alloc.o)
 .comment       0x000000000000007f       0x80 /usr/local/mcuxpressoide-10.3.1_2233/ide/plugins/com.nxp.mcuxpresso.tools.linux_10.3.0.201811011841/tools/bin/../lib/gcc/arm-none-eabi/7.3.1/../../../../arm-none-eabi/lib/thumb/v7-m/libcr_c.a(_cr_sbrk.o)
 .comment       0x000000000000007f       0x80 /usr/local/mcuxpressoide-10.3.1_2233/ide/plugins/com.nxp.mcuxpresso.tools.linux_10.3.0.201811011841/tools/bin/../lib/gcc/arm-none-eabi/7.3.1/../../../../arm-none-eabi/lib/thumb/v7-m/libcr_c.a(_deferredlazyseek.o)
 .comment       0x000000000000007f       0x80 /usr/local/mcuxpressoide-10.3.1_2233/ide/plugins/com.nxp.mcuxpresso.tools.linux_10.3.0.201811011841/tools/bin/../lib/gcc/arm-none-eabi/7.3.1/../../../../arm-none-eabi/lib/thumb/v7-m/libcr_c.a(_fdopen.o)
 .comment       0x000000000000007f       0x80 /usr/local/mcuxpressoide-10.3.1_2233/ide/plugins/com.nxp.mcuxpresso.tools.linux_10.3.0.201811011841/tools/bin/../lib/gcc/arm-none-eabi/7.3.1/../../../../arm-none-eabi/lib/thumb/v7-m/libcr_c.a(_fflush.o)
 .comment       0x000000000000007f       0x80 /usr/local/mcuxpressoide-10.3.1_2233/ide/plugins/com.nxp.mcuxpresso.tools.linux_10.3.0.201811011841/tools/bin/../lib/gcc/arm-none-eabi/7.3.1/../../../../arm-none-eabi/lib/thumb/v7-m/libcr_c.a(_writebuf.o)
 .comment       0x000000000000007f       0x80 /usr/local/mcuxpressoide-10.3.1_2233/ide/plugins/com.nxp.mcuxpresso.tools.linux_10.3.0.201811011841/tools/bin/../lib/gcc/arm-none-eabi/7.3.1/../../../../arm-none-eabi/lib/thumb/v7-m/libcr_c.a(errno.o)
 .comment       0x000000000000007f       0x80 /usr/local/mcuxpressoide-10.3.1_2233/ide/plugins/com.nxp.mcuxpresso.tools.linux_10.3.0.201811011841/tools/bin/../lib/gcc/arm-none-eabi/7.3.1/../../../../arm-none-eabi/lib/thumb/v7-m/libcr_c.a(fclose.o)
 .comment       0x000000000000007f       0x80 /usr/local/mcuxpressoide-10.3.1_2233/ide/plugins/com.nxp.mcuxpresso.tools.linux_10.3.0.201811011841/tools/bin/../lib/gcc/arm-none-eabi/7.3.1/../../../../arm-none-eabi/lib/thumb/v7-m/libcr_c.a(fflush.o)
 .comment       0x000000000000007f       0x80 /usr/local/mcuxpressoide-10.3.1_2233/ide/plugins/com.nxp.mcuxpresso.tools.linux_10.3.0.201811011841/tools/bin/../lib/gcc/arm-none-eabi/7.3.1/../../../../arm-none-eabi/lib/thumb/v7-m/libcr_c.a(fseek.o)
 .comment       0x000000000000007f       0x80 /usr/local/mcuxpressoide-10.3.1_2233/ide/plugins/com.nxp.mcuxpresso.tools.linux_10.3.0.201811011841/tools/bin/../lib/gcc/arm-none-eabi/7.3.1/../../../../arm-none-eabi/lib/thumb/v7-m/libcr_c.a(ftell.o)
 .comment       0x000000000000007f       0x80 /usr/local/mcuxpressoide-10.3.1_2233/ide/plugins/com.nxp.mcuxpresso.tools.linux_10.3.0.201811011841/tools/bin/../lib/gcc/arm-none-eabi/7.3.1/../../../../arm-none-eabi/lib/thumb/v7-m/libcr_c.a(remove.o)
 .comment       0x000000000000007f       0x80 /usr/local/mcuxpressoide-10.3.1_2233/ide/plugins/com.nxp.mcuxpresso.tools.linux_10.3.0.201811011841/tools/bin/../lib/gcc/arm-none-eabi/7.3.1/../../../../arm-none-eabi/lib/thumb/v7-m/libcr_c.a(_cr_check_heap.o)
 .comment       0x000000000000007f       0x80 /usr/local/mcuxpressoide-10.3.1_2233/ide/plugins/com.nxp.mcuxpresso.tools.linux_10.3.0.201811011841/tools/bin/../lib/gcc/arm-none-eabi/7.3.1/../../../../arm-none-eabi/lib/thumb/v7-m/libcr_c.a(_do_fflush.o)
 .comment       0x000000000000007f       0x80 /usr/local/mcuxpressoide-10.3.1_2233/ide/plugins/com.nxp.mcuxpresso.tools.linux_10.3.0.201811011841/tools/bin/../lib/gcc/arm-none-eabi/7.3.1/thumb/v7-m/libcr_eabihelpers.a(float.o)
 .comment       0x000000000000007f       0x80 /usr/local/mcuxpressoide-10.3.1_2233/ide/plugins/com.nxp.mcuxpresso.tools.linux_10.3.0.201811011841/tools/bin/../lib/gcc/arm-none-eabi/7.3.1/../../../../arm-none-eabi/lib/thumb/v7-m/libcr_semihost.a(__ciob.o)

.ARM.attributes
                0x0000000000000000       0x31
 .ARM.attributes
                0x0000000000000000       0x33 ./freertos/src/FreeRTOSCommonHooks.o
 .ARM.attributes
                0x0000000000000033       0x33 ./freertos/src/heap_3.o
 .ARM.attributes
                0x0000000000000066       0x33 ./freertos/src/list.o
 .ARM.attributes
                0x0000000000000099       0x33 ./freertos/src/port.o
 .ARM.attributes
                0x00000000000000cc       0x33 ./freertos/src/queue.o
 .ARM.attributes
                0x00000000000000ff       0x33 ./freertos/src/tasks.o
 .ARM.attributes
                0x0000000000000132       0x33 ./example/src/cr_startup_lpc175x_6x.o
 .ARM.attributes
                0x0000000000000165       0x33 ./example/src/sysinit2.o
 .ARM.attributes
                0x0000000000000198       0x33 ./example/src/xQ.o
 .ARM.attributes
                0x00000000000001cb       0x33 /home/jpatel/freertos-pc/lpc_board_nxp_lpcxpresso_1769/Debug/liblpc_board_nxp_lpcxpresso_1769.a(board.o)
 .ARM.attributes
                0x00000000000001fe       0x33 /home/jpatel/freertos-pc/lpc_board_nxp_lpcxpresso_1769/Debug/liblpc_board_nxp_lpcxpresso_1769.a(board_sysinit.o)
 .ARM.attributes
                0x0000000000000231       0x33 /home/jpatel/freertos-pc/lpc_chip_175x_6x/Debug/liblpc_chip_175x_6x.a(chip_17xx_40xx.o)
 .ARM.attributes
                0x0000000000000264       0x33 /home/jpatel/freertos-pc/lpc_chip_175x_6x/Debug/liblpc_chip_175x_6x.a(clock_17xx_40xx.o)
 .ARM.attributes
                0x0000000000000297       0x33 /home/jpatel/freertos-pc/lpc_chip_175x_6x/Debug/liblpc_chip_175x_6x.a(iocon_17xx_40xx.o)
 .ARM.attributes
                0x00000000000002ca       0x33 /home/jpatel/freertos-pc/lpc_chip_175x_6x/Debug/liblpc_chip_175x_6x.a(sysinit_17xx_40xx.o)
 .ARM.attributes
                0x00000000000002fd       0x33 /usr/local/mcuxpressoide-10.3.1_2233/ide/plugins/com.nxp.mcuxpresso.tools.linux_10.3.0.201811011841/tools/bin/../lib/gcc/arm-none-eabi/7.3.1/../../../../arm-none-eabi/lib/thumb/v7-m/libcr_semihost.a(_cr__main.o)
 .ARM.attributes
                0x0000000000000330       0x33 /usr/local/mcuxpressoide-10.3.1_2233/ide/plugins/com.nxp.mcuxpresso.tools.linux_10.3.0.201811011841/tools/bin/../lib/gcc/arm-none-eabi/7.3.1/../../../../arm-none-eabi/lib/thumb/v7-m/libcr_c.a(memcpy.o)
 .ARM.attributes
                0x0000000000000363       0x33 /usr/local/mcuxpressoide-10.3.1_2233/ide/plugins/com.nxp.mcuxpresso.tools.linux_10.3.0.201811011841/tools/bin/../lib/gcc/arm-none-eabi/7.3.1/../../../../arm-none-eabi/lib/thumb/v7-m/libcr_c.a(memset.o)
 .ARM.attributes
                0x0000000000000396       0x33 /usr/local/mcuxpressoide-10.3.1_2233/ide/plugins/com.nxp.mcuxpresso.tools.linux_10.3.0.201811011841/tools/bin/../lib/gcc/arm-none-eabi/7.3.1/../../../../arm-none-eabi/lib/thumb/v7-m/libcr_c.a(alloc.o)
 .ARM.attributes
                0x00000000000003c9       0x33 /usr/local/mcuxpressoide-10.3.1_2233/ide/plugins/com.nxp.mcuxpresso.tools.linux_10.3.0.201811011841/tools/bin/../lib/gcc/arm-none-eabi/7.3.1/../../../../arm-none-eabi/lib/thumb/v7-m/libcr_c.a(cr_time.o)
 .ARM.attributes
                0x00000000000003fc       0x33 /usr/local/mcuxpressoide-10.3.1_2233/ide/plugins/com.nxp.mcuxpresso.tools.linux_10.3.0.201811011841/tools/bin/../lib/gcc/arm-none-eabi/7.3.1/../../../../arm-none-eabi/lib/thumb/v7-m/libcr_c.a(initio.o)
 .ARM.attributes
                0x000000000000042f       0x33 /usr/local/mcuxpressoide-10.3.1_2233/ide/plugins/com.nxp.mcuxpresso.tools.linux_10.3.0.201811011841/tools/bin/../lib/gcc/arm-none-eabi/7.3.1/../../../../arm-none-eabi/lib/thumb/v7-m/libcr_c.a(setvbuf.o)
 .ARM.attributes
                0x0000000000000462       0x33 /usr/local/mcuxpressoide-10.3.1_2233/ide/plugins/com.nxp.mcuxpresso.tools.linux_10.3.0.201811011841/tools/bin/../lib/gcc/arm-none-eabi/7.3.1/../../../../arm-none-eabi/lib/thumb/v7-m/libcr_c.a(stdlib.o)
 .ARM.attributes
                0x0000000000000495       0x33 /usr/local/mcuxpressoide-10.3.1_2233/ide/plugins/com.nxp.mcuxpresso.tools.linux_10.3.0.201811011841/tools/bin/../lib/gcc/arm-none-eabi/7.3.1/../../../../arm-none-eabi/lib/thumb/v7-m/libcr_c.a(strlen.o)
 .ARM.attributes
                0x00000000000004c8       0x33 /usr/local/mcuxpressoide-10.3.1_2233/ide/plugins/com.nxp.mcuxpresso.tools.linux_10.3.0.201811011841/tools/bin/../lib/gcc/arm-none-eabi/7.3.1/../../../../arm-none-eabi/lib/thumb/v7-m/libcr_c.a(__init_alloc.o)
 .ARM.attributes
                0x00000000000004fb       0x33 /usr/local/mcuxpressoide-10.3.1_2233/ide/plugins/com.nxp.mcuxpresso.tools.linux_10.3.0.201811011841/tools/bin/../lib/gcc/arm-none-eabi/7.3.1/../../../../arm-none-eabi/lib/thumb/v7-m/libcr_c.a(_cr_sbrk.o)
 .ARM.attributes
                0x000000000000052e       0x33 /usr/local/mcuxpressoide-10.3.1_2233/ide/plugins/com.nxp.mcuxpresso.tools.linux_10.3.0.201811011841/tools/bin/../lib/gcc/arm-none-eabi/7.3.1/../../../../arm-none-eabi/lib/thumb/v7-m/libcr_c.a(_deferredlazyseek.o)
 .ARM.attributes
                0x0000000000000561       0x33 /usr/local/mcuxpressoide-10.3.1_2233/ide/plugins/com.nxp.mcuxpresso.tools.linux_10.3.0.201811011841/tools/bin/../lib/gcc/arm-none-eabi/7.3.1/../../../../arm-none-eabi/lib/thumb/v7-m/libcr_c.a(_fdopen.o)
 .ARM.attributes
                0x0000000000000594       0x33 /usr/local/mcuxpressoide-10.3.1_2233/ide/plugins/com.nxp.mcuxpresso.tools.linux_10.3.0.201811011841/tools/bin/../lib/gcc/arm-none-eabi/7.3.1/../../../../arm-none-eabi/lib/thumb/v7-m/libcr_c.a(_fflush.o)
 .ARM.attributes
                0x00000000000005c7       0x33 /usr/local/mcuxpressoide-10.3.1_2233/ide/plugins/com.nxp.mcuxpresso.tools.linux_10.3.0.201811011841/tools/bin/../lib/gcc/arm-none-eabi/7.3.1/../../../../arm-none-eabi/lib/thumb/v7-m/libcr_c.a(_writebuf.o)
 .ARM.attributes
                0x00000000000005fa       0x33 /usr/local/mcuxpressoide-10.3.1_2233/ide/plugins/com.nxp.mcuxpresso.tools.linux_10.3.0.201811011841/tools/bin/../lib/gcc/arm-none-eabi/7.3.1/../../../../arm-none-eabi/lib/thumb/v7-m/libcr_c.a(errno.o)
 .ARM.attributes
                0x000000000000062d       0x33 /usr/local/mcuxpressoide-10.3.1_2233/ide/plugins/com.nxp.mcuxpresso.tools.linux_10.3.0.201811011841/tools/bin/../lib/gcc/arm-none-eabi/7.3.1/../../../../arm-none-eabi/lib/thumb/v7-m/libcr_c.a(fclose.o)
 .ARM.attributes
                0x0000000000000660       0x33 /usr/local/mcuxpressoide-10.3.1_2233/ide/plugins/com.nxp.mcuxpresso.tools.linux_10.3.0.201811011841/tools/bin/../lib/gcc/arm-none-eabi/7.3.1/../../../../arm-none-eabi/lib/thumb/v7-m/libcr_c.a(fflush.o)
 .ARM.attributes
                0x0000000000000693       0x33 /usr/local/mcuxpressoide-10.3.1_2233/ide/plugins/com.nxp.mcuxpresso.tools.linux_10.3.0.201811011841/tools/bin/../lib/gcc/arm-none-eabi/7.3.1/../../../../arm-none-eabi/lib/thumb/v7-m/libcr_c.a(fseek.o)
 .ARM.attributes
                0x00000000000006c6       0x33 /usr/local/mcuxpressoide-10.3.1_2233/ide/plugins/com.nxp.mcuxpresso.tools.linux_10.3.0.201811011841/tools/bin/../lib/gcc/arm-none-eabi/7.3.1/../../../../arm-none-eabi/lib/thumb/v7-m/libcr_c.a(ftell.o)
 .ARM.attributes
                0x00000000000006f9       0x33 /usr/local/mcuxpressoide-10.3.1_2233/ide/plugins/com.nxp.mcuxpresso.tools.linux_10.3.0.201811011841/tools/bin/../lib/gcc/arm-none-eabi/7.3.1/../../../../arm-none-eabi/lib/thumb/v7-m/libcr_c.a(remove.o)
 .ARM.attributes
                0x000000000000072c       0x33 /usr/local/mcuxpressoide-10.3.1_2233/ide/plugins/com.nxp.mcuxpresso.tools.linux_10.3.0.201811011841/tools/bin/../lib/gcc/arm-none-eabi/7.3.1/../../../../arm-none-eabi/lib/thumb/v7-m/libcr_c.a(_cr_check_heap.o)
 .ARM.attributes
                0x000000000000075f       0x33 /usr/local/mcuxpressoide-10.3.1_2233/ide/plugins/com.nxp.mcuxpresso.tools.linux_10.3.0.201811011841/tools/bin/../lib/gcc/arm-none-eabi/7.3.1/../../../../arm-none-eabi/lib/thumb/v7-m/libcr_c.a(_do_fflush.o)
 .ARM.attributes
                0x0000000000000792       0x33 /usr/local/mcuxpressoide-10.3.1_2233/ide/plugins/com.nxp.mcuxpresso.tools.linux_10.3.0.201811011841/tools/bin/../lib/gcc/arm-none-eabi/7.3.1/thumb/v7-m/libcr_eabihelpers.a(float.o)
 .ARM.attributes
                0x00000000000007c5       0x21 /usr/local/mcuxpressoide-10.3.1_2233/ide/plugins/com.nxp.mcuxpresso.tools.linux_10.3.0.201811011841/tools/bin/../lib/gcc/arm-none-eabi/7.3.1/thumb/v7-m/libcr_eabihelpers.a(memcpy.o)
 .ARM.attributes
                0x00000000000007e6       0x33 /usr/local/mcuxpressoide-10.3.1_2233/ide/plugins/com.nxp.mcuxpresso.tools.linux_10.3.0.201811011841/tools/bin/../lib/gcc/arm-none-eabi/7.3.1/../../../../arm-none-eabi/lib/thumb/v7-m/libcr_semihost.a(__ciob.o)
 .ARM.attributes
                0x0000000000000819       0x21 /usr/local/mcuxpressoide-10.3.1_2233/ide/plugins/com.nxp.mcuxpresso.tools.linux_10.3.0.201811011841/tools/bin/../lib/gcc/arm-none-eabi/7.3.1/../../../../arm-none-eabi/lib/thumb/v7-m/libcr_semihost.a(__sys_close.o)
 .ARM.attributes
                0x000000000000083a       0x21 /usr/local/mcuxpressoide-10.3.1_2233/ide/plugins/com.nxp.mcuxpresso.tools.linux_10.3.0.201811011841/tools/bin/../lib/gcc/arm-none-eabi/7.3.1/../../../../arm-none-eabi/lib/thumb/v7-m/libcr_semihost.a(__sys_flen.o)
 .ARM.attributes
                0x000000000000085b       0x21 /usr/local/mcuxpressoide-10.3.1_2233/ide/plugins/com.nxp.mcuxpresso.tools.linux_10.3.0.201811011841/tools/bin/../lib/gcc/arm-none-eabi/7.3.1/../../../../arm-none-eabi/lib/thumb/v7-m/libcr_semihost.a(__sys_istty.o)
 .ARM.attributes
                0x000000000000087c       0x21 /usr/local/mcuxpressoide-10.3.1_2233/ide/plugins/com.nxp.mcuxpresso.tools.linux_10.3.0.201811011841/tools/bin/../lib/gcc/arm-none-eabi/7.3.1/../../../../arm-none-eabi/lib/thumb/v7-m/libcr_semihost.a(__sys_remove.o)
 .ARM.attributes
                0x000000000000089d       0x21 /usr/local/mcuxpressoide-10.3.1_2233/ide/plugins/com.nxp.mcuxpresso.tools.linux_10.3.0.201811011841/tools/bin/../lib/gcc/arm-none-eabi/7.3.1/../../../../arm-none-eabi/lib/thumb/v7-m/libcr_semihost.a(__sys_seek.o)
 .ARM.attributes
                0x00000000000008be       0x21 /usr/local/mcuxpressoide-10.3.1_2233/ide/plugins/com.nxp.mcuxpresso.tools.linux_10.3.0.201811011841/tools/bin/../lib/gcc/arm-none-eabi/7.3.1/../../../../arm-none-eabi/lib/thumb/v7-m/libcr_semihost.a(__sys_time.o)
 .ARM.attributes
                0x00000000000008df       0x21 /usr/local/mcuxpressoide-10.3.1_2233/ide/plugins/com.nxp.mcuxpresso.tools.linux_10.3.0.201811011841/tools/bin/../lib/gcc/arm-none-eabi/7.3.1/../../../../arm-none-eabi/lib/thumb/v7-m/libcr_semihost.a(__sys_tmpnam.o)
 .ARM.attributes
                0x0000000000000900       0x21 /usr/local/mcuxpressoide-10.3.1_2233/ide/plugins/com.nxp.mcuxpresso.tools.linux_10.3.0.201811011841/tools/bin/../lib/gcc/arm-none-eabi/7.3.1/../../../../arm-none-eabi/lib/thumb/v7-m/libcr_semihost.a(__sys_write.o)

.debug_frame    0x0000000000000000     0x1ce4
 .debug_frame   0x0000000000000000       0xb0 ./freertos/src/FreeRTOSCommonHooks.o
 .debug_frame   0x00000000000000b0       0x58 ./freertos/src/heap_3.o
 .debug_frame   0x0000000000000108       0xd8 ./freertos/src/list.o
 .debug_frame   0x00000000000001e0      0x198 ./freertos/src/port.o
 .debug_frame   0x0000000000000378      0x404 ./freertos/src/queue.o
 .debug_frame   0x000000000000077c      0x634 ./freertos/src/tasks.o
 .debug_frame   0x0000000000000db0      0x170 ./example/src/cr_startup_lpc175x_6x.o
 .debug_frame   0x0000000000000f20       0x34 ./example/src/sysinit2.o
 .debug_frame   0x0000000000000f54       0xb4 ./example/src/xQ.o
 .debug_frame   0x0000000000001008      0x58c /home/jpatel/freertos-pc/lpc_board_nxp_lpcxpresso_1769/Debug/liblpc_board_nxp_lpcxpresso_1769.a(board.o)
 .debug_frame   0x0000000000001594       0x8c /home/jpatel/freertos-pc/lpc_board_nxp_lpcxpresso_1769/Debug/liblpc_board_nxp_lpcxpresso_1769.a(board_sysinit.o)
 .debug_frame   0x0000000000001620       0x88 /home/jpatel/freertos-pc/lpc_chip_175x_6x/Debug/liblpc_chip_175x_6x.a(chip_17xx_40xx.o)
 .debug_frame   0x00000000000016a8      0x490 /home/jpatel/freertos-pc/lpc_chip_175x_6x/Debug/liblpc_chip_175x_6x.a(clock_17xx_40xx.o)
 .debug_frame   0x0000000000001b38       0x80 /home/jpatel/freertos-pc/lpc_chip_175x_6x/Debug/liblpc_chip_175x_6x.a(iocon_17xx_40xx.o)
 .debug_frame   0x0000000000001bb8      0x12c /home/jpatel/freertos-pc/lpc_chip_175x_6x/Debug/liblpc_chip_175x_6x.a(sysinit_17xx_40xx.o)
