Archive member included to satisfy reference by file (symbol)

/home/jpatel/freertos/lpc_board_nxp_lpcxpresso_1769/Debug/liblpc_board_nxp_lpcxpresso_1769.a(board.o)
                              ./freertos/src/FreeRTOSCommonHooks.o (Board_UARTPutSTR)
/home/jpatel/freertos/lpc_board_nxp_lpcxpresso_1769/Debug/liblpc_board_nxp_lpcxpresso_1769.a(board_sysinit.o)
                              ./example/src/sysinit2.o (Board_SystemInit)
/home/jpatel/freertos/lpc_chip_175x_6x/Debug/liblpc_chip_175x_6x.a(chip_17xx_40xx.o)
                              ./freertos/src/port.o (SystemCoreClock)
/home/jpatel/freertos/lpc_chip_175x_6x/Debug/liblpc_chip_175x_6x.a(clock_17xx_40xx.o)
                              /home/jpatel/freertos/lpc_chip_175x_6x/Debug/liblpc_chip_175x_6x.a(chip_17xx_40xx.o) (Chip_Clock_EnablePLL)
/home/jpatel/freertos/lpc_chip_175x_6x/Debug/liblpc_chip_175x_6x.a(i2s_17xx_40xx.o)
                              /home/jpatel/freertos/lpc_board_nxp_lpcxpresso_1769/Debug/liblpc_board_nxp_lpcxpresso_1769.a(board.o) (Chip_I2S_Init)
/home/jpatel/freertos/lpc_chip_175x_6x/Debug/liblpc_chip_175x_6x.a(iocon_17xx_40xx.o)
                              /home/jpatel/freertos/lpc_board_nxp_lpcxpresso_1769/Debug/liblpc_board_nxp_lpcxpresso_1769.a(board.o) (Chip_IOCON_PinMux)
/home/jpatel/freertos/lpc_chip_175x_6x/Debug/liblpc_chip_175x_6x.a(sysinit_17xx_40xx.o)
                              /home/jpatel/freertos/lpc_board_nxp_lpcxpresso_1769/Debug/liblpc_board_nxp_lpcxpresso_1769.a(board_sysinit.o) (Chip_SetupXtalClocking)
/home/jpatel/freertos/lpc_chip_175x_6x/Debug/liblpc_chip_175x_6x.a(uart_17xx_40xx.o)
                              /home/jpatel/freertos/lpc_board_nxp_lpcxpresso_1769/Debug/liblpc_board_nxp_lpcxpresso_1769.a(board.o) (Chip_UART_Init)
/home/jpatel/freertos/lpc_chip_175x_6x/Debug/liblpc_chip_175x_6x.a(ring_buffer.o)
                              /home/jpatel/freertos/lpc_chip_175x_6x/Debug/liblpc_chip_175x_6x.a(uart_17xx_40xx.o) (RingBuffer_Insert)
/usr/local/mcuxpressoide-10.3.1_2233/ide/plugins/com.nxp.mcuxpresso.tools.linux_10.3.0.201811011841/tools/bin/../lib/gcc/arm-none-eabi/7.3.1/../../../../arm-none-eabi/lib/thumb/v7-m/libcr_nohost.a(_cr__main.o)
                              ./example/src/cr_startup_lpc175x_6x.o (__main)
/usr/local/mcuxpressoide-10.3.1_2233/ide/plugins/com.nxp.mcuxpresso.tools.linux_10.3.0.201811011841/tools/bin/../lib/gcc/arm-none-eabi/7.3.1/../../../../arm-none-eabi/lib/thumb/v7-m/libcr_c.a(memcpy.o)
                              ./freertos/src/queue.o (memcpy)
/usr/local/mcuxpressoide-10.3.1_2233/ide/plugins/com.nxp.mcuxpresso.tools.linux_10.3.0.201811011841/tools/bin/../lib/gcc/arm-none-eabi/7.3.1/../../../../arm-none-eabi/lib/thumb/v7-m/libcr_c.a(memset.o)
                              ./freertos/src/tasks.o (memset)
/usr/local/mcuxpressoide-10.3.1_2233/ide/plugins/com.nxp.mcuxpresso.tools.linux_10.3.0.201811011841/tools/bin/../lib/gcc/arm-none-eabi/7.3.1/../../../../arm-none-eabi/lib/thumb/v7-m/libcr_c.a(alloc.o)
                              ./freertos/src/heap_3.o (malloc)
/usr/local/mcuxpressoide-10.3.1_2233/ide/plugins/com.nxp.mcuxpresso.tools.linux_10.3.0.201811011841/tools/bin/../lib/gcc/arm-none-eabi/7.3.1/../../../../arm-none-eabi/lib/thumb/v7-m/libcr_c.a(fpprintf.o)
                              ./freertos/src/FreeRTOSCommonHooks.o (printf)
/usr/local/mcuxpressoide-10.3.1_2233/ide/plugins/com.nxp.mcuxpresso.tools.linux_10.3.0.201811011841/tools/bin/../lib/gcc/arm-none-eabi/7.3.1/../../../../arm-none-eabi/lib/thumb/v7-m/libcr_c.a(initio.o)
                              /usr/local/mcuxpressoide-10.3.1_2233/ide/plugins/com.nxp.mcuxpresso.tools.linux_10.3.0.201811011841/tools/bin/../lib/gcc/arm-none-eabi/7.3.1/../../../../arm-none-eabi/lib/thumb/v7-m/libcr_nohost.a(_cr__main.o) (_initio)
/usr/local/mcuxpressoide-10.3.1_2233/ide/plugins/com.nxp.mcuxpresso.tools.linux_10.3.0.201811011841/tools/bin/../lib/gcc/arm-none-eabi/7.3.1/../../../../arm-none-eabi/lib/thumb/v7-m/libcr_c.a(printf.o)
                              /usr/local/mcuxpressoide-10.3.1_2233/ide/plugins/com.nxp.mcuxpresso.tools.linux_10.3.0.201811011841/tools/bin/../lib/gcc/arm-none-eabi/7.3.1/../../../../arm-none-eabi/lib/thumb/v7-m/libcr_c.a(fpprintf.o) (__vfprintf)
/usr/local/mcuxpressoide-10.3.1_2233/ide/plugins/com.nxp.mcuxpresso.tools.linux_10.3.0.201811011841/tools/bin/../lib/gcc/arm-none-eabi/7.3.1/../../../../arm-none-eabi/lib/thumb/v7-m/libcr_c.a(setvbuf.o)
                              /usr/local/mcuxpressoide-10.3.1_2233/ide/plugins/com.nxp.mcuxpresso.tools.linux_10.3.0.201811011841/tools/bin/../lib/gcc/arm-none-eabi/7.3.1/../../../../arm-none-eabi/lib/thumb/v7-m/libcr_c.a(initio.o) (setvbuf)
/usr/local/mcuxpressoide-10.3.1_2233/ide/plugins/com.nxp.mcuxpresso.tools.linux_10.3.0.201811011841/tools/bin/../lib/gcc/arm-none-eabi/7.3.1/../../../../arm-none-eabi/lib/thumb/v7-m/libcr_c.a(strlen.o)
[...]
Memory Configuration

Name             Origin             Length             Attributes
MFlash512        0x0000000000000000 0x0000000000080000 xr
RamLoc32         0x0000000010000000 0x0000000000008000 xrw
RamAHB32         0x000000002007c000 0x0000000000008000 xrw
*default*        0x0000000000000000 0xffffffffffffffff

Linker script and memory map

LOAD ./freertos/src/FreeRTOSCommonHooks.o
LOAD ./freertos/src/heap_3.o
LOAD ./freertos/src/list.o
LOAD ./freertos/src/port.o
LOAD ./freertos/src/queue.o
LOAD ./freertos/src/tasks.o
LOAD ./example/src/cr_startup_lpc175x_6x.o
LOAD ./example/src/freertos_blinkyRGB_MUTX.o
LOAD ./example/src/sysinit2.o
LOAD /home/jpatel/freertos/lpc_board_nxp_lpcxpresso_1769/Debug/liblpc_board_nxp_lpcxpresso_1769.a
LOAD /home/jpatel/freertos/lpc_chip_175x_6x/Debug/liblpc_chip_175x_6x.a
START GROUP
LOAD /usr/local/mcuxpressoide-10.3.1_2233/ide/plugins/com.nxp.mcuxpresso.tools.linux_10.3.0.201811011841/tools/bin/../lib/gcc/arm-none-eabi/7.3.1/../../../../arm-none-eabi/lib/thumb/v7-m/libcr_nohost.a
LOAD /usr/local/mcuxpressoide-10.3.1_2233/ide/plugins/com.nxp.mcuxpresso.tools.linux_10.3.0.201811011841/tools/bin/../lib/gcc/arm-none-eabi/7.3.1/../../../../arm-none-eabi/lib/thumb/v7-m/libcr_c.a
LOAD /usr/local/mcuxpressoide-10.3.1_2233/ide/plugins/com.nxp.mcuxpresso.tools.linux_10.3.0.201811011841/tools/bin/../lib/gcc/arm-none-eabi/7.3.1/thumb/v7-m/libcr_eabihelpers.a
LOAD /usr/local/mcuxpressoide-10.3.1_2233/ide/plugins/com.nxp.mcuxpresso.tools.linux_10.3.0.201811011841/tools/bin/../lib/gcc/arm-none-eabi/7.3.1/thumb/v7-m/libgcc.a
END GROUP
                0x0000000000000000                __base_MFlash512 = 0x0
                0x0000000000000000                __base_Flash = 0x0
                0x0000000000080000                __top_MFlash512 = 0x80000
                0x0000000000080000                __top_Flash = 0x80000
                0x0000000010000000                __base_RamLoc32 = 0x10000000
                0x0000000010000000                __base_RAM = 0x10000000
                0x0000000010008000                __top_RamLoc32 = 0x10008000
                0x0000000010008000                __top_RAM = 0x10008000
                0x000000002007c000                __base_RamAHB32 = 0x2007c000
                0x000000002007c000                __base_RAM2 = 0x2007c000
                0x0000000020084000                __top_RamAHB32 = 0x20084000
                0x0000000020084000                __top_RAM2 = 0x20084000

.text           0x0000000000000000     0x2918
 FILL mask 0xff
                0x0000000000000000                __vectors_start__ = ABSOLUTE (.)
 *(.isr_vector)
 .isr_vector    0x0000000000000000       0xcc ./example/src/cr_startup_lpc175x_6x.o
                0x0000000000000000                g_pfnVectors
                0x00000000000000cc                . = ALIGN (0x4)
                0x00000000000000cc                __section_table_start = .
                0x00000000000000cc                __data_section_table = .
                0x00000000000000cc        0x4 LONG 0x2918 LOADADDR (.data)
                0x00000000000000d0        0x4 LONG 0x10000000 ADDR (.data)
                0x00000000000000d4        0x4 LONG 0x8 SIZEOF (.data)
                0x00000000000000d8        0x4 LONG 0x2918 LOADADDR (.data_RAM2)
                0x00000000000000dc        0x4 LONG 0x2007c000 ADDR (.data_RAM2)
                0x00000000000000e0        0x4 LONG 0x0 SIZEOF (.data_RAM2)
                0x00000000000000e4                __data_section_table_end = .
                0x00000000000000e4                __bss_section_table = .
                0x00000000000000e4        0x4 LONG 0x10000008 ADDR (.bss)
                0x00000000000000e8        0x4 LONG 0x338 SIZEOF (.bss)
                0x00000000000000ec        0x4 LONG 0x2007c000 ADDR (.bss_RAM2)
                0x00000000000000f0        0x4 LONG 0x0 SIZEOF (.bss_RAM2)
                0x00000000000000f4                __bss_section_table_end = .
                0x00000000000000f4                __section_table_end = .
 *(.after_vectors*)
 .after_vectors
                0x00000000000000f4      0x12c ./example/src/cr_startup_lpc175x_6x.o
                0x00000000000000f4                data_init
                0x0000000000000136                bss_init
                0x000000000000016c                ResetISR
                0x00000000000001e4                NMI_Handler
                0x00000000000001ea                HardFault_Handler
                0x00000000000001f0                MemManage_Handler
                0x00000000000001f6                BusFault_Handler
                0x00000000000001fc                UsageFault_Handler
                0x0000000000000208                DebugMon_Handler
                0x000000000000021a                TIMER2_IRQHandler
                0x000000000000021a                RIT_IRQHandler
                0x000000000000021a                I2C0_IRQHandler
                0x000000000000021a                USBActivity_IRQHandler
                0x000000000000021a                PWM1_IRQHandler
                0x000000000000021a                I2C1_IRQHandler
                0x000000000000021a                EINT2_IRQHandler
                0x000000000000021a                UART1_IRQHandler
                0x000000000000021a                EINT3_IRQHandler
                0x000000000000021a                CANActivity_IRQHandler
                0x000000000000021a                TIMER3_IRQHandler
                0x000000000000021a                UART0_IRQHandler
                0x000000000000021a                IntDefaultHandler
                0x000000000000021a                PLL0_IRQHandler
                0x000000000000021a                CAN_IRQHandler
                0x000000000000021a                PLL1_IRQHandler
                0x000000000000021a                SSP0_IRQHandler
                0x000000000000021a                I2S_IRQHandler
                0x000000000000021a                I2C2_IRQHandler
                0x000000000000021a                RTC_IRQHandler
                0x000000000000021a                TIMER0_IRQHandler
                0x000000000000021a                SPI_IRQHandler
                0x000000000000021a                EINT1_IRQHandler
                0x000000000000021a                TIMER1_IRQHandler
                0x000000000000021a                UART2_IRQHandler
                0x000000000000021a                ADC_IRQHandler
                0x000000000000021a                SSP1_IRQHandler
                0x000000000000021a                USB_IRQHandler
                0x000000000000021a                BOD_IRQHandler
                0x000000000000021a                WDT_IRQHandler
                0x000000000000021a                QEI_IRQHandler
                0x000000000000021a                EINT0_IRQHandler
                0x000000000000021a                ETH_IRQHandler
                0x000000000000021a                DMA_IRQHandler
                0x000000000000021a                UART3_IRQHandler
                0x000000000000021a                MCPWM_IRQHandler
 *(.text*)
 .text.vApplicationIdleHook
                0x0000000000000220        0xe ./freertos/src/FreeRTOSCommonHooks.o
                0x0000000000000220                vApplicationIdleHook
 .text.pvPortMalloc
                0x000000000000022e       0x22 ./freertos/src/heap_3.o
                0x000000000000022e                pvPortMalloc
 .text.vPortFree
                0x0000000000000250       0x24 ./freertos/src/heap_3.o
                0x0000000000000250                vPortFree
 .text.vListInitialise
                0x0000000000000274       0x3e ./freertos/src/list.o
                0x0000000000000274                vListInitialise
 .text.vListInitialiseItem
                0x00000000000002b2       0x18 ./freertos/src/list.o
                0x00000000000002b2                vListInitialiseItem
 .text.vListInsertEnd
                0x00000000000002ca       0x46 ./freertos/src/list.o
                0x00000000000002ca                vListInsertEnd
 .text.vListInsert
                0x0000000000000310       0x70 ./freertos/src/list.o
                0x0000000000000310                vListInsert
 .text.uxListRemove
                0x0000000000000380       0x52 ./freertos/src/list.o
                0x0000000000000380                uxListRemove
 *fill*         0x00000000000003d2        0x2 ff
 .text.pxPortInitialiseStack
                0x00000000000003d4       0x54 ./freertos/src/port.o
                0x00000000000003d4                pxPortInitialiseStack
 .text.prvTaskExitError
                0x0000000000000428        0xa ./freertos/src/port.o
 *fill*         0x0000000000000432        0x2 ff
 .text.SVC_Handler
                0x0000000000000434       0x24 ./freertos/src/port.o
                0x0000000000000434                SVC_Handler
 .text.prvPortStartFirstTask
                0x0000000000000458       0x18 ./freertos/src/port.o
 .text.xPortStartScheduler
                0x0000000000000470       0x38 ./freertos/src/port.o
                0x0000000000000470                xPortStartScheduler
 .text.vPortYield
                0x00000000000004a8       0x20 ./freertos/src/port.o
                0x00000000000004a8                vPortYield
 .text.vPortEnterCritical
                0x00000000000004c8       0x24 ./freertos/src/port.o
                0x00000000000004c8                vPortEnterCritical
 .text.vPortExitCritical
                0x00000000000004ec       0x24 ./freertos/src/port.o
                0x00000000000004ec                vPortExitCritical
 .text.ulPortSetInterruptMask
                0x0000000000000510       0x12 ./freertos/src/port.o
                0x0000000000000510                ulPortSetInterruptMask
 .text.vPortClearInterruptMask
                0x0000000000000522        0x8 ./freertos/src/port.o
                0x0000000000000522                vPortClearInterruptMask
 *fill*         0x000000000000052a        0x2 ff
 .text.PendSV_Handler
                0x000000000000052c       0x40 ./freertos/src/port.o
                0x000000000000052c                PendSV_Handler
 .text.SysTick_Handler
                0x000000000000056c       0x28 ./freertos/src/port.o
                0x000000000000056c                SysTick_Handler
 .text.vPortSuppressTicksAndSleep
                0x0000000000000594      0x15c ./freertos/src/port.o
                0x0000000000000594                vPortSuppressTicksAndSleep
 .text.vPortSetupTimerInterrupt
                0x00000000000006f0       0x68 ./freertos/src/port.o
                0x00000000000006f0                vPortSetupTimerInterrupt
 .text.xQueueCreateMutex
                0x0000000000000758       0x84 ./freertos/src/queue.o
                0x0000000000000758                xQueueCreateMutex
 .text.xQueueGenericSend
                0x00000000000007dc      0x110 ./freertos/src/queue.o
                0x00000000000007dc                xQueueGenericSend
 .text.xQueueGenericReceive
                0x00000000000008ec      0x16c ./freertos/src/queue.o
                0x00000000000008ec                xQueueGenericReceive
 .text.prvCopyDataToQueue
                0x0000000000000a58       0xce ./freertos/src/queue.o
 .text.prvCopyDataFromQueue
                0x0000000000000b26       0x4c ./freertos/src/queue.o
 .text.prvUnlockQueue
                0x0000000000000b72       0x98 ./freertos/src/queue.o
 .text.prvIsQueueEmpty
                0x0000000000000c0a       0x2c ./freertos/src/queue.o
 .text.prvIsQueueFull
                0x0000000000000c36       0x30 ./freertos/src/queue.o
 *fill*         0x0000000000000c66        0x2 ff
 .text.xTaskGenericCreate
                0x0000000000000c68      0x140 ./freertos/src/tasks.o
                0x0000000000000c68                xTaskGenericCreate
 .text.vTaskDelay
                0x0000000000000da8       0x54 ./freertos/src/tasks.o
                0x0000000000000da8                vTaskDelay
 .text.vTaskStartScheduler
                0x0000000000000dfc       0x58 ./freertos/src/tasks.o
                0x0000000000000dfc                vTaskStartScheduler
 .text.vTaskSuspendAll
                0x0000000000000e54       0x1c ./freertos/src/tasks.o
                0x0000000000000e54                vTaskSuspendAll
 .text.prvGetExpectedIdleTime
                0x0000000000000e70       0x4c ./freertos/src/tasks.o
 .text.xTaskResumeAll
                0x0000000000000ebc       0xfc ./freertos/src/tasks.o
                0x0000000000000ebc                xTaskResumeAll
 .text.vTaskStepTick
                0x0000000000000fb8       0x24 ./freertos/src/tasks.o
                0x0000000000000fb8                vTaskStepTick
 .text.xTaskIncrementTick
                0x0000000000000fdc      0x18c ./freertos/src/tasks.o
                0x0000000000000fdc                xTaskIncrementTick
 .text.vTaskSwitchContext
                0x0000000000001168       0x98 ./freertos/src/tasks.o
                0x0000000000001168                vTaskSwitchContext
 .text.vTaskPlaceOnEventList
                0x0000000000001200       0x60 ./freertos/src/tasks.o
                0x0000000000001200                vTaskPlaceOnEventList
 .text.xTaskRemoveFromEventList
                0x0000000000001260       0xac ./freertos/src/tasks.o
                0x0000000000001260                xTaskRemoveFromEventList
 .text.vTaskSetTimeOutState
                0x000000000000130c       0x2c ./freertos/src/tasks.o
                0x000000000000130c                vTaskSetTimeOutState
 .text.xTaskCheckForTimeOut
                0x0000000000001338       0x88 ./freertos/src/tasks.o
                0x0000000000001338                xTaskCheckForTimeOut
 .text.vTaskMissedYield
                0x00000000000013c0       0x18 ./freertos/src/tasks.o
                0x00000000000013c0                vTaskMissedYield
 .text.prvIdleTask
                0x00000000000013d8       0x48 ./freertos/src/tasks.o
 .text.eTaskConfirmSleepModeStatus
                0x0000000000001420       0x5c ./freertos/src/tasks.o
                0x0000000000001420                eTaskConfirmSleepModeStatus
 .text.prvInitialiseTCBVariables
                0x000000000000147c       0x98 ./freertos/src/tasks.o
 .text.prvInitialiseTaskLists
                0x0000000000001514       0x80 ./freertos/src/tasks.o
 .text.prvCheckTasksWaitingTermination
                0x0000000000001594       0x78 ./freertos/src/tasks.o
 .text.prvAddCurrentTaskToDelayedList
                0x000000000000160c       0x6c ./freertos/src/tasks.o
 .text.prvAllocateTCBAndStack
                0x0000000000001678       0x62 ./freertos/src/tasks.o
 .text.prvDeleteTCB
                0x00000000000016da       0x20 ./freertos/src/tasks.o
 *fill*         0x00000000000016fa        0x2 ff
 .text.xTaskGetCurrentTaskHandle
                0x00000000000016fc       0x1c ./freertos/src/tasks.o
                0x00000000000016fc                xTaskGetCurrentTaskHandle
 .text.vTaskPriorityInherit
                0x0000000000001718       0xb4 ./freertos/src/tasks.o
                0x0000000000001718                vTaskPriorityInherit
 .text.vTaskPriorityDisinherit
                0x00000000000017cc       0x7c ./freertos/src/tasks.o
                0x00000000000017cc                vTaskPriorityDisinherit
 .text.prvSetupHardware
                0x0000000000001848       0x10 ./example/src/freertos_blinkyRGB_MUTX.o
 .text.prvLED   0x0000000000001858       0x4c ./example/src/freertos_blinkyRGB_MUTX.o
 .text.vLEDTask
                0x00000000000018a4       0x30 ./example/src/freertos_blinkyRGB_MUTX.o
 .text.main     0x00000000000018d4       0x8c ./example/src/freertos_blinkyRGB_MUTX.o
                0x00000000000018d4                main
 .text.SystemInit
                0x0000000000001960       0x24 ./example/src/sysinit2.o
                0x0000000000001960                SystemInit
 .text.Chip_IOCON_Init
                0x0000000000001984       0x16 /home/jpatel/freertos/lpc_board_nxp_lpcxpresso_1769/Debug/liblpc_board_nxp_lpcxpresso_1769.a(board.o)
 .text.Chip_GPIO_Init
                0x000000000000199a       0x16 /home/jpatel/freertos/lpc_board_nxp_lpcxpresso_1769/Debug/liblpc_board_nxp_lpcxpresso_1769.a(board.o)
 .text.Chip_GPIO_SetPinState
                0x00000000000019b0       0x64 /home/jpatel/freertos/lpc_board_nxp_lpcxpresso_1769/Debug/liblpc_board_nxp_lpcxpresso_1769.a(board.o)
 .text.Chip_GPIO_WritePortBit
                0x0000000000001a14       0x2c /home/jpatel/freertos/lpc_board_nxp_lpcxpresso_1769/Debug/liblpc_board_nxp_lpcxpresso_1769.a(board.o)
 .text.Chip_GPIO_SetPinDIROutput
                0x0000000000001a40       0x36 /home/jpatel/freertos/lpc_board_nxp_lpcxpresso_1769/Debug/liblpc_board_nxp_lpcxpresso_1769.a(board.o)
 .text.Chip_GPIO_SetPinDIRInput
                0x0000000000001a76       0x3a /home/jpatel/freertos/lpc_board_nxp_lpcxpresso_1769/Debug/liblpc_board_nxp_lpcxpresso_1769.a(board.o)
 .text.Chip_GPIO_SetPinDIR
                0x0000000000001ab0       0x42 /home/jpatel/freertos/lpc_board_nxp_lpcxpresso_1769/Debug/liblpc_board_nxp_lpcxpresso_1769.a(board.o)
 .text.Chip_GPIO_WriteDirBit
                0x0000000000001af2       0x2e /home/jpatel/freertos/lpc_board_nxp_lpcxpresso_1769/Debug/liblpc_board_nxp_lpcxpresso_1769.a(board.o)
 .text.Board_LED_Init
                0x0000000000001b20       0x30 /home/jpatel/freertos/lpc_board_nxp_lpcxpresso_1769/Debug/liblpc_board_nxp_lpcxpresso_1769.a(board.o)
 .text.Board_LED_Set
                0x0000000000001b50       0x54 /home/jpatel/freertos/lpc_board_nxp_lpcxpresso_1769/Debug/liblpc_board_nxp_lpcxpresso_1769.a(board.o)
                0x0000000000001b50                Board_LED_Set
 .text.Board_Init
                0x0000000000001ba4       0x20 /home/jpatel/freertos/lpc_board_nxp_lpcxpresso_1769/Debug/liblpc_board_nxp_lpcxpresso_1769.a(board.o)
                0x0000000000001ba4                Board_Init
 .text.Chip_SYSCTL_SetFLASHAccess
                0x0000000000001bc4       0x30 /home/jpatel/freertos/lpc_board_nxp_lpcxpresso_1769/Debug/liblpc_board_nxp_lpcxpresso_1769.a(board_sysinit.o)
 .text.Board_SetupMuxing
                0x0000000000001bf4       0x1c /home/jpatel/freertos/lpc_board_nxp_lpcxpresso_1769/Debug/liblpc_board_nxp_lpcxpresso_1769.a(board_sysinit.o)
                0x0000000000001bf4                Board_SetupMuxing
 .text.Board_SetupClocking
                0x0000000000001c10       0x12 /home/jpatel/freertos/lpc_board_nxp_lpcxpresso_1769/Debug/liblpc_board_nxp_lpcxpresso_1769.a(board_sysinit.o)
                0x0000000000001c10                Board_SetupClocking
 .text.Board_SystemInit
                0x0000000000001c22       0x10 /home/jpatel/freertos/lpc_board_nxp_lpcxpresso_1769/Debug/liblpc_board_nxp_lpcxpresso_1769.a(board_sysinit.o)
                0x0000000000001c22                Board_SystemInit
 *fill*         0x0000000000001c32        0x2 ff
 .text.SystemCoreClockUpdate
                0x0000000000001c34       0x18 /home/jpatel/freertos/lpc_chip_175x_6x/Debug/liblpc_chip_175x_6x.a(chip_17xx_40xx.o)
                0x0000000000001c34                SystemCoreClockUpdate
 .text.Chip_Clock_IsMainPLLEnabled
                0x0000000000001c4c       0x24 /home/jpatel/freertos/lpc_chip_175x_6x/Debug/liblpc_chip_175x_6x.a(clock_17xx_40xx.o)
 .text.Chip_Clock_IsMainPLLConnected
                0x0000000000001c70       0x24 /home/jpatel/freertos/lpc_chip_175x_6x/Debug/liblpc_chip_175x_6x.a(clock_17xx_40xx.o)
 .text.Chip_Clock_FeedPLL
                0x0000000000001c94       0x34 /home/jpatel/freertos/lpc_chip_175x_6x/Debug/liblpc_chip_175x_6x.a(clock_17xx_40xx.o)
 .text.Chip_Clock_GetMainPLLSource
                0x0000000000001cc8       0x20 /home/jpatel/freertos/lpc_chip_175x_6x/Debug/liblpc_chip_175x_6x.a(clock_17xx_40xx.o)
 .text.Chip_Clock_GetMainOscRate
                0x0000000000001ce8       0x14 /home/jpatel/freertos/lpc_chip_175x_6x/Debug/liblpc_chip_175x_6x.a(clock_17xx_40xx.o)
 .text.Chip_Clock_GetIntOscRate
                0x0000000000001cfc       0x14 /home/jpatel/freertos/lpc_chip_175x_6x/Debug/liblpc_chip_175x_6x.a(clock_17xx_40xx.o)
 .text.Chip_Clock_GetRTCOscRate
                0x0000000000001d10       0x14 /home/jpatel/freertos/lpc_chip_175x_6x/Debug/liblpc_chip_175x_6x.a(clock_17xx_40xx.o)
 .text.Chip_Clock_GetMainPLLInClockRate
                0x0000000000001d24        0xe /home/jpatel/freertos/lpc_chip_175x_6x/Debug/liblpc_chip_175x_6x.a(clock_17xx_40xx.o)
 *fill*         0x0000000000001d32        0x2 ff
 .text.Chip_Clock_EnablePLL
                0x0000000000001d34       0x44 /home/jpatel/freertos/lpc_chip_175x_6x/Debug/liblpc_chip_175x_6x.a(clock_17xx_40xx.o)
                0x0000000000001d34                Chip_Clock_EnablePLL
 .text.Chip_Clock_DisablePLL
                0x0000000000001d78       0x48 /home/jpatel/freertos/lpc_chip_175x_6x/Debug/liblpc_chip_175x_6x.a(clock_17xx_40xx.o)
                0x0000000000001d78                Chip_Clock_DisablePLL
 .text.Chip_Clock_SetupPLL
                0x0000000000001dc0       0x5c /home/jpatel/freertos/lpc_chip_175x_6x/Debug/liblpc_chip_175x_6x.a(clock_17xx_40xx.o)
                0x0000000000001dc0                Chip_Clock_SetupPLL
 .text.Chip_Clock_EnablePeriphClock
                0x0000000000001e1c       0x34 /home/jpatel/freertos/lpc_chip_175x_6x/Debug/liblpc_chip_175x_6x.a(clock_17xx_40xx.o)
                0x0000000000001e1c                Chip_Clock_EnablePeriphClock
 .text.Chip_Clock_GetCPUClockSource
                0x0000000000001e50       0x24 /home/jpatel/freertos/lpc_chip_175x_6x/Debug/liblpc_chip_175x_6x.a(clock_17xx_40xx.o)
                0x0000000000001e50                Chip_Clock_GetCPUClockSource
 .text.Chip_Clock_SetCPUClockDiv
                0x0000000000001e74       0x20 /home/jpatel/freertos/lpc_chip_175x_6x/Debug/liblpc_chip_175x_6x.a(clock_17xx_40xx.o)
                0x0000000000001e74                Chip_Clock_SetCPUClockDiv
 .text.Chip_Clock_GetCPUClockDiv
                0x0000000000001e94       0x1c /home/jpatel/freertos/lpc_chip_175x_6x/Debug/liblpc_chip_175x_6x.a(clock_17xx_40xx.o)
                0x0000000000001e94                Chip_Clock_GetCPUClockDiv
 .text.Chip_Clock_GetSYSCLKRate
                0x0000000000001eb0       0x34 /home/jpatel/freertos/lpc_chip_175x_6x/Debug/liblpc_chip_175x_6x.a(clock_17xx_40xx.o)
                0x0000000000001eb0                Chip_Clock_GetSYSCLKRate
 .text.Chip_Clock_GetMainPLLOutClockRate
                0x0000000000001ee4       0x54 /home/jpatel/freertos/lpc_chip_175x_6x/Debug/liblpc_chip_175x_6x.a(clock_17xx_40xx.o)
                0x0000000000001ee4                Chip_Clock_GetMainPLLOutClockRate
 .text.Chip_Clock_GetMainClockRate
                0x0000000000001f38       0x28 /home/jpatel/freertos/lpc_chip_175x_6x/Debug/liblpc_chip_175x_6x.a(clock_17xx_40xx.o)
                0x0000000000001f38                Chip_Clock_GetMainClockRate
 .text.Chip_Clock_GetSystemClockRate
                0x0000000000001f60       0x18 /home/jpatel/freertos/lpc_chip_175x_6x/Debug/liblpc_chip_175x_6x.a(clock_17xx_40xx.o)
                0x0000000000001f60                Chip_Clock_GetSystemClockRate
 .text.Chip_IOCON_PinMuxSet
                0x0000000000001f78       0x36 /home/jpatel/freertos/lpc_chip_175x_6x/Debug/liblpc_chip_175x_6x.a(iocon_17xx_40xx.o)
                0x0000000000001f78                Chip_IOCON_PinMuxSet
 .text.Chip_IOCON_PinMux
                0x0000000000001fae       0x94 /home/jpatel/freertos/lpc_chip_175x_6x/Debug/liblpc_chip_175x_6x.a(iocon_17xx_40xx.o)
                0x0000000000001fae                Chip_IOCON_PinMux
 .text.Chip_IOCON_SetPinMuxing
                0x0000000000002042       0x62 /home/jpatel/freertos/lpc_chip_175x_6x/Debug/liblpc_chip_175x_6x.a(iocon_17xx_40xx.o)
                0x0000000000002042                Chip_IOCON_SetPinMuxing
 .text.Chip_Clock_IsMainPLLEnabled
                0x00000000000020a4       0x24 /home/jpatel/freertos/lpc_chip_175x_6x/Debug/liblpc_chip_175x_6x.a(sysinit_17xx_40xx.o)
 .text.Chip_Clock_IsMainPLLLocked
                0x00000000000020c8       0x24 /home/jpatel/freertos/lpc_chip_175x_6x/Debug/liblpc_chip_175x_6x.a(sysinit_17xx_40xx.o)
 .text.Chip_Clock_IsMainPLLConnected
                0x00000000000020ec       0x24 /home/jpatel/freertos/lpc_chip_175x_6x/Debug/liblpc_chip_175x_6x.a(sysinit_17xx_40xx.o)
 .text.Chip_Clock_EnableCrystal
                0x0000000000002110       0x20 /home/jpatel/freertos/lpc_chip_175x_6x/Debug/liblpc_chip_175x_6x.a(sysinit_17xx_40xx.o)
 .text.Chip_Clock_IsCrystalEnabled
                0x0000000000002130       0x24 /home/jpatel/freertos/lpc_chip_175x_6x/Debug/liblpc_chip_175x_6x.a(sysinit_17xx_40xx.o)
 .text.Chip_Clock_SetMainPLLSource
                0x0000000000002154       0x20 /home/jpatel/freertos/lpc_chip_175x_6x/Debug/liblpc_chip_175x_6x.a(sysinit_17xx_40xx.o)
 .text.Chip_SetupXtalClocking
                0x0000000000002174       0x90 /home/jpatel/freertos/lpc_chip_175x_6x/Debug/liblpc_chip_175x_6x.a(sysinit_17xx_40xx.o)
                0x0000000000002174                Chip_SetupXtalClocking
 .text.__main   0x0000000000002204        0xe /usr/local/mcuxpressoide-10.3.1_2233/ide/plugins/com.nxp.mcuxpresso.tools.linux_10.3.0.201811011841/tools/bin/../lib/gcc/arm-none-eabi/7.3.1/../../../../arm-none-eabi/lib/thumb/v7-m/libcr_nohost.a(_cr__main.o)
                0x0000000000002204                __main
 .text.memcpy   0x0000000000002212        0x4 /usr/local/mcuxpressoide-10.3.1_2233/ide/plugins/com.nxp.mcuxpresso.tools.linux_10.3.0.201811011841/tools/bin/../lib/gcc/arm-none-eabi/7.3.1/../../../../arm-none-eabi/lib/thumb/v7-m/libcr_c.a(memcpy.o)
                0x0000000000002212                memcpy
 .text.memset   0x0000000000002216        0x4 /usr/local/mcuxpressoide-10.3.1_2233/ide/plugins/com.nxp.mcuxpresso.tools.linux_10.3.0.201811011841/tools/bin/../lib/gcc/arm-none-eabi/7.3.1/../../../../arm-none-eabi/lib/thumb/v7-m/libcr_c.a(memset.o)
                0x0000000000002216                memset
 *fill*         0x000000000000221a        0x2 ff
 .text.malloc   0x000000000000221c       0xc8 /usr/local/mcuxpressoide-10.3.1_2233/ide/plugins/com.nxp.mcuxpresso.tools.linux_10.3.0.201811011841/tools/bin/../lib/gcc/arm-none-eabi/7.3.1/../../../../arm-none-eabi/lib/thumb/v7-m/libcr_c.a(alloc.o)
                0x000000000000221c                malloc
 .text.free     0x00000000000022e4       0x30 /usr/local/mcuxpressoide-10.3.1_2233/ide/plugins/com.nxp.mcuxpresso.tools.linux_10.3.0.201811011841/tools/bin/../lib/gcc/arm-none-eabi/7.3.1/../../../../arm-none-eabi/lib/thumb/v7-m/libcr_c.a(alloc.o)
                0x00000000000022e4                free
 .text._initio  0x0000000000002314       0x78 /usr/local/mcuxpressoide-10.3.1_2233/ide/plugins/com.nxp.mcuxpresso.tools.linux_10.3.0.201811011841/tools/bin/../lib/gcc/arm-none-eabi/7.3.1/../../../../arm-none-eabi/lib/thumb/v7-m/libcr_c.a(initio.o)
                0x0000000000002314                _initio
 .text.setvbuf  0x000000000000238c       0x40 /usr/local/mcuxpressoide-10.3.1_2233/ide/plugins/com.nxp.mcuxpresso.tools.linux_10.3.0.201811011841/tools/bin/../lib/gcc/arm-none-eabi/7.3.1/../../../../arm-none-eabi/lib/thumb/v7-m/libcr_c.a(setvbuf.o)
                0x000000000000238c                setvbuf
 .text.strlen   0x00000000000023cc       0x4a /usr/local/mcuxpressoide-10.3.1_2233/ide/plugins/com.nxp.mcuxpresso.tools.linux_10.3.0.201811011841/tools/bin/../lib/gcc/arm-none-eabi/7.3.1/../../../../arm-none-eabi/lib/thumb/v7-m/libcr_c.a(strlen.o)
                0x00000000000023cc                strlen
 *fill*         0x0000000000002416        0x2 ff
 .text._sbrk    0x0000000000002418       0x3c /usr/local/mcuxpressoide-10.3.1_2233/ide/plugins/com.nxp.mcuxpresso.tools.linux_10.3.0.201811011841/tools/bin/../lib/gcc/arm-none-eabi/7.3.1/../../../../arm-none-eabi/lib/thumb/v7-m/libcr_c.a(_cr_sbrk.o)
                0x0000000000002418                _sbrk
 .text._deferredlazyseek
                0x0000000000002454       0x40 /usr/local/mcuxpressoide-10.3.1_2233/ide/plugins/com.nxp.mcuxpresso.tools.linux_10.3.0.201811011841/tools/bin/../lib/gcc/arm-none-eabi/7.3.1/../../../../arm-none-eabi/lib/thumb/v7-m/libcr_c.a(_deferredlazyseek.o)
                0x0000000000002454                _deferredlazyseek
 .text._fdopen  0x0000000000002494       0x68 /usr/local/mcuxpressoide-10.3.1_2233/ide/plugins/com.nxp.mcuxpresso.tools.linux_10.3.0.201811011841/tools/bin/../lib/gcc/arm-none-eabi/7.3.1/../../../../arm-none-eabi/lib/thumb/v7-m/libcr_c.a(_fdopen.o)
                0x0000000000002494                _fdopen
 .text._fflush  0x00000000000024fc       0x52 /usr/local/mcuxpressoide-10.3.1_2233/ide/plugins/com.nxp.mcuxpresso.tools.linux_10.3.0.201811011841/tools/bin/../lib/gcc/arm-none-eabi/7.3.1/../../../../arm-none-eabi/lib/thumb/v7-m/libcr_c.a(_fflush.o)
                0x00000000000024fc                _fflush
 *fill*         0x000000000000254e        0x2 ff
 .text._Cwritebuf
                0x0000000000002550       0x6c /usr/local/mcuxpressoide-10.3.1_2233/ide/plugins/com.nxp.mcuxpresso.tools.linux_10.3.0.201811011841/tools/bin/../lib/gcc/arm-none-eabi/7.3.1/../../../../arm-none-eabi/lib/thumb/v7-m/libcr_c.a(_writebuf.o)
                0x0000000000002550                _Cwritebuf
 .text.fclose   0x00000000000025bc       0x58 /usr/local/mcuxpressoide-10.3.1_2233/ide/plugins/com.nxp.mcuxpresso.tools.linux_10.3.0.201811011841/tools/bin/../lib/gcc/arm-none-eabi/7.3.1/../../../../arm-none-eabi/lib/thumb/v7-m/libcr_c.a(fclose.o)
                0x00000000000025bc                fclose
 .text.fflush   0x0000000000002614       0x44 /usr/local/mcuxpressoide-10.3.1_2233/ide/plugins/com.nxp.mcuxpresso.tools.linux_10.3.0.201811011841/tools/bin/../lib/gcc/arm-none-eabi/7.3.1/../../../../arm-none-eabi/lib/thumb/v7-m/libcr_c.a(fflush.o)
                0x0000000000002614                fflush
 .text.fseek    0x0000000000002658      0x100 /usr/local/mcuxpressoide-10.3.1_2233/ide/plugins/com.nxp.mcuxpresso.tools.linux_10.3.0.201811011841/tools/bin/../lib/gcc/arm-none-eabi/7.3.1/../../../../arm-none-eabi/lib/thumb/v7-m/libcr_c.a(fseek.o)
                0x0000000000002658                fseek
 .text.ftell    0x0000000000002758       0x44 /usr/local/mcuxpressoide-10.3.1_2233/ide/plugins/com.nxp.mcuxpresso.tools.linux_10.3.0.201811011841/tools/bin/../lib/gcc/arm-none-eabi/7.3.1/../../../../arm-none-eabi/lib/thumb/v7-m/libcr_c.a(ftell.o)
                0x0000000000002758                ftell
 .text.remove   0x000000000000279c       0x14 /usr/local/mcuxpressoide-10.3.1_2233/ide/plugins/com.nxp.mcuxpresso.tools.linux_10.3.0.201811011841/tools/bin/../lib/gcc/arm-none-eabi/7.3.1/../../../../arm-none-eabi/lib/thumb/v7-m/libcr_c.a(remove.o)
                0x000000000000279c                remove
 .text.__check_heap_overflow
                0x00000000000027b0       0x18 /usr/local/mcuxpressoide-10.3.1_2233/ide/plugins/com.nxp.mcuxpresso.tools.linux_10.3.0.201811011841/tools/bin/../lib/gcc/arm-none-eabi/7.3.1/../../../../arm-none-eabi/lib/thumb/v7-m/libcr_c.a(_cr_check_heap.o)
                0x00000000000027b0                __check_heap_overflow
 .text._do_fflush
                0x00000000000027c8       0x40 /usr/local/mcuxpressoide-10.3.1_2233/ide/plugins/com.nxp.mcuxpresso.tools.linux_10.3.0.201811011841/tools/bin/../lib/gcc/arm-none-eabi/7.3.1/../../../../arm-none-eabi/lib/thumb/v7-m/libcr_c.a(_do_fflush.o)
                0x00000000000027c8                _do_fflush
 .text.__aeabi_memcpy
                0x0000000000002808       0x34 /usr/local/mcuxpressoide-10.3.1_2233/ide/plugins/com.nxp.mcuxpresso.tools.linux_10.3.0.201811011841/tools/bin/../lib/gcc/arm-none-eabi/7.3.1/thumb/v7-m/libcr_eabihelpers.a(memcpy.o)
                0x0000000000002808                __aeabi_memcpy
                0x0000000000002812                __aeabi_memcpy4
                0x0000000000002812                __aeabi_memcpy8
 .text.__aeabi_memset_lowlevel
                0x000000000000283c       0x32 /usr/local/mcuxpressoide-10.3.1_2233/ide/plugins/com.nxp.mcuxpresso.tools.linux_10.3.0.201811011841/tools/bin/../lib/gcc/arm-none-eabi/7.3.1/thumb/v7-m/libcr_eabihelpers.a(memcpy.o)
                0x000000000000283c                __aeabi_lowlevel_memset
 .text.__sys_close
                0x000000000000286e        0x6 /usr/local/mcuxpressoide-10.3.1_2233/ide/plugins/com.nxp.mcuxpresso.tools.linux_10.3.0.201811011841/tools/bin/../lib/gcc/arm-none-eabi/7.3.1/../../../../arm-none-eabi/lib/thumb/v7-m/libcr_nohost.a(__sys_close.o)
                0x000000000000286e                __sys_close
 .text.__sys_flen
                0x0000000000002874        0x6 /usr/local/mcuxpressoide-10.3.1_2233/ide/plugins/com.nxp.mcuxpresso.tools.linux_10.3.0.201811011841/tools/bin/../lib/gcc/arm-none-eabi/7.3.1/../../../../arm-none-eabi/lib/thumb/v7-m/libcr_nohost.a(__sys_flen.o)
                0x0000000000002874                __sys_flen
 .text.__sys_istty
                0x000000000000287a        0x6 /usr/local/mcuxpressoide-10.3.1_2233/ide/plugins/com.nxp.mcuxpresso.tools.linux_10.3.0.201811011841/tools/bin/../lib/gcc/arm-none-eabi/7.3.1/../../../../arm-none-eabi/lib/thumb/v7-m/libcr_nohost.a(__sys_istty.o)
                0x000000000000287a                __sys_istty
 .text.__sys_remove
                0x0000000000002880        0x6 /usr/local/mcuxpressoide-10.3.1_2233/ide/plugins/com.nxp.mcuxpresso.tools.linux_10.3.0.201811011841/tools/bin/../lib/gcc/arm-none-eabi/7.3.1/../../../../arm-none-eabi/lib/thumb/v7-m/libcr_nohost.a(__sys_remove.o)
                0x0000000000002880                __sys_remove
 .text.__sys_seek
                0x0000000000002886        0x6 /usr/local/mcuxpressoide-10.3.1_2233/ide/plugins/com.nxp.mcuxpresso.tools.linux_10.3.0.201811011841/tools/bin/../lib/gcc/arm-none-eabi/7.3.1/../../../../arm-none-eabi/lib/thumb/v7-m/libcr_nohost.a(__sys_seek.o)
                0x0000000000002886                __sys_seek
 .text.__sys_tmpnam
                0x000000000000288c        0x6 /usr/local/mcuxpressoide-10.3.1_2233/ide/plugins/com.nxp.mcuxpresso.tools.linux_10.3.0.201811011841/tools/bin/../lib/gcc/arm-none-eabi/7.3.1/../../../../arm-none-eabi/lib/thumb/v7-m/libcr_nohost.a(__sys_tmpnam.o)
                0x000000000000288c                __sys_tmpnam
 .text.__sys_write
                0x0000000000002892        0x4 /usr/local/mcuxpressoide-10.3.1_2233/ide/plugins/com.nxp.mcuxpresso.tools.linux_10.3.0.201811011841/tools/bin/../lib/gcc/arm-none-eabi/7.3.1/../../../../arm-none-eabi/lib/thumb/v7-m/libcr_nohost.a(__sys_write.o)
                0x0000000000002892                __sys_write
 *(.rodata .rodata.* .constdata .constdata.*)
 *fill*         0x0000000000002896        0x2 ff
 .rodata        0x0000000000002898        0x5 ./freertos/src/tasks.o
 *fill*         0x000000000000289d        0x3 ff
 .rodata        0x00000000000028a0        0xa ./example/src/freertos_blinkyRGB_MUTX.o
 *fill*         0x00000000000028aa        0x2 ff
 .rodata.OscRateIn
                0x00000000000028ac        0x4 /home/jpatel/freertos/lpc_board_nxp_lpcxpresso_1769/Debug/liblpc_board_nxp_lpcxpresso_1769.a(board.o)
                0x00000000000028ac                OscRateIn
 .rodata.RTCOscRateIn
                0x00000000000028b0        0x4 /home/jpatel/freertos/lpc_board_nxp_lpcxpresso_1769/Debug/liblpc_board_nxp_lpcxpresso_1769.a(board.o)
                0x00000000000028b0                RTCOscRateIn
 .rodata.pinmuxing
                0x00000000000028b4       0x5c /home/jpatel/freertos/lpc_board_nxp_lpcxpresso_1769/Debug/liblpc_board_nxp_lpcxpresso_1769.a(board_sysinit.o)
 .rodata._initio.str1.1
                0x0000000000002910        0x4 /usr/local/mcuxpressoide-10.3.1_2233/ide/plugins/com.nxp.mcuxpresso.tools.linux_10.3.0.201811011841/tools/bin/../lib/gcc/arm-none-eabi/7.3.1/../../../../arm-none-eabi/lib/thumb/v7-m/libcr_c.a(initio.o)
 .rodata.__num_Ciob_streams
                0x0000000000002914        0x4 /usr/local/mcuxpressoide-10.3.1_2233/ide/plugins/com.nxp.mcuxpresso.tools.linux_10.3.0.201811011841/tools/bin/../lib/gcc/arm-none-eabi/7.3.1/../../../../arm-none-eabi/lib/thumb/v7-m/libcr_nohost.a(__ciob.o)
                0x0000000000002914                __num_Ciob_streams
                0x0000000000002918                . = ALIGN (0x4)

.glue_7         0x0000000000002918        0x0
 .glue_7        0x0000000000002918        0x0 linker stubs

.glue_7t        0x0000000000002918        0x0
 .glue_7t       0x0000000000002918        0x0 linker stubs

.vfp11_veneer   0x0000000000002918        0x0
 .vfp11_veneer  0x0000000000002918        0x0 linker stubs

.v4_bx          0x0000000000002918        0x0
 .v4_bx         0x0000000000002918        0x0 linker stubs

.iplt           0x0000000000002918        0x0
 .iplt          0x0000000000002918        0x0 ./freertos/src/FreeRTOSCommonHooks.o

.rel.dyn        0x0000000000002918        0x0
 .rel.iplt      0x0000000000002918        0x0 ./freertos/src/FreeRTOSCommonHooks.o

.ARM.extab
 *(.ARM.extab* .gnu.linkonce.armextab.*)
                0x0000000000002918                __exidx_start = .

.ARM.exidx
 *(.ARM.exidx* .gnu.linkonce.armexidx.*)
                0x0000000000002918                __exidx_end = .
                0x0000000000002918                _etext = .

.data_RAM2      0x000000002007c000        0x0 load address 0x0000000000002918
 FILL mask 0xff
                [!provide]                        PROVIDE (__start_data_RAM2 = .)
 *(.ramfunc.$RAM2)
 *(.ramfunc.$RamAHB32)
 *(.data.$RAM2*)
 *(.data.$RamAHB32*)
                0x000000002007c000                . = ALIGN (0x4)
                [!provide]                        PROVIDE (__end_data_RAM2 = .)

.uninit_RESERVED
                0x0000000010000000        0x0
 *(.bss.$RESERVED*)
                0x0000000010000000                . = ALIGN (0x4)
                0x0000000010000000                _end_uninit_RESERVED = .

.data           0x0000000010000000        0x8 load address 0x0000000000002918
 FILL mask 0xff
                0x0000000010000000                _data = .
 *(vtable)
 *(.ramfunc*)
 *(.data*)
 .data.uxCriticalNesting
                0x0000000010000000        0x4 ./freertos/src/port.o
 .data.xNextTaskUnblockTime
                0x0000000010000004        0x4 ./freertos/src/tasks.o
                0x0000000010000008                . = ALIGN (0x4)
                0x0000000010000008                _edata = .

.igot.plt       0x0000000010000008        0x0 load address 0x0000000000002920
 .igot.plt      0x0000000010000008        0x0 ./freertos/src/FreeRTOSCommonHooks.o

.bss_RAM2       0x000000002007c000        0x0
                [!provide]                        PROVIDE (__start_bss_RAM2 = .)
 *(.bss.$RAM2*)
 *(.bss.$RamAHB32*)
                0x000000002007c000                . = ALIGN ((. != 0x0)?0x4:0x1)
                [!provide]                        PROVIDE (__end_bss_RAM2 = .)

.bss            0x0000000010000008      0x338
                0x0000000010000008                _bss = .
 *(.bss*)
 .bss.ulTimerCountsForOneTick
                0x0000000010000008        0x4 ./freertos/src/port.o
 .bss.xMaximumPossibleSuppressedTicks
                0x000000001000000c        0x4 ./freertos/src/port.o
 .bss.ulStoppedTimerCompensation
                0x0000000010000010        0x4 ./freertos/src/port.o
 .bss.pxCurrentTCB
                0x0000000010000014        0x4 ./freertos/src/tasks.o
                0x0000000010000014                pxCurrentTCB
 .bss.pxReadyTasksLists
                0x0000000010000018       0xa0 ./freertos/src/tasks.o
 .bss.xDelayedTaskList1
                0x00000000100000b8       0x14 ./freertos/src/tasks.o
 .bss.xDelayedTaskList2
                0x00000000100000cc       0x14 ./freertos/src/tasks.o
 .bss.pxDelayedTaskList
                0x00000000100000e0        0x4 ./freertos/src/tasks.o
 .bss.pxOverflowDelayedTaskList
                0x00000000100000e4        0x4 ./freertos/src/tasks.o
 .bss.xPendingReadyList
                0x00000000100000e8       0x14 ./freertos/src/tasks.o
 .bss.xTasksWaitingTermination
                0x00000000100000fc       0x14 ./freertos/src/tasks.o
 .bss.uxTasksDeleted
                0x0000000010000110        0x4 ./freertos/src/tasks.o
 .bss.xSuspendedTaskList
                0x0000000010000114       0x14 ./freertos/src/tasks.o
 .bss.uxCurrentNumberOfTasks
                0x0000000010000128        0x4 ./freertos/src/tasks.o
 .bss.xTickCount
                0x000000001000012c        0x4 ./freertos/src/tasks.o
 .bss.uxTopReadyPriority
                0x0000000010000130        0x4 ./freertos/src/tasks.o
 .bss.xSchedulerRunning
                0x0000000010000134        0x4 ./freertos/src/tasks.o
 .bss.uxSchedulerSuspended
                0x0000000010000138        0x4 ./freertos/src/tasks.o
 .bss.uxPendedTicks
                0x000000001000013c        0x4 ./freertos/src/tasks.o
 .bss.xYieldPending
                0x0000000010000140        0x4 ./freertos/src/tasks.o
 .bss.xNumOfOverflows
                0x0000000010000144        0x4 ./freertos/src/tasks.o
 .bss.uxTaskNumber
                0x0000000010000148        0x4 ./freertos/src/tasks.o
 .bss.__end_of_heap
                0x000000001000014c        0x4 /usr/local/mcuxpressoide-10.3.1_2233/ide/plugins/com.nxp.mcuxpresso.tools.linux_10.3.0.201811011841/tools/bin/../lib/gcc/arm-none-eabi/7.3.1/../../../../arm-none-eabi/lib/thumb/v7-m/libcr_c.a(__init_alloc.o)
                0x000000001000014c                __end_of_heap
 .bss.__heaps   0x0000000010000150        0x4 /usr/local/mcuxpressoide-10.3.1_2233/ide/plugins/com.nxp.mcuxpresso.tools.linux_10.3.0.201811011841/tools/bin/../lib/gcc/arm-none-eabi/7.3.1/../../../../arm-none-eabi/lib/thumb/v7-m/libcr_c.a(__init_alloc.o)
                0x0000000010000150                __heaps
 .bss.errno     0x0000000010000154        0x4 /usr/local/mcuxpressoide-10.3.1_2233/ide/plugins/com.nxp.mcuxpresso.tools.linux_10.3.0.201811011841/tools/bin/../lib/gcc/arm-none-eabi/7.3.1/../../../../arm-none-eabi/lib/thumb/v7-m/libcr_c.a(errno.o)
                0x0000000010000154                errno
 .bss.__Ciob    0x0000000010000158      0x1e0 /usr/local/mcuxpressoide-10.3.1_2233/ide/plugins/com.nxp.mcuxpresso.tools.linux_10.3.0.201811011841/tools/bin/../lib/gcc/arm-none-eabi/7.3.1/../../../../arm-none-eabi/lib/thumb/v7-m/libcr_nohost.a(__ciob.o)
                0x0000000010000158                __Ciob
 *(COMMON)
 COMMON         0x0000000010000338        0x4 ./example/src/freertos_blinkyRGB_MUTX.o
                0x0000000010000338                ledMutex
 COMMON         0x000000001000033c        0x4 /home/jpatel/freertos/lpc_chip_175x_6x/Debug/liblpc_chip_175x_6x.a(chip_17xx_40xx.o)
                0x000000001000033c                SystemCoreClock
                0x0000000010000340                . = ALIGN (0x4)
                0x0000000010000340                _ebss = .
                [!provide]                        PROVIDE (end = .)

.noinit_RAM2    0x000000002007c000        0x0
 *(.noinit.$RAM2*)
 *(.noinit.$RamAHB32*)
                0x000000002007c000                . = ALIGN (0x4)

.noinit         0x0000000010000340        0x0
                0x0000000010000340                _noinit = .
 *(.noinit*)
                0x0000000010000340                . = ALIGN (0x4)
                0x0000000010000340                _end_noinit = .
                0x0000000010000340                PROVIDE (_pvHeapStart = DEFINED (__user_heap_base)?__user_heap_base:.)
                0x0000000010008000                PROVIDE (_vStackTop = DEFINED (__user_stack_top)?__user_stack_top:(__top_RamLoc32 - 0x0))
                [!provide]                        PROVIDE (__valid_user_code_checksum = (0x0 - ((((((_vStackTop + (ResetISR + 0x1)) + (NMI_Handler + 0x1)) + (HardFault_Handler + 0x1)) + (DEFINED (MemManage_Handler)?MemManage_Handler:0x0 + 0x1)) + (DEFINED (BusFault_Handler)?BusFault_Handler:0x0 + 0x1)) + (DEFINED (UsageFault_Handler)?UsageFault_Handler:0x0 + 0x1))))
                0x0000000000000000                _image_start = LOADADDR (.text)
                0x0000000000002920                _image_end = (LOADADDR (.data) + SIZEOF (.data))
                0x0000000000002920                _image_size = (_image_end - _image_start)
OUTPUT(freertos_blinkyRGB_mutex.axf elf32-littlearm)

.debug_info     0x0000000000000000     0x6a45
 .debug_info    0x0000000000000000      0x2d0 ./freertos/src/FreeRTOSCommonHooks.o
 .debug_info    0x00000000000002d0      0x261 ./freertos/src/heap_3.o
 .debug_info    0x0000000000000531      0x3fc ./freertos/src/list.o
 .debug_info    0x000000000000092d      0x4ff ./freertos/src/port.o
 .debug_info    0x0000000000000e2c      0xd05 ./freertos/src/queue.o
 .debug_info    0x0000000000001b31     0x132c ./freertos/src/tasks.o
 .debug_info    0x0000000000002e5d      0x251 ./example/src/cr_startup_lpc175x_6x.o
 .debug_info    0x00000000000030ae      0x37b ./example/src/freertos_blinkyRGB_MUTX.o
 .debug_info    0x0000000000003429      0x232 ./example/src/sysinit2.o
 .debug_info    0x000000000000365b     0x149b /home/jpatel/freertos/lpc_board_nxp_lpcxpresso_1769/Debug/liblpc_board_nxp_lpcxpresso_1769.a(board.o)
 .debug_info    0x0000000000004af6      0x6c3 /home/jpatel/freertos/lpc_board_nxp_lpcxpresso_1769/Debug/liblpc_board_nxp_lpcxpresso_1769.a(board_sysinit.o)
 .debug_info    0x00000000000051b9      0x558 /home/jpatel/freertos/lpc_chip_175x_6x/Debug/liblpc_chip_175x_6x.a(chip_17xx_40xx.o)
 .debug_info    0x0000000000005711      0xba2 /home/jpatel/freertos/lpc_chip_175x_6x/Debug/liblpc_chip_175x_6x.a(clock_17xx_40xx.o)
 .debug_info    0x00000000000062b3      0x31e /home/jpatel/freertos/lpc_chip_175x_6x/Debug/liblpc_chip_175x_6x.a(iocon_17xx_40xx.o)
 .debug_info    0x00000000000065d1      0x474 /home/jpatel/freertos/lpc_chip_175x_6x/Debug/liblpc_chip_175x_6x.a(sysinit_17xx_40xx.o)

.debug_abbrev   0x0000000000000000     0x19a6
 .debug_abbrev  0x0000000000000000      0x165 ./freertos/src/FreeRTOSCommonHooks.o
 .debug_abbrev  0x0000000000000165      0x117 ./freertos/src/heap_3.o
 .debug_abbrev  0x000000000000027c      0x122 ./freertos/src/list.o
 .debug_abbrev  0x000000000000039e      0x21b ./freertos/src/port.o
 .debug_abbrev  0x00000000000005b9      0x212 ./freertos/src/queue.o
 .debug_abbrev  0x00000000000007cb      0x254 ./freertos/src/tasks.o
 .debug_abbrev  0x0000000000000a1f      0x103 ./example/src/cr_startup_lpc175x_6x.o
 .debug_abbrev  0x0000000000000b22      0x147 ./example/src/freertos_blinkyRGB_MUTX.o
 .debug_abbrev  0x0000000000000c69       0xdd ./example/src/sysinit2.o
 .debug_abbrev  0x0000000000000d46      0x3ae /home/jpatel/freertos/lpc_board_nxp_lpcxpresso_1769/Debug/liblpc_board_nxp_lpcxpresso_1769.a(board.o)
 .debug_abbrev  0x00000000000010f4      0x180 /home/jpatel/freertos/lpc_board_nxp_lpcxpresso_1769/Debug/liblpc_board_nxp_lpcxpresso_1769.a(board_sysinit.o)
 .debug_abbrev  0x0000000000001274      0x151 /home/jpatel/freertos/lpc_chip_175x_6x/Debug/liblpc_chip_175x_6x.a(chip_17xx_40xx.o)
 .debug_abbrev  0x00000000000013c5      0x309 /home/jpatel/freertos/lpc_chip_175x_6x/Debug/liblpc_chip_175x_6x.a(clock_17xx_40xx.o)
 .debug_abbrev  0x00000000000016ce      0x14a /home/jpatel/freertos/lpc_chip_175x_6x/Debug/liblpc_chip_175x_6x.a(iocon_17xx_40xx.o)
 .debug_abbrev  0x0000000000001818      0x18e /home/jpatel/freertos/lpc_chip_175x_6x/Debug/liblpc_chip_175x_6x.a(sysinit_17xx_40xx.o)

.debug_aranges  0x0000000000000000      0x7e0
 .debug_aranges
                0x0000000000000000       0x40 ./freertos/src/FreeRTOSCommonHooks.o
 .debug_aranges
                0x0000000000000040       0x28 ./freertos/src/heap_3.o
 .debug_aranges
                0x0000000000000068       0x40 ./freertos/src/list.o
 .debug_aranges
                0x00000000000000a8       0x90 ./freertos/src/port.o
 .debug_aranges
                0x0000000000000138       0xf0 ./freertos/src/queue.o
 .debug_aranges
                0x0000000000000228      0x170 ./freertos/src/tasks.o
 .debug_aranges
                0x0000000000000398       0x80 ./example/src/cr_startup_lpc175x_6x.o
 .debug_aranges
                0x0000000000000418       0x38 ./example/src/freertos_blinkyRGB_MUTX.o
 .debug_aranges
                0x0000000000000450       0x20 ./example/src/sysinit2.o
 .debug_aranges
                0x0000000000000470      0x150 /home/jpatel/freertos/lpc_board_nxp_lpcxpresso_1769/Debug/liblpc_board_nxp_lpcxpresso_1769.a(board.o)
 .debug_aranges
                0x00000000000005c0       0x38 /home/jpatel/freertos/lpc_board_nxp_lpcxpresso_1769/Debug/liblpc_board_nxp_lpcxpresso_1769.a(board_sysinit.o)
 .debug_aranges
                0x00000000000005f8       0x38 /home/jpatel/freertos/lpc_chip_175x_6x/Debug/liblpc_chip_175x_6x.a(chip_17xx_40xx.o)
 .debug_aranges
                0x0000000000000630      0x120 /home/jpatel/freertos/lpc_chip_175x_6x/Debug/liblpc_chip_175x_6x.a(clock_17xx_40xx.o)
 .debug_aranges
                0x0000000000000750       0x30 /home/jpatel/freertos/lpc_chip_175x_6x/Debug/liblpc_chip_175x_6x.a(iocon_17xx_40xx.o)
 .debug_aranges
                0x0000000000000780       0x60 /home/jpatel/freertos/lpc_chip_175x_6x/Debug/liblpc_chip_175x_6x.a(sysinit_17xx_40xx.o)

.debug_ranges   0x0000000000000000      0x6f0
 .debug_ranges  0x0000000000000000       0x30 ./freertos/src/FreeRTOSCommonHooks.o
 .debug_ranges  0x0000000000000030       0x18 ./freertos/src/heap_3.o
 .debug_ranges  0x0000000000000048       0x30 ./freertos/src/list.o
 .debug_ranges  0x0000000000000078       0x80 ./freertos/src/port.o
 .debug_ranges  0x00000000000000f8       0xe0 ./freertos/src/queue.o
 .debug_ranges  0x00000000000001d8      0x160 ./freertos/src/tasks.o
 .debug_ranges  0x0000000000000338       0x70 ./example/src/cr_startup_lpc175x_6x.o
 .debug_ranges  0x00000000000003a8       0x28 ./example/src/freertos_blinkyRGB_MUTX.o
 .debug_ranges  0x00000000000003d0       0x10 ./example/src/sysinit2.o
 .debug_ranges  0x00000000000003e0      0x140 /home/jpatel/freertos/lpc_board_nxp_lpcxpresso_1769/Debug/liblpc_board_nxp_lpcxpresso_1769.a(board.o)
 .debug_ranges  0x0000000000000520       0x28 /home/jpatel/freertos/lpc_board_nxp_lpcxpresso_1769/Debug/liblpc_board_nxp_lpcxpresso_1769.a(board_sysinit.o)
 .debug_ranges  0x0000000000000548       0x28 /home/jpatel/freertos/lpc_chip_175x_6x/Debug/liblpc_chip_175x_6x.a(chip_17xx_40xx.o)
 .debug_ranges  0x0000000000000570      0x110 /home/jpatel/freertos/lpc_chip_175x_6x/Debug/liblpc_chip_175x_6x.a(clock_17xx_40xx.o)
 .debug_ranges  0x0000000000000680       0x20 /home/jpatel/freertos/lpc_chip_175x_6x/Debug/liblpc_chip_175x_6x.a(iocon_17xx_40xx.o)
 .debug_ranges  0x00000000000006a0       0x50 /home/jpatel/freertos/lpc_chip_175x_6x/Debug/liblpc_chip_175x_6x.a(sysinit_17xx_40xx.o)

.debug_macro    0x0000000000000000     0x6f75
 .debug_macro   0x0000000000000000      0x29c ./freertos/src/FreeRTOSCommonHooks.o
 .debug_macro   0x000000000000029c      0xa66 ./freertos/src/FreeRTOSCommonHooks.o
 .debug_macro   0x0000000000000d02       0x10 ./freertos/src/FreeRTOSCommonHooks.o
 .debug_macro   0x0000000000000d12      0x12d ./freertos/src/FreeRTOSCommonHooks.o
 .debug_macro   0x0000000000000e3f       0x16 ./freertos/src/FreeRTOSCommonHooks.o
 .debug_macro   0x0000000000000e55       0x46 ./freertos/src/FreeRTOSCommonHooks.o
 .debug_macro   0x0000000000000e9b      0x5b2 ./freertos/src/FreeRTOSCommonHooks.o
 .debug_macro   0x000000000000144d       0x22 ./freertos/src/FreeRTOSCommonHooks.o
 .debug_macro   0x000000000000146f       0x74 ./freertos/src/FreeRTOSCommonHooks.o
 .debug_macro   0x00000000000014e3       0x10 ./freertos/src/FreeRTOSCommonHooks.o
 .debug_macro   0x00000000000014f3       0x2d ./freertos/src/FreeRTOSCommonHooks.o
 .debug_macro   0x0000000000001520       0x3a ./freertos/src/FreeRTOSCommonHooks.o
 .debug_macro   0x000000000000155a       0x2d ./freertos/src/FreeRTOSCommonHooks.o
 .debug_macro   0x0000000000001587      0xbb1 ./freertos/src/FreeRTOSCommonHooks.o
 .debug_macro   0x0000000000002138      0x22c ./freertos/src/FreeRTOSCommonHooks.o
 .debug_macro   0x0000000000002364       0x42 ./freertos/src/FreeRTOSCommonHooks.o
 .debug_macro   0x00000000000023a6       0x52 ./freertos/src/FreeRTOSCommonHooks.o
 .debug_macro   0x00000000000023f8       0x78 ./freertos/src/FreeRTOSCommonHooks.o
 .debug_macro   0x0000000000002470       0x82 ./freertos/src/FreeRTOSCommonHooks.o
 .debug_macro   0x00000000000024f2      0x48c ./freertos/src/FreeRTOSCommonHooks.o
 .debug_macro   0x000000000000297e       0x34 ./freertos/src/FreeRTOSCommonHooks.o
 .debug_macro   0x00000000000029b2      0x4c5 ./freertos/src/FreeRTOSCommonHooks.o
 .debug_macro   0x0000000000002e77      0x1b7 ./freertos/src/FreeRTOSCommonHooks.o
 .debug_macro   0x000000000000302e       0x10 ./freertos/src/FreeRTOSCommonHooks.o
 .debug_macro   0x000000000000303e      0x21b ./freertos/src/FreeRTOSCommonHooks.o
 .debug_macro   0x0000000000003259      0x1b9 ./freertos/src/FreeRTOSCommonHooks.o
 .debug_macro   0x0000000000003412       0x40 ./freertos/src/FreeRTOSCommonHooks.o
 .debug_macro   0x0000000000003452       0x22 ./freertos/src/FreeRTOSCommonHooks.o
 .debug_macro   0x0000000000003474      0x162 ./freertos/src/FreeRTOSCommonHooks.o
 .debug_macro   0x00000000000035d6       0x94 ./freertos/src/FreeRTOSCommonHooks.o
 .debug_macro   0x000000000000366a       0xb8 ./freertos/src/FreeRTOSCommonHooks.o
 .debug_macro   0x0000000000003722       0x4c ./freertos/src/FreeRTOSCommonHooks.o
 .debug_macro   0x000000000000376e       0x16 ./freertos/src/FreeRTOSCommonHooks.o
 .debug_macro   0x0000000000003784      0x328 ./freertos/src/FreeRTOSCommonHooks.o
 .debug_macro   0x0000000000003aac       0x49 ./freertos/src/FreeRTOSCommonHooks.o
 .debug_macro   0x0000000000003af5       0x16 ./freertos/src/FreeRTOSCommonHooks.o
 .debug_macro   0x0000000000003b0b       0xca ./freertos/src/FreeRTOSCommonHooks.o
 .debug_macro   0x0000000000003bd5       0x11 ./freertos/src/FreeRTOSCommonHooks.o
 .debug_macro   0x0000000000003be6       0x70 ./freertos/src/FreeRTOSCommonHooks.o
 .debug_macro   0x0000000000003c56       0x9a ./freertos/src/FreeRTOSCommonHooks.o
 .debug_macro   0x0000000000003cf0       0x20 ./freertos/src/FreeRTOSCommonHooks.o
 .debug_macro   0x0000000000003d10       0x28 ./freertos/src/FreeRTOSCommonHooks.o
 .debug_macro   0x0000000000003d38       0xee ./freertos/src/FreeRTOSCommonHooks.o
 .debug_macro   0x0000000000003e26       0xab ./freertos/src/FreeRTOSCommonHooks.o
 .debug_macro   0x0000000000003ed1       0x12 ./freertos/src/FreeRTOSCommonHooks.o
 .debug_macro   0x0000000000003ee3       0x1f ./freertos/src/FreeRTOSCommonHooks.o
 .debug_macro   0x0000000000003f02      0x257 ./freertos/src/FreeRTOSCommonHooks.o
 .debug_macro   0x0000000000004159       0x64 ./freertos/src/FreeRTOSCommonHooks.o
 .debug_macro   0x00000000000041bd       0x57 ./freertos/src/FreeRTOSCommonHooks.o
 .debug_macro   0x0000000000004214      0x2b2 ./freertos/src/heap_3.o
 .debug_macro   0x00000000000044c6       0x28 ./freertos/src/heap_3.o
 .debug_macro   0x00000000000044ee      0x297 ./freertos/src/list.o
 .debug_macro   0x0000000000004785      0x329 ./freertos/src/port.o
 .debug_macro   0x0000000000004aae      0x2fa ./freertos/src/queue.o
 .debug_macro   0x0000000000004da8       0xb0 ./freertos/src/queue.o
 .debug_macro   0x0000000000004e58      0x336 ./freertos/src/tasks.o
 .debug_macro   0x000000000000518e       0x5b ./freertos/src/tasks.o
 .debug_macro   0x00000000000051e9       0x16 ./freertos/src/tasks.o
 .debug_macro   0x00000000000051ff       0x1d ./example/src/cr_startup_lpc175x_6x.o
 .debug_macro   0x000000000000521c      0x2a4 ./example/src/freertos_blinkyRGB_MUTX.o
 .debug_macro   0x00000000000054c0       0x7b ./example/src/freertos_blinkyRGB_MUTX.o
 .debug_macro   0x000000000000553b       0x18 ./example/src/freertos_blinkyRGB_MUTX.o
 .debug_macro   0x0000000000005553       0x10 ./example/src/freertos_blinkyRGB_MUTX.o
 .debug_macro   0x0000000000005563       0xf4 ./example/src/freertos_blinkyRGB_MUTX.o
 .debug_macro   0x0000000000005657       0x77 ./example/src/freertos_blinkyRGB_MUTX.o
 .debug_macro   0x00000000000056ce      0x217 ./example/src/sysinit2.o
 .debug_macro   0x00000000000058e5      0x2a1 /home/jpatel/freertos/lpc_board_nxp_lpcxpresso_1769/Debug/liblpc_board_nxp_lpcxpresso_1769.a(board.o)
 .debug_macro   0x0000000000005b86      0xa72 /home/jpatel/freertos/lpc_board_nxp_lpcxpresso_1769/Debug/liblpc_board_nxp_lpcxpresso_1769.a(board.o)
 .debug_macro   0x00000000000065f8       0x20 /home/jpatel/freertos/lpc_board_nxp_lpcxpresso_1769/Debug/liblpc_board_nxp_lpcxpresso_1769.a(board.o)
 .debug_macro   0x0000000000006618       0x12 /home/jpatel/freertos/lpc_board_nxp_lpcxpresso_1769/Debug/liblpc_board_nxp_lpcxpresso_1769.a(board.o)
 .debug_macro   0x000000000000662a      0x217 /home/jpatel/freertos/lpc_board_nxp_lpcxpresso_1769/Debug/liblpc_board_nxp_lpcxpresso_1769.a(board_sysinit.o)
 .debug_macro   0x0000000000006841      0x1cd /home/jpatel/freertos/lpc_chip_175x_6x/Debug/liblpc_chip_175x_6x.a(chip_17xx_40xx.o)
 .debug_macro   0x0000000000006a0e      0x1cd /home/jpatel/freertos/lpc_chip_175x_6x/Debug/liblpc_chip_175x_6x.a(clock_17xx_40xx.o)
 .debug_macro   0x0000000000006bdb      0x1cd /home/jpatel/freertos/lpc_chip_175x_6x/Debug/liblpc_chip_175x_6x.a(iocon_17xx_40xx.o)
 .debug_macro   0x0000000000006da8      0x1cd /home/jpatel/freertos/lpc_chip_175x_6x/Debug/liblpc_chip_175x_6x.a(sysinit_17xx_40xx.o)

.debug_line     0x0000000000000000     0x5e9e
 .debug_line    0x0000000000000000      0x645 ./freertos/src/FreeRTOSCommonHooks.o
 .debug_line    0x0000000000000645      0x5ea ./freertos/src/heap_3.o
 .debug_line    0x0000000000000c2f      0x636 ./freertos/src/list.o
 .debug_line    0x0000000000001265      0x71c ./freertos/src/port.o
 .debug_line    0x0000000000001981      0x940 ./freertos/src/queue.o
 .debug_line    0x00000000000022c1      0xcea ./freertos/src/tasks.o
 .debug_line    0x0000000000002fab       0xdb ./example/src/cr_startup_lpc175x_6x.o
 .debug_line    0x0000000000003086      0x63d ./example/src/freertos_blinkyRGB_MUTX.o
 .debug_line    0x00000000000036c3      0x4d4 ./example/src/sysinit2.o
 .debug_line    0x0000000000003b97      0x85a /home/jpatel/freertos/lpc_board_nxp_lpcxpresso_1769/Debug/liblpc_board_nxp_lpcxpresso_1769.a(board.o)
 .debug_line    0x00000000000043f1      0x50b /home/jpatel/freertos/lpc_board_nxp_lpcxpresso_1769/Debug/liblpc_board_nxp_lpcxpresso_1769.a(board_sysinit.o)
 .debug_line    0x00000000000048fc      0x4b1 /home/jpatel/freertos/lpc_chip_175x_6x/Debug/liblpc_chip_175x_6x.a(chip_17xx_40xx.o)
 .debug_line    0x0000000000004dad      0x72d /home/jpatel/freertos/lpc_chip_175x_6x/Debug/liblpc_chip_175x_6x.a(clock_17xx_40xx.o)
 .debug_line    0x00000000000054da      0x49d /home/jpatel/freertos/lpc_chip_175x_6x/Debug/liblpc_chip_175x_6x.a(iocon_17xx_40xx.o)
 .debug_line    0x0000000000005977      0x527 /home/jpatel/freertos/lpc_chip_175x_6x/Debug/liblpc_chip_175x_6x.a(sysinit_17xx_40xx.o)

.debug_str      0x0000000000000000    0x18817
 .debug_str     0x0000000000000000    0x1335f ./freertos/src/FreeRTOSCommonHooks.o
                                      0x13447 (size before relaxing)
 .debug_str     0x000000000001335f      0x103 ./freertos/src/heap_3.o
                                      0x1345b (size before relaxing)
 .debug_str     0x0000000000013462      0x12e ./freertos/src/list.o
                                      0x131a0 (size before relaxing)
 .debug_str     0x0000000000013590      0x8f6 ./freertos/src/port.o
                                      0x13c97 (size before relaxing)
 .debug_str     0x0000000000013e86     0x1106 ./freertos/src/queue.o
                                      0x147a8 (size before relaxing)
 .debug_str     0x0000000000014f8c     0x14cf ./freertos/src/tasks.o
                                      0x14c62 (size before relaxing)
 .debug_str     0x000000000001645b      0x1b3 ./example/src/cr_startup_lpc175x_6x.o
                                       0x2eaf (size before relaxing)
 .debug_str     0x000000000001660e      0x7f3 ./example/src/freertos_blinkyRGB_MUTX.o
                                      0x14753 (size before relaxing)
 .debug_str     0x0000000000016e01       0x24 ./example/src/sysinit2.o
                                      0x11292 (size before relaxing)
 .debug_str     0x0000000000016e25      0xd91 /home/jpatel/freertos/lpc_board_nxp_lpcxpresso_1769/Debug/liblpc_board_nxp_lpcxpresso_1769.a(board.o)
                                      0x12178 (size before relaxing)
 .debug_str     0x0000000000017bb6      0x22d /home/jpatel/freertos/lpc_board_nxp_lpcxpresso_1769/Debug/liblpc_board_nxp_lpcxpresso_1769.a(board_sysinit.o)
                                      0x11693 (size before relaxing)
 .debug_str     0x0000000000017de3       0xa0 /home/jpatel/freertos/lpc_chip_175x_6x/Debug/liblpc_chip_175x_6x.a(chip_17xx_40xx.o)
                                      0x112e6 (size before relaxing)
 .debug_str     0x0000000000017e83      0x857 /home/jpatel/freertos/lpc_chip_175x_6x/Debug/liblpc_chip_175x_6x.a(clock_17xx_40xx.o)
                                      0x11964 (size before relaxing)
 .debug_str     0x00000000000186da       0x79 /home/jpatel/freertos/lpc_chip_175x_6x/Debug/liblpc_chip_175x_6x.a(iocon_17xx_40xx.o)
                                      0x10de1 (size before relaxing)
 .debug_str     0x0000000000018753       0xc4 /home/jpatel/freertos/lpc_chip_175x_6x/Debug/liblpc_chip_175x_6x.a(sysinit_17xx_40xx.o)
                                      0x10fc9 (size before relaxing)

.comment        0x0000000000000000       0x7f
 .comment       0x0000000000000000       0x7f ./freertos/src/FreeRTOSCommonHooks.o
                                         0x80 (size before relaxing)
 .comment       0x000000000000007f       0x80 ./freertos/src/heap_3.o
 .comment       0x000000000000007f       0x80 ./freertos/src/list.o
 .comment       0x000000000000007f       0x80 ./freertos/src/port.o
 .comment       0x000000000000007f       0x80 ./freertos/src/queue.o
 .comment       0x000000000000007f       0x80 ./freertos/src/tasks.o
 .comment       0x000000000000007f       0x80 ./example/src/cr_startup_lpc175x_6x.o
 .comment       0x000000000000007f       0x80 ./example/src/freertos_blinkyRGB_MUTX.o
 .comment       0x000000000000007f       0x80 ./example/src/sysinit2.o
 .comment       0x000000000000007f       0x80 /home/jpatel/freertos/lpc_board_nxp_lpcxpresso_1769/Debug/liblpc_board_nxp_lpcxpresso_1769.a(board.o)
 .comment       0x000000000000007f       0x80 /home/jpatel/freertos/lpc_board_nxp_lpcxpresso_1769/Debug/liblpc_board_nxp_lpcxpresso_1769.a(board_sysinit.o)
 .comment       0x000000000000007f       0x80 /home/jpatel/freertos/lpc_chip_175x_6x/Debug/liblpc_chip_175x_6x.a(chip_17xx_40xx.o)
 .comment       0x000000000000007f       0x80 /home/jpatel/freertos/lpc_chip_175x_6x/Debug/liblpc_chip_175x_6x.a(clock_17xx_40xx.o)
 .comment       0x000000000000007f       0x80 /home/jpatel/freertos/lpc_chip_175x_6x/Debug/liblpc_chip_175x_6x.a(iocon_17xx_40xx.o)
 .comment       0x000000000000007f       0x80 /home/jpatel/freertos/lpc_chip_175x_6x/Debug/liblpc_chip_175x_6x.a(sysinit_17xx_40xx.o)
 .comment       0x000000000000007f       0x80 /usr/local/mcuxpressoide-10.3.1_2233/ide/plugins/com.nxp.mcuxpresso.tools.linux_10.3.0.201811011841/tools/bin/../lib/gcc/arm-none-eabi/7.3.1/../../../../arm-none-eabi/lib/thumb/v7-m/libcr_nohost.a(_cr__main.o)
 .comment       0x000000000000007f       0x80 /usr/local/mcuxpressoide-10.3.1_2233/ide/plugins/com.nxp.mcuxpresso.tools.linux_10.3.0.201811011841/tools/bin/../lib/gcc/arm-none-eabi/7.3.1/../../../../arm-none-eabi/lib/thumb/v7-m/libcr_c.a(memcpy.o)
 .comment       0x000000000000007f       0x80 /usr/local/mcuxpressoide-10.3.1_2233/ide/plugins/com.nxp.mcuxpresso.tools.linux_10.3.0.201811011841/tools/bin/../lib/gcc/arm-none-eabi/7.3.1/../../../../arm-none-eabi/lib/thumb/v7-m/libcr_c.a(memset.o)
 .comment       0x000000000000007f       0x80 /usr/local/mcuxpressoide-10.3.1_2233/ide/plugins/com.nxp.mcuxpresso.tools.linux_10.3.0.201811011841/tools/bin/../lib/gcc/arm-none-eabi/7.3.1/../../../../arm-none-eabi/lib/thumb/v7-m/libcr_c.a(alloc.o)
 .comment       0x000000000000007f       0x80 /usr/local/mcuxpressoide-10.3.1_2233/ide/plugins/com.nxp.mcuxpresso.tools.linux_10.3.0.201811011841/tools/bin/../lib/gcc/arm-none-eabi/7.3.1/../../../../arm-none-eabi/lib/thumb/v7-m/libcr_c.a(initio.o)
 .comment       0x000000000000007f       0x80 /usr/local/mcuxpressoide-10.3.1_2233/ide/plugins/com.nxp.mcuxpresso.tools.linux_10.3.0.201811011841/tools/bin/../lib/gcc/arm-none-eabi/7.3.1/../../../../arm-none-eabi/lib/thumb/v7-m/libcr_c.a(setvbuf.o)
 .comment       0x000000000000007f       0x80 /usr/local/mcuxpressoide-10.3.1_2233/ide/plugins/com.nxp.mcuxpresso.tools.linux_10.3.0.201811011841/tools/bin/../lib/gcc/arm-none-eabi/7.3.1/../../../../arm-none-eabi/lib/thumb/v7-m/libcr_c.a(strlen.o)
 .comment       0x000000000000007f       0x80 /usr/local/mcuxpressoide-10.3.1_2233/ide/plugins/com.nxp.mcuxpresso.tools.linux_10.3.0.201811011841/tools/bin/../lib/gcc/arm-none-eabi/7.3.1/../../../../arm-none-eabi/lib/thumb/v7-m/libcr_c.a(__init_alloc.o)
 .comment       0x000000000000007f       0x80 /usr/local/mcuxpressoide-10.3.1_2233/ide/plugins/com.nxp.mcuxpresso.tools.linux_10.3.0.201811011841/tools/bin/../lib/gcc/arm-none-eabi/7.3.1/../../../../arm-none-eabi/lib/thumb/v7-m/libcr_c.a(_cr_sbrk.o)
 .comment       0x000000000000007f       0x80 /usr/local/mcuxpressoide-10.3.1_2233/ide/plugins/com.nxp.mcuxpresso.tools.linux_10.3.0.201811011841/tools/bin/../lib/gcc/arm-none-eabi/7.3.1/../../../../arm-none-eabi/lib/thumb/v7-m/libcr_c.a(_deferredlazyseek.o)
 .comment       0x000000000000007f       0x80 /usr/local/mcuxpressoide-10.3.1_2233/ide/plugins/com.nxp.mcuxpresso.tools.linux_10.3.0.201811011841/tools/bin/../lib/gcc/arm-none-eabi/7.3.1/../../../../arm-none-eabi/lib/thumb/v7-m/libcr_c.a(_fdopen.o)
 .comment       0x000000000000007f       0x80 /usr/local/mcuxpressoide-10.3.1_2233/ide/plugins/com.nxp.mcuxpresso.tools.linux_10.3.0.201811011841/tools/bin/../lib/gcc/arm-none-eabi/7.3.1/../../../../arm-none-eabi/lib/thumb/v7-m/libcr_c.a(_fflush.o)
 .comment       0x000000000000007f       0x80 /usr/local/mcuxpressoide-10.3.1_2233/ide/plugins/com.nxp.mcuxpresso.tools.linux_10.3.0.201811011841/tools/bin/../lib/gcc/arm-none-eabi/7.3.1/../../../../arm-none-eabi/lib/thumb/v7-m/libcr_c.a(_writebuf.o)
 .comment       0x000000000000007f       0x80 /usr/local/mcuxpressoide-10.3.1_2233/ide/plugins/com.nxp.mcuxpresso.tools.linux_10.3.0.201811011841/tools/bin/../lib/gcc/arm-none-eabi/7.3.1/../../../../arm-none-eabi/lib/thumb/v7-m/libcr_c.a(errno.o)
 .comment       0x000000000000007f       0x80 /usr/local/mcuxpressoide-10.3.1_2233/ide/plugins/com.nxp.mcuxpresso.tools.linux_10.3.0.201811011841/tools/bin/../lib/gcc/arm-none-eabi/7.3.1/../../../../arm-none-eabi/lib/thumb/v7-m/libcr_c.a(fclose.o)
 .comment       0x000000000000007f       0x80 /usr/local/mcuxpressoide-10.3.1_2233/ide/plugins/com.nxp.mcuxpresso.tools.linux_10.3.0.201811011841/tools/bin/../lib/gcc/arm-none-eabi/7.3.1/../../../../arm-none-eabi/lib/thumb/v7-m/libcr_c.a(fflush.o)
 .comment       0x000000000000007f       0x80 /usr/local/mcuxpressoide-10.3.1_2233/ide/plugins/com.nxp.mcuxpresso.tools.linux_10.3.0.201811011841/tools/bin/../lib/gcc/arm-none-eabi/7.3.1/../../../../arm-none-eabi/lib/thumb/v7-m/libcr_c.a(fseek.o)
 .comment       0x000000000000007f       0x80 /usr/local/mcuxpressoide-10.3.1_2233/ide/plugins/com.nxp.mcuxpresso.tools.linux_10.3.0.201811011841/tools/bin/../lib/gcc/arm-none-eabi/7.3.1/../../../../arm-none-eabi/lib/thumb/v7-m/libcr_c.a(ftell.o)
 .comment       0x000000000000007f       0x80 /usr/local/mcuxpressoide-10.3.1_2233/ide/plugins/com.nxp.mcuxpresso.tools.linux_10.3.0.201811011841/tools/bin/../lib/gcc/arm-none-eabi/7.3.1/../../../../arm-none-eabi/lib/thumb/v7-m/libcr_c.a(remove.o)
 .comment       0x000000000000007f       0x80 /usr/local/mcuxpressoide-10.3.1_2233/ide/plugins/com.nxp.mcuxpresso.tools.linux_10.3.0.201811011841/tools/bin/../lib/gcc/arm-none-eabi/7.3.1/../../../../arm-none-eabi/lib/thumb/v7-m/libcr_c.a(_cr_check_heap.o)
 .comment       0x000000000000007f       0x80 /usr/local/mcuxpressoide-10.3.1_2233/ide/plugins/com.nxp.mcuxpresso.tools.linux_10.3.0.201811011841/tools/bin/../lib/gcc/arm-none-eabi/7.3.1/../../../../arm-none-eabi/lib/thumb/v7-m/libcr_c.a(_do_fflush.o)
 .comment       0x000000000000007f       0x80 /usr/local/mcuxpressoide-10.3.1_2233/ide/plugins/com.nxp.mcuxpresso.tools.linux_10.3.0.201811011841/tools/bin/../lib/gcc/arm-none-eabi/7.3.1/../../../../arm-none-eabi/lib/thumb/v7-m/libcr_nohost.a(__ciob.o)
 .comment       0x000000000000007f       0x80 /usr/local/mcuxpressoide-10.3.1_2233/ide/plugins/com.nxp.mcuxpresso.tools.linux_10.3.0.201811011841/tools/bin/../lib/gcc/arm-none-eabi/7.3.1/../../../../arm-none-eabi/lib/thumb/v7-m/libcr_nohost.a(__sys_close.o)
 .comment       0x000000000000007f       0x80 /usr/local/mcuxpressoide-10.3.1_2233/ide/plugins/com.nxp.mcuxpresso.tools.linux_10.3.0.201811011841/tools/bin/../lib/gcc/arm-none-eabi/7.3.1/../../../../arm-none-eabi/lib/thumb/v7-m/libcr_nohost.a(__sys_flen.o)
 .comment       0x000000000000007f       0x80 /usr/local/mcuxpressoide-10.3.1_2233/ide/plugins/com.nxp.mcuxpresso.tools.linux_10.3.0.201811011841/tools/bin/../lib/gcc/arm-none-eabi/7.3.1/../../../../arm-none-eabi/lib/thumb/v7-m/libcr_nohost.a(__sys_istty.o)
 .comment       0x000000000000007f       0x80 /usr/local/mcuxpressoide-10.3.1_2233/ide/plugins/com.nxp.mcuxpresso.tools.linux_10.3.0.201811011841/tools/bin/../lib/gcc/arm-none-eabi/7.3.1/../../../../arm-none-eabi/lib/thumb/v7-m/libcr_nohost.a(__sys_remove.o)
 .comment       0x000000000000007f       0x80 /usr/local/mcuxpressoide-10.3.1_2233/ide/plugins/com.nxp.mcuxpresso.tools.linux_10.3.0.201811011841/tools/bin/../lib/gcc/arm-none-eabi/7.3.1/../../../../arm-none-eabi/lib/thumb/v7-m/libcr_nohost.a(__sys_seek.o)
 .comment       0x000000000000007f       0x80 /usr/local/mcuxpressoide-10.3.1_2233/ide/plugins/com.nxp.mcuxpresso.tools.linux_10.3.0.201811011841/tools/bin/../lib/gcc/arm-none-eabi/7.3.1/../../../../arm-none-eabi/lib/thumb/v7-m/libcr_nohost.a(__sys_tmpnam.o)
 .comment       0x000000000000007f       0x80 /usr/local/mcuxpressoide-10.3.1_2233/ide/plugins/com.nxp.mcuxpresso.tools.linux_10.3.0.201811011841/tools/bin/../lib/gcc/arm-none-eabi/7.3.1/../../../../arm-none-eabi/lib/thumb/v7-m/libcr_nohost.a(__sys_write.o)

.ARM.attributes
                0x0000000000000000       0x31
 .ARM.attributes
                0x0000000000000000       0x33 ./freertos/src/FreeRTOSCommonHooks.o
 .ARM.attributes
                0x0000000000000033       0x33 ./freertos/src/heap_3.o
 .ARM.attributes
                0x0000000000000066       0x33 ./freertos/src/list.o
 .ARM.attributes
                0x0000000000000099       0x33 ./freertos/src/port.o
 .ARM.attributes
                0x00000000000000cc       0x33 ./freertos/src/queue.o
 .ARM.attributes
                0x00000000000000ff       0x33 ./freertos/src/tasks.o
 .ARM.attributes
                0x0000000000000132       0x33 ./example/src/cr_startup_lpc175x_6x.o
 .ARM.attributes
                0x0000000000000165       0x33 ./example/src/freertos_blinkyRGB_MUTX.o
 .ARM.attributes
                0x0000000000000198       0x33 ./example/src/sysinit2.o
 .ARM.attributes
                0x00000000000001cb       0x33 /home/jpatel/freertos/lpc_board_nxp_lpcxpresso_1769/Debug/liblpc_board_nxp_lpcxpresso_1769.a(board.o)
 .ARM.attributes
                0x00000000000001fe       0x33 /home/jpatel/freertos/lpc_board_nxp_lpcxpresso_1769/Debug/liblpc_board_nxp_lpcxpresso_1769.a(board_sysinit.o)
 .ARM.attributes
                0x0000000000000231       0x33 /home/jpatel/freertos/lpc_chip_175x_6x/Debug/liblpc_chip_175x_6x.a(chip_17xx_40xx.o)
 .ARM.attributes
                0x0000000000000264       0x33 /home/jpatel/freertos/lpc_chip_175x_6x/Debug/liblpc_chip_175x_6x.a(clock_17xx_40xx.o)
 .ARM.attributes
                0x0000000000000297       0x33 /home/jpatel/freertos/lpc_chip_175x_6x/Debug/liblpc_chip_175x_6x.a(iocon_17xx_40xx.o)
 .ARM.attributes
                0x00000000000002ca       0x33 /home/jpatel/freertos/lpc_chip_175x_6x/Debug/liblpc_chip_175x_6x.a(sysinit_17xx_40xx.o)
 .ARM.attributes
                0x00000000000002fd       0x33 /usr/local/mcuxpressoide-10.3.1_2233/ide/plugins/com.nxp.mcuxpresso.tools.linux_10.3.0.201811011841/tools/bin/../lib/gcc/arm-none-eabi/7.3.1/../../../../arm-none-eabi/lib/thumb/v7-m/libcr_nohost.a(_cr__main.o)
 .ARM.attributes
                0x0000000000000330       0x33 /usr/local/mcuxpressoide-10.3.1_2233/ide/plugins/com.nxp.mcuxpresso.tools.linux_10.3.0.201811011841/tools/bin/../lib/gcc/arm-none-eabi/7.3.1/../../../../arm-none-eabi/lib/thumb/v7-m/libcr_c.a(memcpy.o)
 .ARM.attributes
                0x0000000000000363       0x33 /usr/local/mcuxpressoide-10.3.1_2233/ide/plugins/com.nxp.mcuxpresso.tools.linux_10.3.0.201811011841/tools/bin/../lib/gcc/arm-none-eabi/7.3.1/../../../../arm-none-eabi/lib/thumb/v7-m/libcr_c.a(memset.o)
 .ARM.attributes
                0x0000000000000396       0x33 /usr/local/mcuxpressoide-10.3.1_2233/ide/plugins/com.nxp.mcuxpresso.tools.linux_10.3.0.201811011841/tools/bin/../lib/gcc/arm-none-eabi/7.3.1/../../../../arm-none-eabi/lib/thumb/v7-m/libcr_c.a(alloc.o)
 .ARM.attributes
                0x00000000000003c9       0x33 /usr/local/mcuxpressoide-10.3.1_2233/ide/plugins/com.nxp.mcuxpresso.tools.linux_10.3.0.201811011841/tools/bin/../lib/gcc/arm-none-eabi/7.3.1/../../../../arm-none-eabi/lib/thumb/v7-m/libcr_c.a(initio.o)
 .ARM.attributes
                0x00000000000003fc       0x33 /usr/local/mcuxpressoide-10.3.1_2233/ide/plugins/com.nxp.mcuxpresso.tools.linux_10.3.0.201811011841/tools/bin/../lib/gcc/arm-none-eabi/7.3.1/../../../../arm-none-eabi/lib/thumb/v7-m/libcr_c.a(setvbuf.o)
 .ARM.attributes
                0x000000000000042f       0x33 /usr/local/mcuxpressoide-10.3.1_2233/ide/plugins/com.nxp.mcuxpresso.tools.linux_10.3.0.201811011841/tools/bin/../lib/gcc/arm-none-eabi/7.3.1/../../../../arm-none-eabi/lib/thumb/v7-m/libcr_c.a(strlen.o)
 .ARM.attributes
                0x0000000000000462       0x33 /usr/local/mcuxpressoide-10.3.1_2233/ide/plugins/com.nxp.mcuxpresso.tools.linux_10.3.0.201811011841/tools/bin/../lib/gcc/arm-none-eabi/7.3.1/../../../../arm-none-eabi/lib/thumb/v7-m/libcr_c.a(__init_alloc.o)
 .ARM.attributes
                0x0000000000000495       0x33 /usr/local/mcuxpressoide-10.3.1_2233/ide/plugins/com.nxp.mcuxpresso.tools.linux_10.3.0.201811011841/tools/bin/../lib/gcc/arm-none-eabi/7.3.1/../../../../arm-none-eabi/lib/thumb/v7-m/libcr_c.a(_cr_sbrk.o)
 .ARM.attributes
                0x00000000000004c8       0x33 /usr/local/mcuxpressoide-10.3.1_2233/ide/plugins/com.nxp.mcuxpresso.tools.linux_10.3.0.201811011841/tools/bin/../lib/gcc/arm-none-eabi/7.3.1/../../../../arm-none-eabi/lib/thumb/v7-m/libcr_c.a(_deferredlazyseek.o)
 .ARM.attributes
                0x00000000000004fb       0x33 /usr/local/mcuxpressoide-10.3.1_2233/ide/plugins/com.nxp.mcuxpresso.tools.linux_10.3.0.201811011841/tools/bin/../lib/gcc/arm-none-eabi/7.3.1/../../../../arm-none-eabi/lib/thumb/v7-m/libcr_c.a(_fdopen.o)
 .ARM.attributes
                0x000000000000052e       0x33 /usr/local/mcuxpressoide-10.3.1_2233/ide/plugins/com.nxp.mcuxpresso.tools.linux_10.3.0.201811011841/tools/bin/../lib/gcc/arm-none-eabi/7.3.1/../../../../arm-none-eabi/lib/thumb/v7-m/libcr_c.a(_fflush.o)
 .ARM.attributes
                0x0000000000000561       0x33 /usr/local/mcuxpressoide-10.3.1_2233/ide/plugins/com.nxp.mcuxpresso.tools.linux_10.3.0.201811011841/tools/bin/../lib/gcc/arm-none-eabi/7.3.1/../../../../arm-none-eabi/lib/thumb/v7-m/libcr_c.a(_writebuf.o)
 .ARM.attributes
                0x0000000000000594       0x33 /usr/local/mcuxpressoide-10.3.1_2233/ide/plugins/com.nxp.mcuxpresso.tools.linux_10.3.0.201811011841/tools/bin/../lib/gcc/arm-none-eabi/7.3.1/../../../../arm-none-eabi/lib/thumb/v7-m/libcr_c.a(errno.o)
 .ARM.attributes
                0x00000000000005c7       0x33 /usr/local/mcuxpressoide-10.3.1_2233/ide/plugins/com.nxp.mcuxpresso.tools.linux_10.3.0.201811011841/tools/bin/../lib/gcc/arm-none-eabi/7.3.1/../../../../arm-none-eabi/lib/thumb/v7-m/libcr_c.a(fclose.o)
 .ARM.attributes
                0x00000000000005fa       0x33 /usr/local/mcuxpressoide-10.3.1_2233/ide/plugins/com.nxp.mcuxpresso.tools.linux_10.3.0.201811011841/tools/bin/../lib/gcc/arm-none-eabi/7.3.1/../../../../arm-none-eabi/lib/thumb/v7-m/libcr_c.a(fflush.o)
 .ARM.attributes
                0x000000000000062d       0x33 /usr/local/mcuxpressoide-10.3.1_2233/ide/plugins/com.nxp.mcuxpresso.tools.linux_10.3.0.201811011841/tools/bin/../lib/gcc/arm-none-eabi/7.3.1/../../../../arm-none-eabi/lib/thumb/v7-m/libcr_c.a(fseek.o)
 .ARM.attributes
                0x0000000000000660       0x33 /usr/local/mcuxpressoide-10.3.1_2233/ide/plugins/com.nxp.mcuxpresso.tools.linux_10.3.0.201811011841/tools/bin/../lib/gcc/arm-none-eabi/7.3.1/../../../../arm-none-eabi/lib/thumb/v7-m/libcr_c.a(ftell.o)
 .ARM.attributes
                0x0000000000000693       0x33 /usr/local/mcuxpressoide-10.3.1_2233/ide/plugins/com.nxp.mcuxpresso.tools.linux_10.3.0.201811011841/tools/bin/../lib/gcc/arm-none-eabi/7.3.1/../../../../arm-none-eabi/lib/thumb/v7-m/libcr_c.a(remove.o)
 .ARM.attributes
                0x00000000000006c6       0x33 /usr/local/mcuxpressoide-10.3.1_2233/ide/plugins/com.nxp.mcuxpresso.tools.linux_10.3.0.201811011841/tools/bin/../lib/gcc/arm-none-eabi/7.3.1/../../../../arm-none-eabi/lib/thumb/v7-m/libcr_c.a(_cr_check_heap.o)
 .ARM.attributes
                0x00000000000006f9       0x33 /usr/local/mcuxpressoide-10.3.1_2233/ide/plugins/com.nxp.mcuxpresso.tools.linux_10.3.0.201811011841/tools/bin/../lib/gcc/arm-none-eabi/7.3.1/../../../../arm-none-eabi/lib/thumb/v7-m/libcr_c.a(_do_fflush.o)
 .ARM.attributes
                0x000000000000072c       0x21 /usr/local/mcuxpressoide-10.3.1_2233/ide/plugins/com.nxp.mcuxpresso.tools.linux_10.3.0.201811011841/tools/bin/../lib/gcc/arm-none-eabi/7.3.1/thumb/v7-m/libcr_eabihelpers.a(memcpy.o)
 .ARM.attributes
                0x000000000000074d       0x33 /usr/local/mcuxpressoide-10.3.1_2233/ide/plugins/com.nxp.mcuxpresso.tools.linux_10.3.0.201811011841/tools/bin/../lib/gcc/arm-none-eabi/7.3.1/../../../../arm-none-eabi/lib/thumb/v7-m/libcr_nohost.a(__ciob.o)
 .ARM.attributes
                0x0000000000000780       0x33 /usr/local/mcuxpressoide-10.3.1_2233/ide/plugins/com.nxp.mcuxpresso.tools.linux_10.3.0.201811011841/tools/bin/../lib/gcc/arm-none-eabi/7.3.1/../../../../arm-none-eabi/lib/thumb/v7-m/libcr_nohost.a(__sys_close.o)
 .ARM.attributes
                0x00000000000007b3       0x33 /usr/local/mcuxpressoide-10.3.1_2233/ide/plugins/com.nxp.mcuxpresso.tools.linux_10.3.0.201811011841/tools/bin/../lib/gcc/arm-none-eabi/7.3.1/../../../../arm-none-eabi/lib/thumb/v7-m/libcr_nohost.a(__sys_flen.o)
 .ARM.attributes
                0x00000000000007e6       0x33 /usr/local/mcuxpressoide-10.3.1_2233/ide/plugins/com.nxp.mcuxpresso.tools.linux_10.3.0.201811011841/tools/bin/../lib/gcc/arm-none-eabi/7.3.1/../../../../arm-none-eabi/lib/thumb/v7-m/libcr_nohost.a(__sys_istty.o)
 .ARM.attributes
                0x0000000000000819       0x33 /usr/local/mcuxpressoide-10.3.1_2233/ide/plugins/com.nxp.mcuxpresso.tools.linux_10.3.0.201811011841/tools/bin/../lib/gcc/arm-none-eabi/7.3.1/../../../../arm-none-eabi/lib/thumb/v7-m/libcr_nohost.a(__sys_remove.o)
 .ARM.attributes
                0x000000000000084c       0x33 /usr/local/mcuxpressoide-10.3.1_2233/ide/plugins/com.nxp.mcuxpresso.tools.linux_10.3.0.201811011841/tools/bin/../lib/gcc/arm-none-eabi/7.3.1/../../../../arm-none-eabi/lib/thumb/v7-m/libcr_nohost.a(__sys_seek.o)
 .ARM.attributes
                0x000000000000087f       0x33 /usr/local/mcuxpressoide-10.3.1_2233/ide/plugins/com.nxp.mcuxpresso.tools.linux_10.3.0.201811011841/tools/bin/../lib/gcc/arm-none-eabi/7.3.1/../../../../arm-none-eabi/lib/thumb/v7-m/libcr_nohost.a(__sys_tmpnam.o)
 .ARM.attributes
                0x00000000000008b2       0x33 /usr/local/mcuxpressoide-10.3.1_2233/ide/plugins/com.nxp.mcuxpresso.tools.linux_10.3.0.201811011841/tools/bin/../lib/gcc/arm-none-eabi/7.3.1/../../../../arm-none-eabi/lib/thumb/v7-m/libcr_nohost.a(__sys_write.o)

.debug_frame    0x0000000000000000     0x1cc4
 .debug_frame   0x0000000000000000       0xb0 ./freertos/src/FreeRTOSCommonHooks.o
 .debug_frame   0x00000000000000b0       0x58 ./freertos/src/heap_3.o
 .debug_frame   0x0000000000000108       0xd8 ./freertos/src/list.o
 .debug_frame   0x00000000000001e0      0x198 ./freertos/src/port.o
 .debug_frame   0x0000000000000378      0x404 ./freertos/src/queue.o
 .debug_frame   0x000000000000077c      0x634 ./freertos/src/tasks.o
 .debug_frame   0x0000000000000db0      0x170 ./example/src/cr_startup_lpc175x_6x.o
 .debug_frame   0x0000000000000f20       0x94 ./example/src/freertos_blinkyRGB_MUTX.o
 .debug_frame   0x0000000000000fb4       0x34 ./example/src/sysinit2.o
 .debug_frame   0x0000000000000fe8      0x58c /home/jpatel/freertos/lpc_board_nxp_lpcxpresso_1769/Debug/liblpc_board_nxp_lpcxpresso_1769.a(board.o)
 .debug_frame   0x0000000000001574       0x8c /home/jpatel/freertos/lpc_board_nxp_lpcxpresso_1769/Debug/liblpc_board_nxp_lpcxpresso_1769.a(board_sysinit.o)
 .debug_frame   0x0000000000001600       0x88 /home/jpatel/freertos/lpc_chip_175x_6x/Debug/liblpc_chip_175x_6x.a(chip_17xx_40xx.o)
 .debug_frame   0x0000000000001688      0x490 /home/jpatel/freertos/lpc_chip_175x_6x/Debug/liblpc_chip_175x_6x.a(clock_17xx_40xx.o)
 .debug_frame   0x0000000000001b18       0x80 /home/jpatel/freertos/lpc_chip_175x_6x/Debug/liblpc_chip_175x_6x.a(iocon_17xx_40xx.o)
 .debug_frame   0x0000000000001b98      0x12c /home/jpatel/freertos/lpc_chip_175x_6x/Debug/liblpc_chip_175x_6x.a(sysinit_17xx_40xx.o)
